Archive member included to satisfy reference by file (symbol)

C:\Users\abdou\Documents\M2 SEM\PFE\Analyse vibratoire\Programmes_mcu\OPAMP_DSP\DSP_Lib\Source\libarm_cortexM4lf_math.a(arm_rfft_fast_init_f32.o)
                              Core/Src/main.o (arm_rfft_fast_init_f32)
C:\Users\abdou\Documents\M2 SEM\PFE\Analyse vibratoire\Programmes_mcu\OPAMP_DSP\DSP_Lib\Source\libarm_cortexM4lf_math.a(arm_rfft_fast_f32.o)
                              Core/Src/main.o (arm_rfft_fast_f32)
C:\Users\abdou\Documents\M2 SEM\PFE\Analyse vibratoire\Programmes_mcu\OPAMP_DSP\DSP_Lib\Source\libarm_cortexM4lf_math.a(arm_cfft_f32.o)
                              C:\Users\abdou\Documents\M2 SEM\PFE\Analyse vibratoire\Programmes_mcu\OPAMP_DSP\DSP_Lib\Source\libarm_cortexM4lf_math.a(arm_rfft_fast_f32.o) (arm_cfft_f32)
C:\Users\abdou\Documents\M2 SEM\PFE\Analyse vibratoire\Programmes_mcu\OPAMP_DSP\DSP_Lib\Source\libarm_cortexM4lf_math.a(arm_common_tables.o)
                              C:\Users\abdou\Documents\M2 SEM\PFE\Analyse vibratoire\Programmes_mcu\OPAMP_DSP\DSP_Lib\Source\libarm_cortexM4lf_math.a(arm_rfft_fast_init_f32.o) (twiddleCoef_rfft_4096)
C:\Users\abdou\Documents\M2 SEM\PFE\Analyse vibratoire\Programmes_mcu\OPAMP_DSP\DSP_Lib\Source\libarm_cortexM4lf_math.a(arm_bitreversal2.o)
                              C:\Users\abdou\Documents\M2 SEM\PFE\Analyse vibratoire\Programmes_mcu\OPAMP_DSP\DSP_Lib\Source\libarm_cortexM4lf_math.a(arm_cfft_f32.o) (arm_bitreversal_32)
C:\Users\abdou\Documents\M2 SEM\PFE\Analyse vibratoire\Programmes_mcu\OPAMP_DSP\DSP_Lib\Source\libarm_cortexM4lf_math.a(arm_cfft_radix8_f32.o)
                              C:\Users\abdou\Documents\M2 SEM\PFE\Analyse vibratoire\Programmes_mcu\OPAMP_DSP\DSP_Lib\Source\libarm_cortexM4lf_math.a(arm_cfft_f32.o) (arm_radix8_butterfly_f32)
c:/st/stm32cubeide_1.3.0/stm32cubeide/plugins/com.st.stm32cube.ide.mcu.externaltools.gnu-tools-for-stm32.7-2018-q2-update.win32_1.5.0.202011040924/tools/bin/../lib/gcc/arm-none-eabi/7.3.1/../../../../arm-none-eabi/lib/thumb/v7e-m/fpv4-sp/hard\libc_nano.a(lib_a-errno.o)
                              Core/Src/syscalls.o (__errno)
c:/st/stm32cubeide_1.3.0/stm32cubeide/plugins/com.st.stm32cube.ide.mcu.externaltools.gnu-tools-for-stm32.7-2018-q2-update.win32_1.5.0.202011040924/tools/bin/../lib/gcc/arm-none-eabi/7.3.1/../../../../arm-none-eabi/lib/thumb/v7e-m/fpv4-sp/hard\libc_nano.a(lib_a-exit.o)
                              c:/st/stm32cubeide_1.3.0/stm32cubeide/plugins/com.st.stm32cube.ide.mcu.externaltools.gnu-tools-for-stm32.7-2018-q2-update.win32_1.5.0.202011040924/tools/bin/../lib/gcc/arm-none-eabi/7.3.1/../../../../arm-none-eabi/lib/thumb/v7e-m/fpv4-sp/hard/crt0.o (exit)
c:/st/stm32cubeide_1.3.0/stm32cubeide/plugins/com.st.stm32cube.ide.mcu.externaltools.gnu-tools-for-stm32.7-2018-q2-update.win32_1.5.0.202011040924/tools/bin/../lib/gcc/arm-none-eabi/7.3.1/../../../../arm-none-eabi/lib/thumb/v7e-m/fpv4-sp/hard\libc_nano.a(lib_a-impure.o)
                              c:/st/stm32cubeide_1.3.0/stm32cubeide/plugins/com.st.stm32cube.ide.mcu.externaltools.gnu-tools-for-stm32.7-2018-q2-update.win32_1.5.0.202011040924/tools/bin/../lib/gcc/arm-none-eabi/7.3.1/../../../../arm-none-eabi/lib/thumb/v7e-m/fpv4-sp/hard\libc_nano.a(lib_a-exit.o) (_global_impure_ptr)
c:/st/stm32cubeide_1.3.0/stm32cubeide/plugins/com.st.stm32cube.ide.mcu.externaltools.gnu-tools-for-stm32.7-2018-q2-update.win32_1.5.0.202011040924/tools/bin/../lib/gcc/arm-none-eabi/7.3.1/../../../../arm-none-eabi/lib/thumb/v7e-m/fpv4-sp/hard\libc_nano.a(lib_a-init.o)
                              c:/st/stm32cubeide_1.3.0/stm32cubeide/plugins/com.st.stm32cube.ide.mcu.externaltools.gnu-tools-for-stm32.7-2018-q2-update.win32_1.5.0.202011040924/tools/bin/../lib/gcc/arm-none-eabi/7.3.1/../../../../arm-none-eabi/lib/thumb/v7e-m/fpv4-sp/hard/crt0.o (__libc_init_array)
c:/st/stm32cubeide_1.3.0/stm32cubeide/plugins/com.st.stm32cube.ide.mcu.externaltools.gnu-tools-for-stm32.7-2018-q2-update.win32_1.5.0.202011040924/tools/bin/../lib/gcc/arm-none-eabi/7.3.1/../../../../arm-none-eabi/lib/thumb/v7e-m/fpv4-sp/hard\libc_nano.a(lib_a-memset.o)
                              c:/st/stm32cubeide_1.3.0/stm32cubeide/plugins/com.st.stm32cube.ide.mcu.externaltools.gnu-tools-for-stm32.7-2018-q2-update.win32_1.5.0.202011040924/tools/bin/../lib/gcc/arm-none-eabi/7.3.1/../../../../arm-none-eabi/lib/thumb/v7e-m/fpv4-sp/hard/crt0.o (memset)
c:/st/stm32cubeide_1.3.0/stm32cubeide/plugins/com.st.stm32cube.ide.mcu.externaltools.gnu-tools-for-stm32.7-2018-q2-update.win32_1.5.0.202011040924/tools/bin/../lib/gcc/arm-none-eabi/7.3.1/../../../../arm-none-eabi/lib/thumb/v7e-m/fpv4-sp/hard\libc_nano.a(lib_a-sprintf.o)
                              Core/Src/main.o (sprintf)
[...]
Memory Configuration

Name             Origin             Length             Attributes
RAM              0x0000000020000000 0x0000000000010000 xrw
FLASH            0x0000000008000000 0x0000000000040000 xr
*default*        0x0000000000000000 0xffffffffffffffff

Linker script and memory map

LOAD c:/st/stm32cubeide_1.3.0/stm32cubeide/plugins/com.st.stm32cube.ide.mcu.externaltools.gnu-tools-for-stm32.7-2018-q2-update.win32_1.5.0.202011040924/tools/bin/../lib/gcc/arm-none-eabi/7.3.1/thumb/v7e-m/fpv4-sp/hard/crti.o
LOAD c:/st/stm32cubeide_1.3.0/stm32cubeide/plugins/com.st.stm32cube.ide.mcu.externaltools.gnu-tools-for-stm32.7-2018-q2-update.win32_1.5.0.202011040924/tools/bin/../lib/gcc/arm-none-eabi/7.3.1/thumb/v7e-m/fpv4-sp/hard/crtbegin.o
LOAD c:/st/stm32cubeide_1.3.0/stm32cubeide/plugins/com.st.stm32cube.ide.mcu.externaltools.gnu-tools-for-stm32.7-2018-q2-update.win32_1.5.0.202011040924/tools/bin/../lib/gcc/arm-none-eabi/7.3.1/../../../../arm-none-eabi/lib/thumb/v7e-m/fpv4-sp/hard/crt0.o
LOAD Core/Src/main.o
LOAD Core/Src/stm32l4xx_hal_msp.o
LOAD Core/Src/stm32l4xx_it.o
LOAD Core/Src/syscalls.o
LOAD Core/Src/sysmem.o
LOAD Core/Src/system_stm32l4xx.o
LOAD Core/Startup/startup_stm32l433cctx.o
LOAD Drivers/STM32L4xx_HAL_Driver/Src/stm32l4xx_hal.o
LOAD Drivers/STM32L4xx_HAL_Driver/Src/stm32l4xx_hal_adc.o
LOAD Drivers/STM32L4xx_HAL_Driver/Src/stm32l4xx_hal_adc_ex.o
LOAD Drivers/STM32L4xx_HAL_Driver/Src/stm32l4xx_hal_cortex.o
LOAD Drivers/STM32L4xx_HAL_Driver/Src/stm32l4xx_hal_dac.o
LOAD Drivers/STM32L4xx_HAL_Driver/Src/stm32l4xx_hal_dac_ex.o
LOAD Drivers/STM32L4xx_HAL_Driver/Src/stm32l4xx_hal_dma.o
LOAD Drivers/STM32L4xx_HAL_Driver/Src/stm32l4xx_hal_dma_ex.o
LOAD Drivers/STM32L4xx_HAL_Driver/Src/stm32l4xx_hal_exti.o
LOAD Drivers/STM32L4xx_HAL_Driver/Src/stm32l4xx_hal_flash.o
LOAD Drivers/STM32L4xx_HAL_Driver/Src/stm32l4xx_hal_flash_ex.o
LOAD Drivers/STM32L4xx_HAL_Driver/Src/stm32l4xx_hal_flash_ramfunc.o
LOAD Drivers/STM32L4xx_HAL_Driver/Src/stm32l4xx_hal_gpio.o
LOAD Drivers/STM32L4xx_HAL_Driver/Src/stm32l4xx_hal_i2c.o
LOAD Drivers/STM32L4xx_HAL_Driver/Src/stm32l4xx_hal_i2c_ex.o
LOAD Drivers/STM32L4xx_HAL_Driver/Src/stm32l4xx_hal_opamp.o
LOAD Drivers/STM32L4xx_HAL_Driver/Src/stm32l4xx_hal_opamp_ex.o
LOAD Drivers/STM32L4xx_HAL_Driver/Src/stm32l4xx_hal_pwr.o
LOAD Drivers/STM32L4xx_HAL_Driver/Src/stm32l4xx_hal_pwr_ex.o
LOAD Drivers/STM32L4xx_HAL_Driver/Src/stm32l4xx_hal_rcc.o
LOAD Drivers/STM32L4xx_HAL_Driver/Src/stm32l4xx_hal_rcc_ex.o
LOAD Drivers/STM32L4xx_HAL_Driver/Src/stm32l4xx_hal_tim.o
LOAD Drivers/STM32L4xx_HAL_Driver/Src/stm32l4xx_hal_tim_ex.o
LOAD Drivers/STM32L4xx_HAL_Driver/Src/stm32l4xx_hal_uart.o
LOAD Drivers/STM32L4xx_HAL_Driver/Src/stm32l4xx_hal_uart_ex.o
LOAD C:\Users\abdou\Documents\M2 SEM\PFE\Analyse vibratoire\Programmes_mcu\OPAMP_DSP\DSP_Lib\Source\libarm_cortexM4lf_math.a
START GROUP
LOAD c:/st/stm32cubeide_1.3.0/stm32cubeide/plugins/com.st.stm32cube.ide.mcu.externaltools.gnu-tools-for-stm32.7-2018-q2-update.win32_1.5.0.202011040924/tools/bin/../lib/gcc/arm-none-eabi/7.3.1/../../../../arm-none-eabi/lib/thumb/v7e-m/fpv4-sp/hard\libc_nano.a
LOAD c:/st/stm32cubeide_1.3.0/stm32cubeide/plugins/com.st.stm32cube.ide.mcu.externaltools.gnu-tools-for-stm32.7-2018-q2-update.win32_1.5.0.202011040924/tools/bin/../lib/gcc/arm-none-eabi/7.3.1/../../../../arm-none-eabi/lib/thumb/v7e-m/fpv4-sp/hard\libm.a
END GROUP
START GROUP
LOAD c:/st/stm32cubeide_1.3.0/stm32cubeide/plugins/com.st.stm32cube.ide.mcu.externaltools.gnu-tools-for-stm32.7-2018-q2-update.win32_1.5.0.202011040924/tools/bin/../lib/gcc/arm-none-eabi/7.3.1/thumb/v7e-m/fpv4-sp/hard\libgcc.a
LOAD c:/st/stm32cubeide_1.3.0/stm32cubeide/plugins/com.st.stm32cube.ide.mcu.externaltools.gnu-tools-for-stm32.7-2018-q2-update.win32_1.5.0.202011040924/tools/bin/../lib/gcc/arm-none-eabi/7.3.1/../../../../arm-none-eabi/lib/thumb/v7e-m/fpv4-sp/hard\libc_nano.a
END GROUP
START GROUP
LOAD c:/st/stm32cubeide_1.3.0/stm32cubeide/plugins/com.st.stm32cube.ide.mcu.externaltools.gnu-tools-for-stm32.7-2018-q2-update.win32_1.5.0.202011040924/tools/bin/../lib/gcc/arm-none-eabi/7.3.1/thumb/v7e-m/fpv4-sp/hard\libgcc.a
LOAD c:/st/stm32cubeide_1.3.0/stm32cubeide/plugins/com.st.stm32cube.ide.mcu.externaltools.gnu-tools-for-stm32.7-2018-q2-update.win32_1.5.0.202011040924/tools/bin/../lib/gcc/arm-none-eabi/7.3.1/../../../../arm-none-eabi/lib/thumb/v7e-m/fpv4-sp/hard\libc_nano.a
LOAD c:/st/stm32cubeide_1.3.0/stm32cubeide/plugins/com.st.stm32cube.ide.mcu.externaltools.gnu-tools-for-stm32.7-2018-q2-update.win32_1.5.0.202011040924/tools/bin/../lib/gcc/arm-none-eabi/7.3.1/../../../../arm-none-eabi/lib/thumb/v7e-m/fpv4-sp/hard\libnosys.a
END GROUP
START GROUP
LOAD c:/st/stm32cubeide_1.3.0/stm32cubeide/plugins/com.st.stm32cube.ide.mcu.externaltools.gnu-tools-for-stm32.7-2018-q2-update.win32_1.5.0.202011040924/tools/bin/../lib/gcc/arm-none-eabi/7.3.1/thumb/v7e-m/fpv4-sp/hard\libgcc.a
LOAD c:/st/stm32cubeide_1.3.0/stm32cubeide/plugins/com.st.stm32cube.ide.mcu.externaltools.gnu-tools-for-stm32.7-2018-q2-update.win32_1.5.0.202011040924/tools/bin/../lib/gcc/arm-none-eabi/7.3.1/../../../../arm-none-eabi/lib/thumb/v7e-m/fpv4-sp/hard\libc_nano.a
LOAD c:/st/stm32cubeide_1.3.0/stm32cubeide/plugins/com.st.stm32cube.ide.mcu.externaltools.gnu-tools-for-stm32.7-2018-q2-update.win32_1.5.0.202011040924/tools/bin/../lib/gcc/arm-none-eabi/7.3.1/../../../../arm-none-eabi/lib/thumb/v7e-m/fpv4-sp/hard\libnosys.a
END GROUP
LOAD c:/st/stm32cubeide_1.3.0/stm32cubeide/plugins/com.st.stm32cube.ide.mcu.externaltools.gnu-tools-for-stm32.7-2018-q2-update.win32_1.5.0.202011040924/tools/bin/../lib/gcc/arm-none-eabi/7.3.1/thumb/v7e-m/fpv4-sp/hard/crtend.o
LOAD c:/st/stm32cubeide_1.3.0/stm32cubeide/plugins/com.st.stm32cube.ide.mcu.externaltools.gnu-tools-for-stm32.7-2018-q2-update.win32_1.5.0.202011040924/tools/bin/../lib/gcc/arm-none-eabi/7.3.1/thumb/v7e-m/fpv4-sp/hard/crtn.o
                0x0000000020010000                _estack = (ORIGIN (RAM) + LENGTH (RAM))
                0x0000000000000200                _Min_Heap_Size = 0x200
                0x0000000000000400                _Min_Stack_Size = 0x400

.isr_vector     0x0000000008000000      0x18c
                0x0000000008000000                . = ALIGN (0x4)
 *(.isr_vector)
 .isr_vector    0x0000000008000000      0x18c Core/Startup/startup_stm32l433cctx.o
                0x0000000008000000                g_pfnVectors
                0x000000000800018c                . = ALIGN (0x4)

.text           0x0000000008000190     0x546c
                0x0000000008000190                . = ALIGN (0x4)
 *(.text)
 .text          0x0000000008000190       0x40 c:/st/stm32cubeide_1.3.0/stm32cubeide/plugins/com.st.stm32cube.ide.mcu.externaltools.gnu-tools-for-stm32.7-2018-q2-update.win32_1.5.0.202011040924/tools/bin/../lib/gcc/arm-none-eabi/7.3.1/thumb/v7e-m/fpv4-sp/hard/crtbegin.o
 .text          0x00000000080001d0       0xc0 C:\Users\abdou\Documents\M2 SEM\PFE\Analyse vibratoire\Programmes_mcu\OPAMP_DSP\DSP_Lib\Source\libarm_cortexM4lf_math.a(arm_bitreversal2.o)
                0x00000000080001d0                arm_bitreversal_32
                0x000000000800023a                arm_bitreversal_16
 .text          0x0000000008000290       0x10 c:/st/stm32cubeide_1.3.0/stm32cubeide/plugins/com.st.stm32cube.ide.mcu.externaltools.gnu-tools-for-stm32.7-2018-q2-update.win32_1.5.0.202011040924/tools/bin/../lib/gcc/arm-none-eabi/7.3.1/../../../../arm-none-eabi/lib/thumb/v7e-m/fpv4-sp/hard\libc_nano.a(lib_a-strlen.o)
                0x0000000008000290                strlen
 .text          0x00000000080002a0       0xa0 c:/st/stm32cubeide_1.3.0/stm32cubeide/plugins/com.st.stm32cube.ide.mcu.externaltools.gnu-tools-for-stm32.7-2018-q2-update.win32_1.5.0.202011040924/tools/bin/../lib/gcc/arm-none-eabi/7.3.1/../../../../arm-none-eabi/lib/thumb/v7e-m/fpv4-sp/hard\libc_nano.a(lib_a-memchr.o)
                0x00000000080002a0                memchr
 .text          0x0000000008000340      0x378 c:/st/stm32cubeide_1.3.0/stm32cubeide/plugins/com.st.stm32cube.ide.mcu.externaltools.gnu-tools-for-stm32.7-2018-q2-update.win32_1.5.0.202011040924/tools/bin/../lib/gcc/arm-none-eabi/7.3.1/thumb/v7e-m/fpv4-sp/hard\libgcc.a(_arm_addsubdf3.o)
                0x0000000008000340                __aeabi_drsub
                0x0000000008000348                __aeabi_dsub
                0x0000000008000348                __subdf3
                0x000000000800034c                __aeabi_dadd
                0x000000000800034c                __adddf3
                0x00000000080005c4                __floatunsidf
                0x00000000080005c4                __aeabi_ui2d
                0x00000000080005e4                __floatsidf
                0x00000000080005e4                __aeabi_i2d
                0x0000000008000608                __aeabi_f2d
                0x0000000008000608                __extendsfdf2
                0x000000000800064c                __floatundidf
                0x000000000800064c                __aeabi_ul2d
                0x000000000800065c                __floatdidf
                0x000000000800065c                __aeabi_l2d
 .text          0x00000000080006b8      0x424 c:/st/stm32cubeide_1.3.0/stm32cubeide/plugins/com.st.stm32cube.ide.mcu.externaltools.gnu-tools-for-stm32.7-2018-q2-update.win32_1.5.0.202011040924/tools/bin/../lib/gcc/arm-none-eabi/7.3.1/thumb/v7e-m/fpv4-sp/hard\libgcc.a(_arm_muldivdf3.o)
                0x00000000080006b8                __aeabi_dmul
                0x00000000080006b8                __muldf3
                0x000000000800090c                __divdf3
                0x000000000800090c                __aeabi_ddiv
 .text          0x0000000008000adc       0xa0 c:/st/stm32cubeide_1.3.0/stm32cubeide/plugins/com.st.stm32cube.ide.mcu.externaltools.gnu-tools-for-stm32.7-2018-q2-update.win32_1.5.0.202011040924/tools/bin/../lib/gcc/arm-none-eabi/7.3.1/thumb/v7e-m/fpv4-sp/hard\libgcc.a(_arm_truncdfsf2.o)
                0x0000000008000adc                __truncdfsf2
                0x0000000008000adc                __aeabi_d2f
 .text          0x0000000008000b7c       0x30 c:/st/stm32cubeide_1.3.0/stm32cubeide/plugins/com.st.stm32cube.ide.mcu.externaltools.gnu-tools-for-stm32.7-2018-q2-update.win32_1.5.0.202011040924/tools/bin/../lib/gcc/arm-none-eabi/7.3.1/thumb/v7e-m/fpv4-sp/hard\libgcc.a(_aeabi_uldivmod.o)
                0x0000000008000b7c                __aeabi_uldivmod
 .text          0x0000000008000bac      0x2cc c:/st/stm32cubeide_1.3.0/stm32cubeide/plugins/com.st.stm32cube.ide.mcu.externaltools.gnu-tools-for-stm32.7-2018-q2-update.win32_1.5.0.202011040924/tools/bin/../lib/gcc/arm-none-eabi/7.3.1/thumb/v7e-m/fpv4-sp/hard\libgcc.a(_udivmoddi4.o)
                0x0000000008000bac                __udivmoddi4
 .text          0x0000000008000e78        0x4 c:/st/stm32cubeide_1.3.0/stm32cubeide/plugins/com.st.stm32cube.ide.mcu.externaltools.gnu-tools-for-stm32.7-2018-q2-update.win32_1.5.0.202011040924/tools/bin/../lib/gcc/arm-none-eabi/7.3.1/thumb/v7e-m/fpv4-sp/hard\libgcc.a(_dvmd_tls.o)
                0x0000000008000e78                __aeabi_idiv0
                0x0000000008000e78                __aeabi_ldiv0
 *(.text*)
 .text.SystemClock_Config
                0x0000000008000e7c       0xa8 Core/Src/main.o
                0x0000000008000e7c                SystemClock_Config
 .text.complexABS
                0x0000000008000f24       0x10 Core/Src/main.o
                0x0000000008000f24                complexABS
 .text.DoFFT    0x0000000008000f34       0x74 Core/Src/main.o
                0x0000000008000f34                DoFFT
 .text.startup.main
                0x0000000008000fa8      0x33c Core/Src/main.o
                0x0000000008000fa8                main
 .text.HAL_ADC_ConvCpltCallback
                0x00000000080012e4        0xc Core/Src/main.o
                0x00000000080012e4                HAL_ADC_ConvCpltCallback
 .text.Error_Handler
                0x00000000080012f0        0x4 Core/Src/main.o
                0x00000000080012f0                Error_Handler
 .text.HAL_MspInit
                0x00000000080012f4       0x30 Core/Src/stm32l4xx_hal_msp.o
                0x00000000080012f4                HAL_MspInit
 .text.HAL_ADC_MspInit
                0x0000000008001324       0x68 Core/Src/stm32l4xx_hal_msp.o
                0x0000000008001324                HAL_ADC_MspInit
 .text.HAL_DAC_MspInit
                0x000000000800138c       0x5c Core/Src/stm32l4xx_hal_msp.o
                0x000000000800138c                HAL_DAC_MspInit
 .text.HAL_OPAMP_MspInit
                0x00000000080013e8       0x5c Core/Src/stm32l4xx_hal_msp.o
                0x00000000080013e8                HAL_OPAMP_MspInit
 .text.HAL_TIM_Base_MspInit
                0x0000000008001444       0x28 Core/Src/stm32l4xx_hal_msp.o
                0x0000000008001444                HAL_TIM_Base_MspInit
 .text.HAL_UART_MspInit
                0x000000000800146c       0x64 Core/Src/stm32l4xx_hal_msp.o
                0x000000000800146c                HAL_UART_MspInit
 .text.NMI_Handler
                0x00000000080014d0        0x2 Core/Src/stm32l4xx_it.o
                0x00000000080014d0                NMI_Handler
 .text.HardFault_Handler
                0x00000000080014d2        0x2 Core/Src/stm32l4xx_it.o
                0x00000000080014d2                HardFault_Handler
 .text.MemManage_Handler
                0x00000000080014d4        0x2 Core/Src/stm32l4xx_it.o
                0x00000000080014d4                MemManage_Handler
 .text.BusFault_Handler
                0x00000000080014d6        0x2 Core/Src/stm32l4xx_it.o
                0x00000000080014d6                BusFault_Handler
 .text.UsageFault_Handler
                0x00000000080014d8        0x2 Core/Src/stm32l4xx_it.o
                0x00000000080014d8                UsageFault_Handler
 .text.SVC_Handler
                0x00000000080014da        0x2 Core/Src/stm32l4xx_it.o
                0x00000000080014da                SVC_Handler
 .text.DebugMon_Handler
                0x00000000080014dc        0x2 Core/Src/stm32l4xx_it.o
                0x00000000080014dc                DebugMon_Handler
 .text.PendSV_Handler
                0x00000000080014de        0x2 Core/Src/stm32l4xx_it.o
                0x00000000080014de                PendSV_Handler
 .text.SysTick_Handler
                0x00000000080014e0        0x4 Core/Src/stm32l4xx_it.o
                0x00000000080014e0                SysTick_Handler
 .text.DMA1_Channel1_IRQHandler
                0x00000000080014e4        0xc Core/Src/stm32l4xx_it.o
                0x00000000080014e4                DMA1_Channel1_IRQHandler
 .text._sbrk    0x00000000080014f0       0x40 Core/Src/sysmem.o
                0x00000000080014f0                _sbrk
 .text.SystemInit
                0x0000000008001530       0x48 Core/Src/system_stm32l4xx.o
                0x0000000008001530                SystemInit
 .text.Reset_Handler
                0x0000000008001578       0x50 Core/Startup/startup_stm32l433cctx.o
                0x0000000008001578                Reset_Handler
 .text.Default_Handler
                0x00000000080015c8        0x2 Core/Startup/startup_stm32l433cctx.o
                0x00000000080015c8                RTC_Alarm_IRQHandler
                0x00000000080015c8                EXTI2_IRQHandler
                0x00000000080015c8                TIM1_CC_IRQHandler
                0x00000000080015c8                TSC_IRQHandler
                0x00000000080015c8                TAMP_STAMP_IRQHandler
                0x00000000080015c8                EXTI3_IRQHandler
                0x00000000080015c8                LPTIM2_IRQHandler
                0x00000000080015c8                I2C3_ER_IRQHandler
                0x00000000080015c8                EXTI0_IRQHandler
                0x00000000080015c8                I2C2_EV_IRQHandler
                0x00000000080015c8                CAN1_RX0_IRQHandler
                0x00000000080015c8                FPU_IRQHandler
                0x00000000080015c8                TIM1_UP_TIM16_IRQHandler
                0x00000000080015c8                SPI1_IRQHandler
                0x00000000080015c8                TIM6_DAC_IRQHandler
                0x00000000080015c8                DMA2_Channel2_IRQHandler
                0x00000000080015c8                DMA1_Channel4_IRQHandler
                0x00000000080015c8                ADC1_IRQHandler
                0x00000000080015c8                USART3_IRQHandler
                0x00000000080015c8                DMA1_Channel7_IRQHandler
                0x00000000080015c8                CAN1_RX1_IRQHandler
                0x00000000080015c8                LCD_IRQHandler
                0x00000000080015c8                DMA2_Channel1_IRQHandler
                0x00000000080015c8                QUADSPI_IRQHandler
                0x00000000080015c8                I2C1_EV_IRQHandler
                0x00000000080015c8                DMA1_Channel6_IRQHandler
                0x00000000080015c8                DMA2_Channel4_IRQHandler
                0x00000000080015c8                RCC_IRQHandler
                0x00000000080015c8                TIM1_TRG_COM_IRQHandler
                0x00000000080015c8                Default_Handler
                0x00000000080015c8                DMA2_Channel7_IRQHandler
                0x00000000080015c8                EXTI15_10_IRQHandler
                0x00000000080015c8                TIM7_IRQHandler
                0x00000000080015c8                SDMMC1_IRQHandler
                0x00000000080015c8                I2C3_EV_IRQHandler
                0x00000000080015c8                USB_IRQHandler
                0x00000000080015c8                EXTI9_5_IRQHandler
                0x00000000080015c8                RTC_WKUP_IRQHandler
                0x00000000080015c8                PVD_PVM_IRQHandler
                0x00000000080015c8                SPI2_IRQHandler
                0x00000000080015c8                CAN1_TX_IRQHandler
                0x00000000080015c8                DMA2_Channel5_IRQHandler
                0x00000000080015c8                CRS_IRQHandler
                0x00000000080015c8                DMA1_Channel5_IRQHandler
                0x00000000080015c8                EXTI4_IRQHandler
                0x00000000080015c8                RNG_IRQHandler
                0x00000000080015c8                DMA1_Channel3_IRQHandler
                0x00000000080015c8                COMP_IRQHandler
                0x00000000080015c8                WWDG_IRQHandler
                0x00000000080015c8                LPUART1_IRQHandler
                0x00000000080015c8                DMA2_Channel6_IRQHandler
                0x00000000080015c8                TIM2_IRQHandler
                0x00000000080015c8                EXTI1_IRQHandler
                0x00000000080015c8                USART2_IRQHandler
                0x00000000080015c8                I2C2_ER_IRQHandler
                0x00000000080015c8                DMA1_Channel2_IRQHandler
                0x00000000080015c8                CAN1_SCE_IRQHandler
                0x00000000080015c8                FLASH_IRQHandler
                0x00000000080015c8                USART1_IRQHandler
                0x00000000080015c8                SPI3_IRQHandler
                0x00000000080015c8                I2C1_ER_IRQHandler
                0x00000000080015c8                SWPMI1_IRQHandler
                0x00000000080015c8                LPTIM1_IRQHandler
                0x00000000080015c8                SAI1_IRQHandler
                0x00000000080015c8                DMA2_Channel3_IRQHandler
                0x00000000080015c8                TIM1_BRK_TIM15_IRQHandler
 *fill*         0x00000000080015ca        0x2 
 .text.HAL_InitTick
                0x00000000080015cc       0x4c Drivers/STM32L4xx_HAL_Driver/Src/stm32l4xx_hal.o
                0x00000000080015cc                HAL_InitTick
 .text.HAL_Init
                0x0000000008001618       0x1e Drivers/STM32L4xx_HAL_Driver/Src/stm32l4xx_hal.o
                0x0000000008001618                HAL_Init
 *fill*         0x0000000008001636        0x2 
 .text.HAL_IncTick
                0x0000000008001638       0x18 Drivers/STM32L4xx_HAL_Driver/Src/stm32l4xx_hal.o
                0x0000000008001638                HAL_IncTick
 .text.HAL_GetTick
                0x0000000008001650        0xc Drivers/STM32L4xx_HAL_Driver/Src/stm32l4xx_hal.o
                0x0000000008001650                HAL_GetTick
 .text.HAL_Delay
                0x000000000800165c       0x28 Drivers/STM32L4xx_HAL_Driver/Src/stm32l4xx_hal.o
                0x000000000800165c                HAL_Delay
 .text.LL_ADC_SetChannelSamplingTime
                0x0000000008001684       0x22 Drivers/STM32L4xx_HAL_Driver/Src/stm32l4xx_hal_adc.o
 .text.LL_ADC_REG_IsConversionOngoing
                0x00000000080016a6        0x8 Drivers/STM32L4xx_HAL_Driver/Src/stm32l4xx_hal_adc.o
 *fill*         0x00000000080016ae        0x2 
 .text.HAL_ADC_Init
                0x00000000080016b0      0x19c Drivers/STM32L4xx_HAL_Driver/Src/stm32l4xx_hal_adc.o
                0x00000000080016b0                HAL_ADC_Init
 .text.HAL_ADC_ConvHalfCpltCallback
                0x000000000800184c        0x2 Drivers/STM32L4xx_HAL_Driver/Src/stm32l4xx_hal_adc.o
                0x000000000800184c                HAL_ADC_ConvHalfCpltCallback
 .text.ADC_DMAHalfConvCplt
                0x000000000800184e        0xa Drivers/STM32L4xx_HAL_Driver/Src/stm32l4xx_hal_adc.o
                0x000000000800184e                ADC_DMAHalfConvCplt
 .text.HAL_ADC_ErrorCallback
                0x0000000008001858        0x2 Drivers/STM32L4xx_HAL_Driver/Src/stm32l4xx_hal_adc.o
                0x0000000008001858                HAL_ADC_ErrorCallback
 .text.ADC_DMAConvCplt
                0x000000000800185a       0x68 Drivers/STM32L4xx_HAL_Driver/Src/stm32l4xx_hal_adc.o
                0x000000000800185a                ADC_DMAConvCplt
 .text.ADC_DMAError
                0x00000000080018c2       0x1a Drivers/STM32L4xx_HAL_Driver/Src/stm32l4xx_hal_adc.o
                0x00000000080018c2                ADC_DMAError
 .text.HAL_ADC_ConfigChannel
                0x00000000080018dc      0x398 Drivers/STM32L4xx_HAL_Driver/Src/stm32l4xx_hal_adc.o
                0x00000000080018dc                HAL_ADC_ConfigChannel
 .text.ADC_Enable
                0x0000000008001c74       0x6c Drivers/STM32L4xx_HAL_Driver/Src/stm32l4xx_hal_adc.o
                0x0000000008001c74                ADC_Enable
 .text.HAL_ADC_Start_DMA
                0x0000000008001ce0       0xac Drivers/STM32L4xx_HAL_Driver/Src/stm32l4xx_hal_adc.o
                0x0000000008001ce0                HAL_ADC_Start_DMA
 .text.ADC_Disable
                0x0000000008001d8c       0x64 Drivers/STM32L4xx_HAL_Driver/Src/stm32l4xx_hal_adc.o
                0x0000000008001d8c                ADC_Disable
 .text.HAL_ADCEx_Calibration_Start
                0x0000000008001df0       0x98 Drivers/STM32L4xx_HAL_Driver/Src/stm32l4xx_hal_adc_ex.o
                0x0000000008001df0                HAL_ADCEx_Calibration_Start
 .text.HAL_NVIC_SetPriorityGrouping
                0x0000000008001e88       0x24 Drivers/STM32L4xx_HAL_Driver/Src/stm32l4xx_hal_cortex.o
                0x0000000008001e88                HAL_NVIC_SetPriorityGrouping
 .text.HAL_NVIC_SetPriority
                0x0000000008001eac       0x68 Drivers/STM32L4xx_HAL_Driver/Src/stm32l4xx_hal_cortex.o
                0x0000000008001eac                HAL_NVIC_SetPriority
 .text.HAL_NVIC_EnableIRQ
                0x0000000008001f14       0x1c Drivers/STM32L4xx_HAL_Driver/Src/stm32l4xx_hal_cortex.o
                0x0000000008001f14                HAL_NVIC_EnableIRQ
 .text.HAL_SYSTICK_Config
                0x0000000008001f30       0x2c Drivers/STM32L4xx_HAL_Driver/Src/stm32l4xx_hal_cortex.o
                0x0000000008001f30                HAL_SYSTICK_Config
 .text.HAL_DAC_Init
                0x0000000008001f5c       0x26 Drivers/STM32L4xx_HAL_Driver/Src/stm32l4xx_hal_dac.o
                0x0000000008001f5c                HAL_DAC_Init
 .text.HAL_DAC_Start
                0x0000000008001f82       0x52 Drivers/STM32L4xx_HAL_Driver/Src/stm32l4xx_hal_dac.o
                0x0000000008001f82                HAL_DAC_Start
 .text.HAL_DAC_SetValue
                0x0000000008001fd4       0x24 Drivers/STM32L4xx_HAL_Driver/Src/stm32l4xx_hal_dac.o
                0x0000000008001fd4                HAL_DAC_SetValue
 .text.HAL_DAC_ConfigChannel
                0x0000000008001ff8      0x114 Drivers/STM32L4xx_HAL_Driver/Src/stm32l4xx_hal_dac.o
                0x0000000008001ff8                HAL_DAC_ConfigChannel
 .text.HAL_DMA_Init
                0x000000000800210c       0xd4 Drivers/STM32L4xx_HAL_Driver/Src/stm32l4xx_hal_dma.o
                0x000000000800210c                HAL_DMA_Init
 .text.HAL_DMA_Start_IT
                0x00000000080021e0       0x80 Drivers/STM32L4xx_HAL_Driver/Src/stm32l4xx_hal_dma.o
                0x00000000080021e0                HAL_DMA_Start_IT
 .text.HAL_DMA_IRQHandler
                0x0000000008002260       0x94 Drivers/STM32L4xx_HAL_Driver/Src/stm32l4xx_hal_dma.o
                0x0000000008002260                HAL_DMA_IRQHandler
 .text.HAL_GPIO_Init
                0x00000000080022f4      0x18c Drivers/STM32L4xx_HAL_Driver/Src/stm32l4xx_hal_gpio.o
                0x00000000080022f4                HAL_GPIO_Init
 .text.HAL_OPAMP_Init
                0x0000000008002480       0xf4 Drivers/STM32L4xx_HAL_Driver/Src/stm32l4xx_hal_opamp.o
                0x0000000008002480                HAL_OPAMP_Init
 .text.HAL_OPAMP_Start
                0x0000000008002574       0x2a Drivers/STM32L4xx_HAL_Driver/Src/stm32l4xx_hal_opamp.o
                0x0000000008002574                HAL_OPAMP_Start
 *fill*         0x000000000800259e        0x2 
 .text.HAL_PWREx_GetVoltageRange
                0x00000000080025a0       0x10 Drivers/STM32L4xx_HAL_Driver/Src/stm32l4xx_hal_pwr_ex.o
                0x00000000080025a0                HAL_PWREx_GetVoltageRange
 .text.HAL_PWREx_ControlVoltageScaling
                0x00000000080025b0       0x6c Drivers/STM32L4xx_HAL_Driver/Src/stm32l4xx_hal_pwr_ex.o
                0x00000000080025b0                HAL_PWREx_ControlVoltageScaling
 .text.RCC_SetFlashLatencyFromMSIRange
                0x000000000800261c       0x84 Drivers/STM32L4xx_HAL_Driver/Src/stm32l4xx_hal_rcc.o
 .text.HAL_RCC_GetSysClockFreq
                0x00000000080026a0       0x9c Drivers/STM32L4xx_HAL_Driver/Src/stm32l4xx_hal_rcc.o
                0x00000000080026a0                HAL_RCC_GetSysClockFreq
 .text.HAL_RCC_OscConfig
                0x000000000800273c      0x554 Drivers/STM32L4xx_HAL_Driver/Src/stm32l4xx_hal_rcc.o
                0x000000000800273c                HAL_RCC_OscConfig
 .text.HAL_RCC_ClockConfig
                0x0000000008002c90      0x128 Drivers/STM32L4xx_HAL_Driver/Src/stm32l4xx_hal_rcc.o
                0x0000000008002c90                HAL_RCC_ClockConfig
 .text.HAL_RCC_GetPCLK1Freq
                0x0000000008002db8       0x24 Drivers/STM32L4xx_HAL_Driver/Src/stm32l4xx_hal_rcc.o
                0x0000000008002db8                HAL_RCC_GetPCLK1Freq
 .text.HAL_RCC_GetPCLK2Freq
                0x0000000008002ddc       0x24 Drivers/STM32L4xx_HAL_Driver/Src/stm32l4xx_hal_rcc.o
                0x0000000008002ddc                HAL_RCC_GetPCLK2Freq
 .text.RCCEx_PLLSAI1_Config
                0x0000000008002e00      0x114 Drivers/STM32L4xx_HAL_Driver/Src/stm32l4xx_hal_rcc_ex.o
 .text.HAL_RCCEx_PeriphCLKConfig
                0x0000000008002f14      0x2ec Drivers/STM32L4xx_HAL_Driver/Src/stm32l4xx_hal_rcc_ex.o
                0x0000000008002f14                HAL_RCCEx_PeriphCLKConfig
 .text.HAL_TIM_Base_Start
                0x0000000008003200       0x4c Drivers/STM32L4xx_HAL_Driver/Src/stm32l4xx_hal_tim.o
                0x0000000008003200                HAL_TIM_Base_Start
 .text.TIM_Base_SetConfig
                0x000000000800324c       0x74 Drivers/STM32L4xx_HAL_Driver/Src/stm32l4xx_hal_tim.o
                0x000000000800324c                TIM_Base_SetConfig
 .text.HAL_TIM_Base_Init
                0x00000000080032c0       0x60 Drivers/STM32L4xx_HAL_Driver/Src/stm32l4xx_hal_tim.o
                0x00000000080032c0                HAL_TIM_Base_Init
 .text.TIM_ETR_SetConfig
                0x0000000008003320       0x14 Drivers/STM32L4xx_HAL_Driver/Src/stm32l4xx_hal_tim.o
                0x0000000008003320                TIM_ETR_SetConfig
 .text.HAL_TIM_ConfigClockSource
                0x0000000008003334      0x128 Drivers/STM32L4xx_HAL_Driver/Src/stm32l4xx_hal_tim.o
                0x0000000008003334                HAL_TIM_ConfigClockSource
 .text.HAL_TIMEx_MasterConfigSynchronization
                0x000000000800345c       0x68 Drivers/STM32L4xx_HAL_Driver/Src/stm32l4xx_hal_tim_ex.o
                0x000000000800345c                HAL_TIMEx_MasterConfigSynchronization
 .text.UART_SetConfig
                0x00000000080034c4      0x230 Drivers/STM32L4xx_HAL_Driver/Src/stm32l4xx_hal_uart.o
                0x00000000080034c4                UART_SetConfig
 .text.UART_AdvFeatureConfig
                0x00000000080036f4       0xa8 Drivers/STM32L4xx_HAL_Driver/Src/stm32l4xx_hal_uart.o
                0x00000000080036f4                UART_AdvFeatureConfig
 .text.UART_WaitOnFlagUntilTimeout
                0x000000000800379c       0x84 Drivers/STM32L4xx_HAL_Driver/Src/stm32l4xx_hal_uart.o
                0x000000000800379c                UART_WaitOnFlagUntilTimeout
 .text.HAL_UART_Transmit
                0x0000000008003820       0xb0 Drivers/STM32L4xx_HAL_Driver/Src/stm32l4xx_hal_uart.o
                0x0000000008003820                HAL_UART_Transmit
 .text.UART_CheckIdleState
                0x00000000080038d0       0x60 Drivers/STM32L4xx_HAL_Driver/Src/stm32l4xx_hal_uart.o
                0x00000000080038d0                UART_CheckIdleState
 .text.HAL_UART_Init
                0x0000000008003930       0x5c Drivers/STM32L4xx_HAL_Driver/Src/stm32l4xx_hal_uart.o
                0x0000000008003930                HAL_UART_Init
 .text.arm_rfft_fast_init_f32
                0x000000000800398c      0x108 C:\Users\abdou\Documents\M2 SEM\PFE\Analyse vibratoire\Programmes_mcu\OPAMP_DSP\DSP_Lib\Source\libarm_cortexM4lf_math.a(arm_rfft_fast_init_f32.o)
                0x000000000800398c                arm_rfft_fast_init_f32
 .text.arm_rfft_fast_f32
                0x0000000008003a94      0x188 C:\Users\abdou\Documents\M2 SEM\PFE\Analyse vibratoire\Programmes_mcu\OPAMP_DSP\DSP_Lib\Source\libarm_cortexM4lf_math.a(arm_rfft_fast_f32.o)
                0x0000000008003a94                arm_rfft_fast_f32
 .text.arm_cfft_radix8by2_f32
                0x0000000008003c1c      0x1a4 C:\Users\abdou\Documents\M2 SEM\PFE\Analyse vibratoire\Programmes_mcu\OPAMP_DSP\DSP_Lib\Source\libarm_cortexM4lf_math.a(arm_cfft_f32.o)
                0x0000000008003c1c                arm_cfft_radix8by2_f32
 .text.arm_cfft_radix8by4_f32
                0x0000000008003dc0      0x4bc C:\Users\abdou\Documents\M2 SEM\PFE\Analyse vibratoire\Programmes_mcu\OPAMP_DSP\DSP_Lib\Source\libarm_cortexM4lf_math.a(arm_cfft_f32.o)
                0x0000000008003dc0                arm_cfft_radix8by4_f32
 .text.arm_cfft_f32
                0x000000000800427c       0xf4 C:\Users\abdou\Documents\M2 SEM\PFE\Analyse vibratoire\Programmes_mcu\OPAMP_DSP\DSP_Lib\Source\libarm_cortexM4lf_math.a(arm_cfft_f32.o)
                0x000000000800427c                arm_cfft_f32
 .text.arm_radix8_butterfly_f32
                0x0000000008004370      0x5c4 C:\Users\abdou\Documents\M2 SEM\PFE\Analyse vibratoire\Programmes_mcu\OPAMP_DSP\DSP_Lib\Source\libarm_cortexM4lf_math.a(arm_cfft_radix8_f32.o)
                0x0000000008004370                arm_radix8_butterfly_f32
 .text.__errno  0x0000000008004934        0xc c:/st/stm32cubeide_1.3.0/stm32cubeide/plugins/com.st.stm32cube.ide.mcu.externaltools.gnu-tools-for-stm32.7-2018-q2-update.win32_1.5.0.202011040924/tools/bin/../lib/gcc/arm-none-eabi/7.3.1/../../../../arm-none-eabi/lib/thumb/v7e-m/fpv4-sp/hard\libc_nano.a(lib_a-errno.o)
                0x0000000008004934                __errno
 .text.__libc_init_array
                0x0000000008004940       0x48 c:/st/stm32cubeide_1.3.0/stm32cubeide/plugins/com.st.stm32cube.ide.mcu.externaltools.gnu-tools-for-stm32.7-2018-q2-update.win32_1.5.0.202011040924/tools/bin/../lib/gcc/arm-none-eabi/7.3.1/../../../../arm-none-eabi/lib/thumb/v7e-m/fpv4-sp/hard\libc_nano.a(lib_a-init.o)
                0x0000000008004940                __libc_init_array
 .text.memset   0x0000000008004988       0x10 c:/st/stm32cubeide_1.3.0/stm32cubeide/plugins/com.st.stm32cube.ide.mcu.externaltools.gnu-tools-for-stm32.7-2018-q2-update.win32_1.5.0.202011040924/tools/bin/../lib/gcc/arm-none-eabi/7.3.1/../../../../arm-none-eabi/lib/thumb/v7e-m/fpv4-sp/hard\libc_nano.a(lib_a-memset.o)
                0x0000000008004988                memset
 .text.sprintf  0x0000000008004998       0x40 c:/st/stm32cubeide_1.3.0/stm32cubeide/plugins/com.st.stm32cube.ide.mcu.externaltools.gnu-tools-for-stm32.7-2018-q2-update.win32_1.5.0.202011040924/tools/bin/../lib/gcc/arm-none-eabi/7.3.1/../../../../arm-none-eabi/lib/thumb/v7e-m/fpv4-sp/hard\libc_nano.a(lib_a-sprintf.o)
                0x0000000008004998                siprintf
                0x0000000008004998                sprintf
 .text.strcpy   0x00000000080049d8       0x10 c:/st/stm32cubeide_1.3.0/stm32cubeide/plugins/com.st.stm32cube.ide.mcu.externaltools.gnu-tools-for-stm32.7-2018-q2-update.win32_1.5.0.202011040924/tools/bin/../lib/gcc/arm-none-eabi/7.3.1/../../../../arm-none-eabi/lib/thumb/v7e-m/fpv4-sp/hard\libc_nano.a(lib_a-strcpy.o)
                0x00000000080049d8                strcpy
 .text.__ssputs_r
                0x00000000080049e8       0xb4 c:/st/stm32cubeide_1.3.0/stm32cubeide/plugins/com.st.stm32cube.ide.mcu.externaltools.gnu-tools-for-stm32.7-2018-q2-update.win32_1.5.0.202011040924/tools/bin/../lib/gcc/arm-none-eabi/7.3.1/../../../../arm-none-eabi/lib/thumb/v7e-m/fpv4-sp/hard\libc_nano.a(lib_a-nano-svfprintf.o)
                0x00000000080049e8                __ssputs_r
 .text._svfprintf_r
                0x0000000008004a9c      0x1f0 c:/st/stm32cubeide_1.3.0/stm32cubeide/plugins/com.st.stm32cube.ide.mcu.externaltools.gnu-tools-for-stm32.7-2018-q2-update.win32_1.5.0.202011040924/tools/bin/../lib/gcc/arm-none-eabi/7.3.1/../../../../arm-none-eabi/lib/thumb/v7e-m/fpv4-sp/hard\libc_nano.a(lib_a-nano-svfprintf.o)
                0x0000000008004a9c                _svfiprintf_r
                0x0000000008004a9c                _svfprintf_r
 .text._printf_common
                0x0000000008004c8c       0xea c:/st/stm32cubeide_1.3.0/stm32cubeide/plugins/com.st.stm32cube.ide.mcu.externaltools.gnu-tools-for-stm32.7-2018-q2-update.win32_1.5.0.202011040924/tools/bin/../lib/gcc/arm-none-eabi/7.3.1/../../../../arm-none-eabi/lib/thumb/v7e-m/fpv4-sp/hard\libc_nano.a(lib_a-nano-vfprintf_i.o)
                0x0000000008004c8c                _printf_common
 *fill*         0x0000000008004d76        0x2 
 .text._printf_i
                0x0000000008004d78      0x224 c:/st/stm32cubeide_1.3.0/stm32cubeide/plugins/com.st.stm32cube.ide.mcu.externaltools.gnu-tools-for-stm32.7-2018-q2-update.win32_1.5.0.202011040924/tools/bin/../lib/gcc/arm-none-eabi/7.3.1/../../../../arm-none-eabi/lib/thumb/v7e-m/fpv4-sp/hard\libc_nano.a(lib_a-nano-vfprintf_i.o)
                0x0000000008004d78                _printf_i
 .text.memcpy   0x0000000008004f9c       0x16 c:/st/stm32cubeide_1.3.0/stm32cubeide/plugins/com.st.stm32cube.ide.mcu.externaltools.gnu-tools-for-stm32.7-2018-q2-update.win32_1.5.0.202011040924/tools/bin/../lib/gcc/arm-none-eabi/7.3.1/../../../../arm-none-eabi/lib/thumb/v7e-m/fpv4-sp/hard\libc_nano.a(lib_a-memcpy-stub.o)
                0x0000000008004f9c                memcpy
 .text.memmove  0x0000000008004fb2       0x32 c:/st/stm32cubeide_1.3.0/stm32cubeide/plugins/com.st.stm32cube.ide.mcu.externaltools.gnu-tools-for-stm32.7-2018-q2-update.win32_1.5.0.202011040924/tools/bin/../lib/gcc/arm-none-eabi/7.3.1/../../../../arm-none-eabi/lib/thumb/v7e-m/fpv4-sp/hard\libc_nano.a(lib_a-memmove.o)
                0x0000000008004fb2                memmove
 .text._free_r  0x0000000008004fe4       0x9c c:/st/stm32cubeide_1.3.0/stm32cubeide/plugins/com.st.stm32cube.ide.mcu.externaltools.gnu-tools-for-stm32.7-2018-q2-update.win32_1.5.0.202011040924/tools/bin/../lib/gcc/arm-none-eabi/7.3.1/../../../../arm-none-eabi/lib/thumb/v7e-m/fpv4-sp/hard\libc_nano.a(lib_a-nano-freer.o)
                0x0000000008004fe4                _free_r
 .text._malloc_r
                0x0000000008005080       0xb4 c:/st/stm32cubeide_1.3.0/stm32cubeide/plugins/com.st.stm32cube.ide.mcu.externaltools.gnu-tools-for-stm32.7-2018-q2-update.win32_1.5.0.202011040924/tools/bin/../lib/gcc/arm-none-eabi/7.3.1/../../../../arm-none-eabi/lib/thumb/v7e-m/fpv4-sp/hard\libc_nano.a(lib_a-nano-mallocr.o)
                0x0000000008005080                _malloc_r
 .text._realloc_r
                0x0000000008005134       0x4c c:/st/stm32cubeide_1.3.0/stm32cubeide/plugins/com.st.stm32cube.ide.mcu.externaltools.gnu-tools-for-stm32.7-2018-q2-update.win32_1.5.0.202011040924/tools/bin/../lib/gcc/arm-none-eabi/7.3.1/../../../../arm-none-eabi/lib/thumb/v7e-m/fpv4-sp/hard\libc_nano.a(lib_a-nano-reallocr.o)
                0x0000000008005134                _realloc_r
 .text._sbrk_r  0x0000000008005180       0x20 c:/st/stm32cubeide_1.3.0/stm32cubeide/plugins/com.st.stm32cube.ide.mcu.externaltools.gnu-tools-for-stm32.7-2018-q2-update.win32_1.5.0.202011040924/tools/bin/../lib/gcc/arm-none-eabi/7.3.1/../../../../arm-none-eabi/lib/thumb/v7e-m/fpv4-sp/hard\libc_nano.a(lib_a-sbrkr.o)
                0x0000000008005180                _sbrk_r
 .text.__malloc_lock
                0x00000000080051a0        0x2 c:/st/stm32cubeide_1.3.0/stm32cubeide/plugins/com.st.stm32cube.ide.mcu.externaltools.gnu-tools-for-stm32.7-2018-q2-update.win32_1.5.0.202011040924/tools/bin/../lib/gcc/arm-none-eabi/7.3.1/../../../../arm-none-eabi/lib/thumb/v7e-m/fpv4-sp/hard\libc_nano.a(lib_a-mlock.o)
                0x00000000080051a0                __malloc_lock
 .text.__malloc_unlock
                0x00000000080051a2        0x2 c:/st/stm32cubeide_1.3.0/stm32cubeide/plugins/com.st.stm32cube.ide.mcu.externaltools.gnu-tools-for-stm32.7-2018-q2-update.win32_1.5.0.202011040924/tools/bin/../lib/gcc/arm-none-eabi/7.3.1/../../../../arm-none-eabi/lib/thumb/v7e-m/fpv4-sp/hard\libc_nano.a(lib_a-mlock.o)
                0x00000000080051a2                __malloc_unlock
 .text._malloc_usable_size_r
                0x00000000080051a4       0x10 c:/st/stm32cubeide_1.3.0/stm32cubeide/plugins/com.st.stm32cube.ide.mcu.externaltools.gnu-tools-for-stm32.7-2018-q2-update.win32_1.5.0.202011040924/tools/bin/../lib/gcc/arm-none-eabi/7.3.1/../../../../arm-none-eabi/lib/thumb/v7e-m/fpv4-sp/hard\libc_nano.a(lib_a-nano-msizer.o)
                0x00000000080051a4                _malloc_usable_size_r
 .text.log10f   0x00000000080051b4       0xec c:/st/stm32cubeide_1.3.0/stm32cubeide/plugins/com.st.stm32cube.ide.mcu.externaltools.gnu-tools-for-stm32.7-2018-q2-update.win32_1.5.0.202011040924/tools/bin/../lib/gcc/arm-none-eabi/7.3.1/../../../../arm-none-eabi/lib/thumb/v7e-m/fpv4-sp/hard\libm.a(lib_a-wf_log10.o)
                0x00000000080051b4                log10f
 .text.sqrtf    0x00000000080052a0       0xa0 c:/st/stm32cubeide_1.3.0/stm32cubeide/plugins/com.st.stm32cube.ide.mcu.externaltools.gnu-tools-for-stm32.7-2018-q2-update.win32_1.5.0.202011040924/tools/bin/../lib/gcc/arm-none-eabi/7.3.1/../../../../arm-none-eabi/lib/thumb/v7e-m/fpv4-sp/hard\libm.a(lib_a-wf_sqrt.o)
                0x00000000080052a0                sqrtf
 .text.__ieee754_log10f
                0x0000000008005340       0xac c:/st/stm32cubeide_1.3.0/stm32cubeide/plugins/com.st.stm32cube.ide.mcu.externaltools.gnu-tools-for-stm32.7-2018-q2-update.win32_1.5.0.202011040924/tools/bin/../lib/gcc/arm-none-eabi/7.3.1/../../../../arm-none-eabi/lib/thumb/v7e-m/fpv4-sp/hard\libm.a(lib_a-ef_log10.o)
                0x0000000008005340                __ieee754_log10f
 .text.__ieee754_sqrtf
                0x00000000080053ec        0x6 c:/st/stm32cubeide_1.3.0/stm32cubeide/plugins/com.st.stm32cube.ide.mcu.externaltools.gnu-tools-for-stm32.7-2018-q2-update.win32_1.5.0.202011040924/tools/bin/../lib/gcc/arm-none-eabi/7.3.1/../../../../arm-none-eabi/lib/thumb/v7e-m/fpv4-sp/hard\libm.a(lib_a-ef_sqrt.o)
                0x00000000080053ec                __ieee754_sqrtf
 .text.matherr  0x00000000080053f2        0x4 c:/st/stm32cubeide_1.3.0/stm32cubeide/plugins/com.st.stm32cube.ide.mcu.externaltools.gnu-tools-for-stm32.7-2018-q2-update.win32_1.5.0.202011040924/tools/bin/../lib/gcc/arm-none-eabi/7.3.1/../../../../arm-none-eabi/lib/thumb/v7e-m/fpv4-sp/hard\libm.a(lib_a-s_matherr.o)
                0x00000000080053f2                matherr
 *fill*         0x00000000080053f6        0x2 
 .text.nan      0x00000000080053f8       0x10 c:/st/stm32cubeide_1.3.0/stm32cubeide/plugins/com.st.stm32cube.ide.mcu.externaltools.gnu-tools-for-stm32.7-2018-q2-update.win32_1.5.0.202011040924/tools/bin/../lib/gcc/arm-none-eabi/7.3.1/../../../../arm-none-eabi/lib/thumb/v7e-m/fpv4-sp/hard\libm.a(lib_a-s_nan.o)
                0x00000000080053f8                nan
 .text.__ieee754_logf
                0x0000000008005408      0x1dc c:/st/stm32cubeide_1.3.0/stm32cubeide/plugins/com.st.stm32cube.ide.mcu.externaltools.gnu-tools-for-stm32.7-2018-q2-update.win32_1.5.0.202011040924/tools/bin/../lib/gcc/arm-none-eabi/7.3.1/../../../../arm-none-eabi/lib/thumb/v7e-m/fpv4-sp/hard\libm.a(lib_a-ef_log.o)
                0x0000000008005408                __ieee754_logf
 *(.glue_7)
 .glue_7        0x00000000080055e4        0x0 linker stubs
 *(.glue_7t)
 .glue_7t       0x00000000080055e4        0x0 linker stubs
 *(.eh_frame)
 .eh_frame      0x00000000080055e4        0x0 c:/st/stm32cubeide_1.3.0/stm32cubeide/plugins/com.st.stm32cube.ide.mcu.externaltools.gnu-tools-for-stm32.7-2018-q2-update.win32_1.5.0.202011040924/tools/bin/../lib/gcc/arm-none-eabi/7.3.1/thumb/v7e-m/fpv4-sp/hard/crtbegin.o
 *(.init)
 .init          0x00000000080055e4        0x4 c:/st/stm32cubeide_1.3.0/stm32cubeide/plugins/com.st.stm32cube.ide.mcu.externaltools.gnu-tools-for-stm32.7-2018-q2-update.win32_1.5.0.202011040924/tools/bin/../lib/gcc/arm-none-eabi/7.3.1/thumb/v7e-m/fpv4-sp/hard/crti.o
                0x00000000080055e4                _init
 .init          0x00000000080055e8        0x8 c:/st/stm32cubeide_1.3.0/stm32cubeide/plugins/com.st.stm32cube.ide.mcu.externaltools.gnu-tools-for-stm32.7-2018-q2-update.win32_1.5.0.202011040924/tools/bin/../lib/gcc/arm-none-eabi/7.3.1/thumb/v7e-m/fpv4-sp/hard/crtn.o
 *(.fini)
 .fini          0x00000000080055f0        0x4 c:/st/stm32cubeide_1.3.0/stm32cubeide/plugins/com.st.stm32cube.ide.mcu.externaltools.gnu-tools-for-stm32.7-2018-q2-update.win32_1.5.0.202011040924/tools/bin/../lib/gcc/arm-none-eabi/7.3.1/thumb/v7e-m/fpv4-sp/hard/crti.o
                0x00000000080055f0                _fini
 .fini          0x00000000080055f4        0x8 c:/st/stm32cubeide_1.3.0/stm32cubeide/plugins/com.st.stm32cube.ide.mcu.externaltools.gnu-tools-for-stm32.7-2018-q2-update.win32_1.5.0.202011040924/tools/bin/../lib/gcc/arm-none-eabi/7.3.1/thumb/v7e-m/fpv4-sp/hard/crtn.o
                0x00000000080055fc                . = ALIGN (0x4)
                0x00000000080055fc                _etext = .

.vfp11_veneer   0x00000000080055fc        0x0
 .vfp11_veneer  0x00000000080055fc        0x0 linker stubs

.v4_bx          0x00000000080055fc        0x0
 .v4_bx         0x00000000080055fc        0x0 linker stubs

.iplt           0x00000000080055fc        0x0
 .iplt          0x00000000080055fc        0x0 c:/st/stm32cubeide_1.3.0/stm32cubeide/plugins/com.st.stm32cube.ide.mcu.externaltools.gnu-tools-for-stm32.7-2018-q2-update.win32_1.5.0.202011040924/tools/bin/../lib/gcc/arm-none-eabi/7.3.1/thumb/v7e-m/fpv4-sp/hard/crtbegin.o

.rodata         0x00000000080055fc    0x13508
                0x00000000080055fc                . = ALIGN (0x4)
 *(.rodata)
 *(.rodata*)
 .rodata.main.str1.1
                0x00000000080055fc       0x12 Core/Src/main.o
                                         0x15 (size before relaxing)
 .rodata.AHBPrescTable
                0x000000000800560e       0x10 Core/Src/system_stm32l4xx.o
                0x000000000800560e                AHBPrescTable
 .rodata.APBPrescTable
                0x000000000800561e        0x8 Core/Src/system_stm32l4xx.o
                0x000000000800561e                APBPrescTable
 *fill*         0x0000000008005626        0x2 
 .rodata.MSIRangeTable
                0x0000000008005628       0x30 Core/Src/system_stm32l4xx.o
                0x0000000008005628                MSIRangeTable
 .rodata.CSWTCH.52
                0x0000000008005658        0x4 Drivers/STM32L4xx_HAL_Driver/Src/stm32l4xx_hal_uart.o
 .rodata.CSWTCH.53
                0x000000000800565c        0xd Drivers/STM32L4xx_HAL_Driver/Src/stm32l4xx_hal_uart.o
 *fill*         0x0000000008005669        0x3 
 .rodata.twiddleCoef_2048
                0x000000000800566c     0x4000 C:\Users\abdou\Documents\M2 SEM\PFE\Analyse vibratoire\Programmes_mcu\OPAMP_DSP\DSP_Lib\Source\libarm_cortexM4lf_math.a(arm_common_tables.o)
                0x000000000800566c                twiddleCoef_2048
 .rodata.twiddleCoef_rfft_64
                0x000000000800966c      0x100 C:\Users\abdou\Documents\M2 SEM\PFE\Analyse vibratoire\Programmes_mcu\OPAMP_DSP\DSP_Lib\Source\libarm_cortexM4lf_math.a(arm_common_tables.o)
                0x000000000800966c                twiddleCoef_rfft_64
 .rodata.armBitRevIndexTable64
                0x000000000800976c       0x70 C:\Users\abdou\Documents\M2 SEM\PFE\Analyse vibratoire\Programmes_mcu\OPAMP_DSP\DSP_Lib\Source\libarm_cortexM4lf_math.a(arm_common_tables.o)
                0x000000000800976c                armBitRevIndexTable64
 .rodata.twiddleCoef_rfft_2048
                0x00000000080097dc     0x2000 C:\Users\abdou\Documents\M2 SEM\PFE\Analyse vibratoire\Programmes_mcu\OPAMP_DSP\DSP_Lib\Source\libarm_cortexM4lf_math.a(arm_common_tables.o)
                0x00000000080097dc                twiddleCoef_rfft_2048
 .rodata.twiddleCoef_rfft_4096
                0x000000000800b7dc     0x4000 C:\Users\abdou\Documents\M2 SEM\PFE\Analyse vibratoire\Programmes_mcu\OPAMP_DSP\DSP_Lib\Source\libarm_cortexM4lf_math.a(arm_common_tables.o)
                0x000000000800b7dc                twiddleCoef_rfft_4096
 .rodata.twiddleCoef_256
                0x000000000800f7dc      0x800 C:\Users\abdou\Documents\M2 SEM\PFE\Analyse vibratoire\Programmes_mcu\OPAMP_DSP\DSP_Lib\Source\libarm_cortexM4lf_math.a(arm_common_tables.o)
                0x000000000800f7dc                twiddleCoef_256
 .rodata.twiddleCoef_16
                0x000000000800ffdc       0x80 C:\Users\abdou\Documents\M2 SEM\PFE\Analyse vibratoire\Programmes_mcu\OPAMP_DSP\DSP_Lib\Source\libarm_cortexM4lf_math.a(arm_common_tables.o)
                0x000000000800ffdc                twiddleCoef_16
 .rodata.twiddleCoef_1024
                0x000000000801005c     0x2000 C:\Users\abdou\Documents\M2 SEM\PFE\Analyse vibratoire\Programmes_mcu\OPAMP_DSP\DSP_Lib\Source\libarm_cortexM4lf_math.a(arm_common_tables.o)
                0x000000000801005c                twiddleCoef_1024
 .rodata.twiddleCoef_32
                0x000000000801205c      0x100 C:\Users\abdou\Documents\M2 SEM\PFE\Analyse vibratoire\Programmes_mcu\OPAMP_DSP\DSP_Lib\Source\libarm_cortexM4lf_math.a(arm_common_tables.o)
                0x000000000801205c                twiddleCoef_32
 .rodata.armBitRevIndexTable1024
                0x000000000801215c      0xe10 C:\Users\abdou\Documents\M2 SEM\PFE\Analyse vibratoire\Programmes_mcu\OPAMP_DSP\DSP_Lib\Source\libarm_cortexM4lf_math.a(arm_common_tables.o)
                0x000000000801215c                armBitRevIndexTable1024
 .rodata.armBitRevIndexTable16
                0x0000000008012f6c       0x28 C:\Users\abdou\Documents\M2 SEM\PFE\Analyse vibratoire\Programmes_mcu\OPAMP_DSP\DSP_Lib\Source\libarm_cortexM4lf_math.a(arm_common_tables.o)
                0x0000000008012f6c                armBitRevIndexTable16
 .rodata.twiddleCoef_rfft_32
                0x0000000008012f94       0x80 C:\Users\abdou\Documents\M2 SEM\PFE\Analyse vibratoire\Programmes_mcu\OPAMP_DSP\DSP_Lib\Source\libarm_cortexM4lf_math.a(arm_common_tables.o)
                0x0000000008012f94                twiddleCoef_rfft_32
 .rodata.armBitRevIndexTable32
                0x0000000008013014       0x60 C:\Users\abdou\Documents\M2 SEM\PFE\Analyse vibratoire\Programmes_mcu\OPAMP_DSP\DSP_Lib\Source\libarm_cortexM4lf_math.a(arm_common_tables.o)
                0x0000000008013014                armBitRevIndexTable32
 .rodata.twiddleCoef_128
                0x0000000008013074      0x400 C:\Users\abdou\Documents\M2 SEM\PFE\Analyse vibratoire\Programmes_mcu\OPAMP_DSP\DSP_Lib\Source\libarm_cortexM4lf_math.a(arm_common_tables.o)
                0x0000000008013074                twiddleCoef_128
 .rodata.twiddleCoef_512
                0x0000000008013474     0x1000 C:\Users\abdou\Documents\M2 SEM\PFE\Analyse vibratoire\Programmes_mcu\OPAMP_DSP\DSP_Lib\Source\libarm_cortexM4lf_math.a(arm_common_tables.o)
                0x0000000008013474                twiddleCoef_512
 .rodata.armBitRevIndexTable2048
                0x0000000008014474     0x1dc0 C:\Users\abdou\Documents\M2 SEM\PFE\Analyse vibratoire\Programmes_mcu\OPAMP_DSP\DSP_Lib\Source\libarm_cortexM4lf_math.a(arm_common_tables.o)
                0x0000000008014474                armBitRevIndexTable2048
 .rodata.twiddleCoef_64
                0x0000000008016234      0x200 C:\Users\abdou\Documents\M2 SEM\PFE\Analyse vibratoire\Programmes_mcu\OPAMP_DSP\DSP_Lib\Source\libarm_cortexM4lf_math.a(arm_common_tables.o)
                0x0000000008016234                twiddleCoef_64
 .rodata.twiddleCoef_rfft_512
                0x0000000008016434      0x800 C:\Users\abdou\Documents\M2 SEM\PFE\Analyse vibratoire\Programmes_mcu\OPAMP_DSP\DSP_Lib\Source\libarm_cortexM4lf_math.a(arm_common_tables.o)
                0x0000000008016434                twiddleCoef_rfft_512
 .rodata.armBitRevIndexTable512
                0x0000000008016c34      0x380 C:\Users\abdou\Documents\M2 SEM\PFE\Analyse vibratoire\Programmes_mcu\OPAMP_DSP\DSP_Lib\Source\libarm_cortexM4lf_math.a(arm_common_tables.o)
                0x0000000008016c34                armBitRevIndexTable512
 .rodata.twiddleCoef_rfft_1024
                0x0000000008016fb4     0x1000 C:\Users\abdou\Documents\M2 SEM\PFE\Analyse vibratoire\Programmes_mcu\OPAMP_DSP\DSP_Lib\Source\libarm_cortexM4lf_math.a(arm_common_tables.o)
                0x0000000008016fb4                twiddleCoef_rfft_1024
 .rodata.twiddleCoef_rfft_256
                0x0000000008017fb4      0x400 C:\Users\abdou\Documents\M2 SEM\PFE\Analyse vibratoire\Programmes_mcu\OPAMP_DSP\DSP_Lib\Source\libarm_cortexM4lf_math.a(arm_common_tables.o)
                0x0000000008017fb4                twiddleCoef_rfft_256
 .rodata.armBitRevIndexTable256
                0x00000000080183b4      0x370 C:\Users\abdou\Documents\M2 SEM\PFE\Analyse vibratoire\Programmes_mcu\OPAMP_DSP\DSP_Lib\Source\libarm_cortexM4lf_math.a(arm_common_tables.o)
                0x00000000080183b4                armBitRevIndexTable256
 .rodata.twiddleCoef_rfft_128
                0x0000000008018724      0x200 C:\Users\abdou\Documents\M2 SEM\PFE\Analyse vibratoire\Programmes_mcu\OPAMP_DSP\DSP_Lib\Source\libarm_cortexM4lf_math.a(arm_common_tables.o)
                0x0000000008018724                twiddleCoef_rfft_128
 .rodata.armBitRevIndexTable128
                0x0000000008018924      0x1a0 C:\Users\abdou\Documents\M2 SEM\PFE\Analyse vibratoire\Programmes_mcu\OPAMP_DSP\DSP_Lib\Source\libarm_cortexM4lf_math.a(arm_common_tables.o)
                0x0000000008018924                armBitRevIndexTable128
 .rodata._svfprintf_r.str1.1
                0x0000000008018ac4       0x11 c:/st/stm32cubeide_1.3.0/stm32cubeide/plugins/com.st.stm32cube.ide.mcu.externaltools.gnu-tools-for-stm32.7-2018-q2-update.win32_1.5.0.202011040924/tools/bin/../lib/gcc/arm-none-eabi/7.3.1/../../../../arm-none-eabi/lib/thumb/v7e-m/fpv4-sp/hard\libc_nano.a(lib_a-nano-svfprintf.o)
 .rodata._printf_i.str1.1
                0x0000000008018ad5       0x22 c:/st/stm32cubeide_1.3.0/stm32cubeide/plugins/com.st.stm32cube.ide.mcu.externaltools.gnu-tools-for-stm32.7-2018-q2-update.win32_1.5.0.202011040924/tools/bin/../lib/gcc/arm-none-eabi/7.3.1/../../../../arm-none-eabi/lib/thumb/v7e-m/fpv4-sp/hard\libc_nano.a(lib_a-nano-vfprintf_i.o)
 .rodata.log10f.str1.1
                0x0000000008018af7        0x7 c:/st/stm32cubeide_1.3.0/stm32cubeide/plugins/com.st.stm32cube.ide.mcu.externaltools.gnu-tools-for-stm32.7-2018-q2-update.win32_1.5.0.202011040924/tools/bin/../lib/gcc/arm-none-eabi/7.3.1/../../../../arm-none-eabi/lib/thumb/v7e-m/fpv4-sp/hard\libm.a(lib_a-wf_log10.o)
                                          0x8 (size before relaxing)
 .rodata.sqrtf.str1.1
                0x0000000008018afe        0x6 c:/st/stm32cubeide_1.3.0/stm32cubeide/plugins/com.st.stm32cube.ide.mcu.externaltools.gnu-tools-for-stm32.7-2018-q2-update.win32_1.5.0.202011040924/tools/bin/../lib/gcc/arm-none-eabi/7.3.1/../../../../arm-none-eabi/lib/thumb/v7e-m/fpv4-sp/hard\libm.a(lib_a-wf_sqrt.o)
                0x0000000008018b04                . = ALIGN (0x4)

.ARM.extab      0x0000000008018b04        0x0
                0x0000000008018b04                . = ALIGN (0x4)
 *(.ARM.extab* .gnu.linkonce.armextab.*)
                0x0000000008018b04                . = ALIGN (0x4)

.ARM            0x0000000008018b04        0x8
                0x0000000008018b04                . = ALIGN (0x4)
                0x0000000008018b04                __exidx_start = .
 *(.ARM.exidx*)
 .ARM.exidx     0x0000000008018b04        0x8 c:/st/stm32cubeide_1.3.0/stm32cubeide/plugins/com.st.stm32cube.ide.mcu.externaltools.gnu-tools-for-stm32.7-2018-q2-update.win32_1.5.0.202011040924/tools/bin/../lib/gcc/arm-none-eabi/7.3.1/thumb/v7e-m/fpv4-sp/hard\libgcc.a(_udivmoddi4.o)
                0x0000000008018b0c                __exidx_end = .
                0x0000000008018b0c                . = ALIGN (0x4)

.rel.dyn        0x0000000008018b0c        0x0
 .rel.iplt      0x0000000008018b0c        0x0 c:/st/stm32cubeide_1.3.0/stm32cubeide/plugins/com.st.stm32cube.ide.mcu.externaltools.gnu-tools-for-stm32.7-2018-q2-update.win32_1.5.0.202011040924/tools/bin/../lib/gcc/arm-none-eabi/7.3.1/thumb/v7e-m/fpv4-sp/hard/crtbegin.o

.preinit_array  0x0000000008018b0c        0x0
                0x0000000008018b0c                . = ALIGN (0x4)
                0x0000000008018b0c                PROVIDE (__preinit_array_start = .)
 *(.preinit_array*)
                0x0000000008018b0c                PROVIDE (__preinit_array_end = .)
                0x0000000008018b0c                . = ALIGN (0x4)

.init_array     0x0000000008018b0c        0x4
                0x0000000008018b0c                . = ALIGN (0x4)
                0x0000000008018b0c                PROVIDE (__init_array_start = .)
 *(SORT_BY_NAME(.init_array.*))
 *(.init_array*)
 .init_array    0x0000000008018b0c        0x4 c:/st/stm32cubeide_1.3.0/stm32cubeide/plugins/com.st.stm32cube.ide.mcu.externaltools.gnu-tools-for-stm32.7-2018-q2-update.win32_1.5.0.202011040924/tools/bin/../lib/gcc/arm-none-eabi/7.3.1/thumb/v7e-m/fpv4-sp/hard/crtbegin.o
                0x0000000008018b10                PROVIDE (__init_array_end = .)
                0x0000000008018b10                . = ALIGN (0x4)

.fini_array     0x0000000008018b10        0x4
                0x0000000008018b10                . = ALIGN (0x4)
                [!provide]                        PROVIDE (__fini_array_start = .)
 *(SORT_BY_NAME(.fini_array.*))
 *(.fini_array*)
 .fini_array    0x0000000008018b10        0x4 c:/st/stm32cubeide_1.3.0/stm32cubeide/plugins/com.st.stm32cube.ide.mcu.externaltools.gnu-tools-for-stm32.7-2018-q2-update.win32_1.5.0.202011040924/tools/bin/../lib/gcc/arm-none-eabi/7.3.1/thumb/v7e-m/fpv4-sp/hard/crtbegin.o
                [!provide]                        PROVIDE (__fini_array_end = .)
                0x0000000008018b14                . = ALIGN (0x4)
                0x0000000008018b14                _sidata = LOADADDR (.data)

.data           0x0000000020000000       0x74 load address 0x0000000008018b14
                0x0000000020000000                . = ALIGN (0x4)
                0x0000000020000000                _sdata = .
 *(.data)
 *(.data*)
 .data.SystemCoreClock
                0x0000000020000000        0x4 Core/Src/system_stm32l4xx.o
                0x0000000020000000                SystemCoreClock
 .data.uwTickFreq
                0x0000000020000004        0x1 Drivers/STM32L4xx_HAL_Driver/Src/stm32l4xx_hal.o
                0x0000000020000004                uwTickFreq
 *fill*         0x0000000020000005        0x3 
 .data.uwTickPrio
                0x0000000020000008        0x4 Drivers/STM32L4xx_HAL_Driver/Src/stm32l4xx_hal.o
                0x0000000020000008                uwTickPrio
 .data._impure_ptr
                0x000000002000000c        0x4 c:/st/stm32cubeide_1.3.0/stm32cubeide/plugins/com.st.stm32cube.ide.mcu.externaltools.gnu-tools-for-stm32.7-2018-q2-update.win32_1.5.0.202011040924/tools/bin/../lib/gcc/arm-none-eabi/7.3.1/../../../../arm-none-eabi/lib/thumb/v7e-m/fpv4-sp/hard\libc_nano.a(lib_a-impure.o)
                0x000000002000000c                _impure_ptr
 .data.impure_data
                0x0000000020000010       0x60 c:/st/stm32cubeide_1.3.0/stm32cubeide/plugins/com.st.stm32cube.ide.mcu.externaltools.gnu-tools-for-stm32.7-2018-q2-update.win32_1.5.0.202011040924/tools/bin/../lib/gcc/arm-none-eabi/7.3.1/../../../../arm-none-eabi/lib/thumb/v7e-m/fpv4-sp/hard\libc_nano.a(lib_a-impure.o)
 .data.__fdlib_version
                0x0000000020000070        0x1 c:/st/stm32cubeide_1.3.0/stm32cubeide/plugins/com.st.stm32cube.ide.mcu.externaltools.gnu-tools-for-stm32.7-2018-q2-update.win32_1.5.0.202011040924/tools/bin/../lib/gcc/arm-none-eabi/7.3.1/../../../../arm-none-eabi/lib/thumb/v7e-m/fpv4-sp/hard\libm.a(lib_a-s_lib_ver.o)
                0x0000000020000070                __fdlib_version
 *(.RamFunc)
 *(.RamFunc*)
                0x0000000020000074                . = ALIGN (0x4)
 *fill*         0x0000000020000071        0x3 
                0x0000000020000074                _edata = .

.igot.plt       0x0000000020000074        0x0 load address 0x0000000008018b88
 .igot.plt      0x0000000020000074        0x0 c:/st/stm32cubeide_1.3.0/stm32cubeide/plugins/com.st.stm32cube.ide.mcu.externaltools.gnu-tools-for-stm32.7-2018-q2-update.win32_1.5.0.202011040924/tools/bin/../lib/gcc/arm-none-eabi/7.3.1/thumb/v7e-m/fpv4-sp/hard/crtbegin.o
                0x0000000020000074                . = ALIGN (0x4)

.bss            0x0000000020000074     0x924c load address 0x0000000008018b88
                0x0000000020000074                _sbss = .
                0x0000000020000074                __bss_start__ = _sbss
 *(.bss)
 .bss           0x0000000020000074       0x1c c:/st/stm32cubeide_1.3.0/stm32cubeide/plugins/com.st.stm32cube.ide.mcu.externaltools.gnu-tools-for-stm32.7-2018-q2-update.win32_1.5.0.202011040924/tools/bin/../lib/gcc/arm-none-eabi/7.3.1/thumb/v7e-m/fpv4-sp/hard/crtbegin.o
 *(.bss*)
 .bss.adc_complete
                0x0000000020000090        0x1 Core/Src/main.o
                0x0000000020000090                adc_complete
 *fill*         0x0000000020000091        0x3 
 .bss.__sbrk_heap_end
                0x0000000020000094        0x4 Core/Src/sysmem.o
 .bss.__malloc_free_list
                0x0000000020000098        0x4 c:/st/stm32cubeide_1.3.0/stm32cubeide/plugins/com.st.stm32cube.ide.mcu.externaltools.gnu-tools-for-stm32.7-2018-q2-update.win32_1.5.0.202011040924/tools/bin/../lib/gcc/arm-none-eabi/7.3.1/../../../../arm-none-eabi/lib/thumb/v7e-m/fpv4-sp/hard\libc_nano.a(lib_a-nano-mallocr.o)
                0x0000000020000098                __malloc_free_list
 .bss.__malloc_sbrk_start
                0x000000002000009c        0x4 c:/st/stm32cubeide_1.3.0/stm32cubeide/plugins/com.st.stm32cube.ide.mcu.externaltools.gnu-tools-for-stm32.7-2018-q2-update.win32_1.5.0.202011040924/tools/bin/../lib/gcc/arm-none-eabi/7.3.1/../../../../arm-none-eabi/lib/thumb/v7e-m/fpv4-sp/hard\libc_nano.a(lib_a-nano-mallocr.o)
                0x000000002000009c                __malloc_sbrk_start
 *(COMMON)
 COMMON         0x00000000200000a0     0x9218 Core/Src/main.o
                0x00000000200000a0                hdac1
                0x00000000200000b4                adc_buffer_float
                0x00000000200020b4                message
                0x00000000200020f4                hopamp1
                0x0000000020002128                hadc1
                0x000000002000218c                huart1
                0x000000002000220c                hdma_adc1
                0x0000000020002254                adc_buffer
                0x0000000020003254                fft_inst
                0x000000002000326c                htim1
                0x00000000200032b8                fft_out_buf
                0x00000000200072b8                freqs
 COMMON         0x00000000200092b8        0x4 Drivers/STM32L4xx_HAL_Driver/Src/stm32l4xx_hal.o
                0x00000000200092b8                uwTick
 COMMON         0x00000000200092bc        0x4 c:/st/stm32cubeide_1.3.0/stm32cubeide/plugins/com.st.stm32cube.ide.mcu.externaltools.gnu-tools-for-stm32.7-2018-q2-update.win32_1.5.0.202011040924/tools/bin/../lib/gcc/arm-none-eabi/7.3.1/../../../../arm-none-eabi/lib/thumb/v7e-m/fpv4-sp/hard\libc_nano.a(lib_a-reent.o)
                0x00000000200092bc                errno
                0x00000000200092c0                . = ALIGN (0x4)
                0x00000000200092c0                _ebss = .
                0x00000000200092c0                __bss_end__ = _ebss

._user_heap_stack
                0x00000000200092c0      0x600 load address 0x0000000008018b88
                0x00000000200092c0                . = ALIGN (0x8)
                [!provide]                        PROVIDE (end = .)
                0x00000000200092c0                PROVIDE (_end = .)
                0x00000000200094c0                . = (. + _Min_Heap_Size)
 *fill*         0x00000000200092c0      0x200 
                0x00000000200098c0                . = (. + _Min_Stack_Size)
 *fill*         0x00000000200094c0      0x400 
                0x00000000200098c0                . = ALIGN (0x8)

/DISCARD/
 libc.a(*)
 libm.a(*)
 libgcc.a(*)

.ARM.attributes
                0x0000000000000000       0x30
 *(.ARM.attributes)
 .ARM.attributes
                0x0000000000000000       0x22 c:/st/stm32cubeide_1.3.0/stm32cubeide/plugins/com.st.stm32cube.ide.mcu.externaltools.gnu-tools-for-stm32.7-2018-q2-update.win32_1.5.0.202011040924/tools/bin/../lib/gcc/arm-none-eabi/7.3.1/thumb/v7e-m/fpv4-sp/hard/crti.o
 .ARM.attributes
                0x0000000000000022       0x34 c:/st/stm32cubeide_1.3.0/stm32cubeide/plugins/com.st.stm32cube.ide.mcu.externaltools.gnu-tools-for-stm32.7-2018-q2-update.win32_1.5.0.202011040924/tools/bin/../lib/gcc/arm-none-eabi/7.3.1/thumb/v7e-m/fpv4-sp/hard/crtbegin.o
 .ARM.attributes
                0x0000000000000056       0x39 Core/Src/main.o
 .ARM.attributes
                0x000000000000008f       0x39 Core/Src/stm32l4xx_hal_msp.o
 .ARM.attributes
                0x00000000000000c8       0x39 Core/Src/stm32l4xx_it.o
 .ARM.attributes
                0x0000000000000101       0x39 Core/Src/sysmem.o
 .ARM.attributes
                0x000000000000013a       0x39 Core/Src/system_stm32l4xx.o
 .ARM.attributes
                0x0000000000000173       0x21 Core/Startup/startup_stm32l433cctx.o
 .ARM.attributes
                0x0000000000000194       0x39 Drivers/STM32L4xx_HAL_Driver/Src/stm32l4xx_hal.o
 .ARM.attributes
                0x00000000000001cd       0x39 Drivers/STM32L4xx_HAL_Driver/Src/stm32l4xx_hal_adc.o
 .ARM.attributes
                0x0000000000000206       0x39 Drivers/STM32L4xx_HAL_Driver/Src/stm32l4xx_hal_adc_ex.o
 .ARM.attributes
                0x000000000000023f       0x39 Drivers/STM32L4xx_HAL_Driver/Src/stm32l4xx_hal_cortex.o
 .ARM.attributes
                0x0000000000000278       0x39 Drivers/STM32L4xx_HAL_Driver/Src/stm32l4xx_hal_dac.o
 .ARM.attributes
                0x00000000000002b1       0x39 Drivers/STM32L4xx_HAL_Driver/Src/stm32l4xx_hal_dma.o
 .ARM.attributes
                0x00000000000002ea       0x39 Drivers/STM32L4xx_HAL_Driver/Src/stm32l4xx_hal_gpio.o
 .ARM.attributes
                0x0000000000000323       0x39 Drivers/STM32L4xx_HAL_Driver/Src/stm32l4xx_hal_opamp.o
 .ARM.attributes
                0x000000000000035c       0x39 Drivers/STM32L4xx_HAL_Driver/Src/stm32l4xx_hal_pwr_ex.o
 .ARM.attributes
                0x0000000000000395       0x39 Drivers/STM32L4xx_HAL_Driver/Src/stm32l4xx_hal_rcc.o
 .ARM.attributes
                0x00000000000003ce       0x39 Drivers/STM32L4xx_HAL_Driver/Src/stm32l4xx_hal_rcc_ex.o
 .ARM.attributes
                0x0000000000000407       0x39 Drivers/STM32L4xx_HAL_Driver/Src/stm32l4xx_hal_tim.o
 .ARM.attributes
                0x0000000000000440       0x39 Drivers/STM32L4xx_HAL_Driver/Src/stm32l4xx_hal_tim_ex.o
 .ARM.attributes
                0x0000000000000479       0x39 Drivers/STM32L4xx_HAL_Driver/Src/stm32l4xx_hal_uart.o
 .ARM.attributes
                0x00000000000004b2       0x39 C:\Users\abdou\Documents\M2 SEM\PFE\Analyse vibratoire\Programmes_mcu\OPAMP_DSP\DSP_Lib\Source\libarm_cortexM4lf_math.a(arm_rfft_fast_init_f32.o)
 .ARM.attributes
                0x00000000000004eb       0x39 C:\Users\abdou\Documents\M2 SEM\PFE\Analyse vibratoire\Programmes_mcu\OPAMP_DSP\DSP_Lib\Source\libarm_cortexM4lf_math.a(arm_rfft_fast_f32.o)
 .ARM.attributes
                0x0000000000000524       0x39 C:\Users\abdou\Documents\M2 SEM\PFE\Analyse vibratoire\Programmes_mcu\OPAMP_DSP\DSP_Lib\Source\libarm_cortexM4lf_math.a(arm_cfft_f32.o)
 .ARM.attributes
                0x000000000000055d       0x39 C:\Users\abdou\Documents\M2 SEM\PFE\Analyse vibratoire\Programmes_mcu\OPAMP_DSP\DSP_Lib\Source\libarm_cortexM4lf_math.a(arm_common_tables.o)
 .ARM.attributes
                0x0000000000000596       0x25 C:\Users\abdou\Documents\M2 SEM\PFE\Analyse vibratoire\Programmes_mcu\OPAMP_DSP\DSP_Lib\Source\libarm_cortexM4lf_math.a(arm_bitreversal2.o)
 .ARM.attributes
                0x00000000000005bb       0x39 C:\Users\abdou\Documents\M2 SEM\PFE\Analyse vibratoire\Programmes_mcu\OPAMP_DSP\DSP_Lib\Source\libarm_cortexM4lf_math.a(arm_cfft_radix8_f32.o)
 .ARM.attributes
                0x00000000000005f4       0x34 c:/st/stm32cubeide_1.3.0/stm32cubeide/plugins/com.st.stm32cube.ide.mcu.externaltools.gnu-tools-for-stm32.7-2018-q2-update.win32_1.5.0.202011040924/tools/bin/../lib/gcc/arm-none-eabi/7.3.1/../../../../arm-none-eabi/lib/thumb/v7e-m/fpv4-sp/hard\libc_nano.a(lib_a-errno.o)
 .ARM.attributes
                0x0000000000000628       0x34 c:/st/stm32cubeide_1.3.0/stm32cubeide/plugins/com.st.stm32cube.ide.mcu.externaltools.gnu-tools-for-stm32.7-2018-q2-update.win32_1.5.0.202011040924/tools/bin/../lib/gcc/arm-none-eabi/7.3.1/../../../../arm-none-eabi/lib/thumb/v7e-m/fpv4-sp/hard\libc_nano.a(lib_a-impure.o)
 .ARM.attributes
                0x000000000000065c       0x34 c:/st/stm32cubeide_1.3.0/stm32cubeide/plugins/com.st.stm32cube.ide.mcu.externaltools.gnu-tools-for-stm32.7-2018-q2-update.win32_1.5.0.202011040924/tools/bin/../lib/gcc/arm-none-eabi/7.3.1/../../../../arm-none-eabi/lib/thumb/v7e-m/fpv4-sp/hard\libc_nano.a(lib_a-init.o)
 .ARM.attributes
                0x0000000000000690       0x34 c:/st/stm32cubeide_1.3.0/stm32cubeide/plugins/com.st.stm32cube.ide.mcu.externaltools.gnu-tools-for-stm32.7-2018-q2-update.win32_1.5.0.202011040924/tools/bin/../lib/gcc/arm-none-eabi/7.3.1/../../../../arm-none-eabi/lib/thumb/v7e-m/fpv4-sp/hard\libc_nano.a(lib_a-memset.o)
 .ARM.attributes
                0x00000000000006c4       0x34 c:/st/stm32cubeide_1.3.0/stm32cubeide/plugins/com.st.stm32cube.ide.mcu.externaltools.gnu-tools-for-stm32.7-2018-q2-update.win32_1.5.0.202011040924/tools/bin/../lib/gcc/arm-none-eabi/7.3.1/../../../../arm-none-eabi/lib/thumb/v7e-m/fpv4-sp/hard\libc_nano.a(lib_a-sprintf.o)
 .ARM.attributes
                0x00000000000006f8       0x34 c:/st/stm32cubeide_1.3.0/stm32cubeide/plugins/com.st.stm32cube.ide.mcu.externaltools.gnu-tools-for-stm32.7-2018-q2-update.win32_1.5.0.202011040924/tools/bin/../lib/gcc/arm-none-eabi/7.3.1/../../../../arm-none-eabi/lib/thumb/v7e-m/fpv4-sp/hard\libc_nano.a(lib_a-strcpy.o)
 .ARM.attributes
                0x000000000000072c       0x1b c:/st/stm32cubeide_1.3.0/stm32cubeide/plugins/com.st.stm32cube.ide.mcu.externaltools.gnu-tools-for-stm32.7-2018-q2-update.win32_1.5.0.202011040924/tools/bin/../lib/gcc/arm-none-eabi/7.3.1/../../../../arm-none-eabi/lib/thumb/v7e-m/fpv4-sp/hard\libc_nano.a(lib_a-strlen.o)
 .ARM.attributes
                0x0000000000000747       0x34 c:/st/stm32cubeide_1.3.0/stm32cubeide/plugins/com.st.stm32cube.ide.mcu.externaltools.gnu-tools-for-stm32.7-2018-q2-update.win32_1.5.0.202011040924/tools/bin/../lib/gcc/arm-none-eabi/7.3.1/../../../../arm-none-eabi/lib/thumb/v7e-m/fpv4-sp/hard\libc_nano.a(lib_a-nano-svfprintf.o)
 .ARM.attributes
                0x000000000000077b       0x34 c:/st/stm32cubeide_1.3.0/stm32cubeide/plugins/com.st.stm32cube.ide.mcu.externaltools.gnu-tools-for-stm32.7-2018-q2-update.win32_1.5.0.202011040924/tools/bin/../lib/gcc/arm-none-eabi/7.3.1/../../../../arm-none-eabi/lib/thumb/v7e-m/fpv4-sp/hard\libc_nano.a(lib_a-nano-vfprintf_i.o)
 .ARM.attributes
                0x00000000000007af       0x20 c:/st/stm32cubeide_1.3.0/stm32cubeide/plugins/com.st.stm32cube.ide.mcu.externaltools.gnu-tools-for-stm32.7-2018-q2-update.win32_1.5.0.202011040924/tools/bin/../lib/gcc/arm-none-eabi/7.3.1/../../../../arm-none-eabi/lib/thumb/v7e-m/fpv4-sp/hard\libc_nano.a(lib_a-memchr.o)
 .ARM.attributes
                0x00000000000007cf       0x34 c:/st/stm32cubeide_1.3.0/stm32cubeide/plugins/com.st.stm32cube.ide.mcu.externaltools.gnu-tools-for-stm32.7-2018-q2-update.win32_1.5.0.202011040924/tools/bin/../lib/gcc/arm-none-eabi/7.3.1/../../../../arm-none-eabi/lib/thumb/v7e-m/fpv4-sp/hard\libc_nano.a(lib_a-memcpy-stub.o)
 .ARM.attributes
                0x0000000000000803       0x34 c:/st/stm32cubeide_1.3.0/stm32cubeide/plugins/com.st.stm32cube.ide.mcu.externaltools.gnu-tools-for-stm32.7-2018-q2-update.win32_1.5.0.202011040924/tools/bin/../lib/gcc/arm-none-eabi/7.3.1/../../../../arm-none-eabi/lib/thumb/v7e-m/fpv4-sp/hard\libc_nano.a(lib_a-memmove.o)
 .ARM.attributes
                0x0000000000000837       0x34 c:/st/stm32cubeide_1.3.0/stm32cubeide/plugins/com.st.stm32cube.ide.mcu.externaltools.gnu-tools-for-stm32.7-2018-q2-update.win32_1.5.0.202011040924/tools/bin/../lib/gcc/arm-none-eabi/7.3.1/../../../../arm-none-eabi/lib/thumb/v7e-m/fpv4-sp/hard\libc_nano.a(lib_a-nano-freer.o)
 .ARM.attributes
                0x000000000000086b       0x34 c:/st/stm32cubeide_1.3.0/stm32cubeide/plugins/com.st.stm32cube.ide.mcu.externaltools.gnu-tools-for-stm32.7-2018-q2-update.win32_1.5.0.202011040924/tools/bin/../lib/gcc/arm-none-eabi/7.3.1/../../../../arm-none-eabi/lib/thumb/v7e-m/fpv4-sp/hard\libc_nano.a(lib_a-nano-mallocr.o)
 .ARM.attributes
                0x000000000000089f       0x34 c:/st/stm32cubeide_1.3.0/stm32cubeide/plugins/com.st.stm32cube.ide.mcu.externaltools.gnu-tools-for-stm32.7-2018-q2-update.win32_1.5.0.202011040924/tools/bin/../lib/gcc/arm-none-eabi/7.3.1/../../../../arm-none-eabi/lib/thumb/v7e-m/fpv4-sp/hard\libc_nano.a(lib_a-nano-reallocr.o)
 .ARM.attributes
                0x00000000000008d3       0x34 c:/st/stm32cubeide_1.3.0/stm32cubeide/plugins/com.st.stm32cube.ide.mcu.externaltools.gnu-tools-for-stm32.7-2018-q2-update.win32_1.5.0.202011040924/tools/bin/../lib/gcc/arm-none-eabi/7.3.1/../../../../arm-none-eabi/lib/thumb/v7e-m/fpv4-sp/hard\libc_nano.a(lib_a-sbrkr.o)
 .ARM.attributes
                0x0000000000000907       0x34 c:/st/stm32cubeide_1.3.0/stm32cubeide/plugins/com.st.stm32cube.ide.mcu.externaltools.gnu-tools-for-stm32.7-2018-q2-update.win32_1.5.0.202011040924/tools/bin/../lib/gcc/arm-none-eabi/7.3.1/../../../../arm-none-eabi/lib/thumb/v7e-m/fpv4-sp/hard\libc_nano.a(lib_a-mlock.o)
 .ARM.attributes
                0x000000000000093b       0x34 c:/st/stm32cubeide_1.3.0/stm32cubeide/plugins/com.st.stm32cube.ide.mcu.externaltools.gnu-tools-for-stm32.7-2018-q2-update.win32_1.5.0.202011040924/tools/bin/../lib/gcc/arm-none-eabi/7.3.1/../../../../arm-none-eabi/lib/thumb/v7e-m/fpv4-sp/hard\libc_nano.a(lib_a-nano-msizer.o)
 .ARM.attributes
                0x000000000000096f       0x34 c:/st/stm32cubeide_1.3.0/stm32cubeide/plugins/com.st.stm32cube.ide.mcu.externaltools.gnu-tools-for-stm32.7-2018-q2-update.win32_1.5.0.202011040924/tools/bin/../lib/gcc/arm-none-eabi/7.3.1/../../../../arm-none-eabi/lib/thumb/v7e-m/fpv4-sp/hard\libc_nano.a(lib_a-reent.o)
 .ARM.attributes
                0x00000000000009a3       0x34 c:/st/stm32cubeide_1.3.0/stm32cubeide/plugins/com.st.stm32cube.ide.mcu.externaltools.gnu-tools-for-stm32.7-2018-q2-update.win32_1.5.0.202011040924/tools/bin/../lib/gcc/arm-none-eabi/7.3.1/../../../../arm-none-eabi/lib/thumb/v7e-m/fpv4-sp/hard\libm.a(lib_a-wf_log10.o)
 .ARM.attributes
                0x00000000000009d7       0x34 c:/st/stm32cubeide_1.3.0/stm32cubeide/plugins/com.st.stm32cube.ide.mcu.externaltools.gnu-tools-for-stm32.7-2018-q2-update.win32_1.5.0.202011040924/tools/bin/../lib/gcc/arm-none-eabi/7.3.1/../../../../arm-none-eabi/lib/thumb/v7e-m/fpv4-sp/hard\libm.a(lib_a-wf_sqrt.o)
 .ARM.attributes
                0x0000000000000a0b       0x34 c:/st/stm32cubeide_1.3.0/stm32cubeide/plugins/com.st.stm32cube.ide.mcu.externaltools.gnu-tools-for-stm32.7-2018-q2-update.win32_1.5.0.202011040924/tools/bin/../lib/gcc/arm-none-eabi/7.3.1/../../../../arm-none-eabi/lib/thumb/v7e-m/fpv4-sp/hard\libm.a(lib_a-ef_log10.o)
 .ARM.attributes
                0x0000000000000a3f       0x34 c:/st/stm32cubeide_1.3.0/stm32cubeide/plugins/com.st.stm32cube.ide.mcu.externaltools.gnu-tools-for-stm32.7-2018-q2-update.win32_1.5.0.202011040924/tools/bin/../lib/gcc/arm-none-eabi/7.3.1/../../../../arm-none-eabi/lib/thumb/v7e-m/fpv4-sp/hard\libm.a(lib_a-ef_sqrt.o)
 .ARM.attributes
                0x0000000000000a73       0x34 c:/st/stm32cubeide_1.3.0/stm32cubeide/plugins/com.st.stm32cube.ide.mcu.externaltools.gnu-tools-for-stm32.7-2018-q2-update.win32_1.5.0.202011040924/tools/bin/../lib/gcc/arm-none-eabi/7.3.1/../../../../arm-none-eabi/lib/thumb/v7e-m/fpv4-sp/hard\libm.a(lib_a-s_lib_ver.o)
 .ARM.attributes
                0x0000000000000aa7       0x34 c:/st/stm32cubeide_1.3.0/stm32cubeide/plugins/com.st.stm32cube.ide.mcu.externaltools.gnu-tools-for-stm32.7-2018-q2-update.win32_1.5.0.202011040924/tools/bin/../lib/gcc/arm-none-eabi/7.3.1/../../../../arm-none-eabi/lib/thumb/v7e-m/fpv4-sp/hard\libm.a(lib_a-s_matherr.o)
 .ARM.attributes
                0x0000000000000adb       0x34 c:/st/stm32cubeide_1.3.0/stm32cubeide/plugins/com.st.stm32cube.ide.mcu.externaltools.gnu-tools-for-stm32.7-2018-q2-update.win32_1.5.0.202011040924/tools/bin/../lib/gcc/arm-none-eabi/7.3.1/../../../../arm-none-eabi/lib/thumb/v7e-m/fpv4-sp/hard\libm.a(lib_a-s_nan.o)
 .ARM.attributes
                0x0000000000000b0f       0x34 c:/st/stm32cubeide_1.3.0/stm32cubeide/plugins/com.st.stm32cube.ide.mcu.externaltools.gnu-tools-for-stm32.7-2018-q2-update.win32_1.5.0.202011040924/tools/bin/../lib/gcc/arm-none-eabi/7.3.1/../../../../arm-none-eabi/lib/thumb/v7e-m/fpv4-sp/hard\libm.a(lib_a-ef_log.o)
 .ARM.attributes
                0x0000000000000b43       0x22 c:/st/stm32cubeide_1.3.0/stm32cubeide/plugins/com.st.stm32cube.ide.mcu.externaltools.gnu-tools-for-stm32.7-2018-q2-update.win32_1.5.0.202011040924/tools/bin/../lib/gcc/arm-none-eabi/7.3.1/thumb/v7e-m/fpv4-sp/hard\libgcc.a(_arm_addsubdf3.o)
 .ARM.attributes
                0x0000000000000b65       0x22 c:/st/stm32cubeide_1.3.0/stm32cubeide/plugins/com.st.stm32cube.ide.mcu.externaltools.gnu-tools-for-stm32.7-2018-q2-update.win32_1.5.0.202011040924/tools/bin/../lib/gcc/arm-none-eabi/7.3.1/thumb/v7e-m/fpv4-sp/hard\libgcc.a(_arm_muldivdf3.o)
 .ARM.attributes
                0x0000000000000b87       0x22 c:/st/stm32cubeide_1.3.0/stm32cubeide/plugins/com.st.stm32cube.ide.mcu.externaltools.gnu-tools-for-stm32.7-2018-q2-update.win32_1.5.0.202011040924/tools/bin/../lib/gcc/arm-none-eabi/7.3.1/thumb/v7e-m/fpv4-sp/hard\libgcc.a(_arm_truncdfsf2.o)
 .ARM.attributes
                0x0000000000000ba9       0x22 c:/st/stm32cubeide_1.3.0/stm32cubeide/plugins/com.st.stm32cube.ide.mcu.externaltools.gnu-tools-for-stm32.7-2018-q2-update.win32_1.5.0.202011040924/tools/bin/../lib/gcc/arm-none-eabi/7.3.1/thumb/v7e-m/fpv4-sp/hard\libgcc.a(_aeabi_uldivmod.o)
 .ARM.attributes
                0x0000000000000bcb       0x34 c:/st/stm32cubeide_1.3.0/stm32cubeide/plugins/com.st.stm32cube.ide.mcu.externaltools.gnu-tools-for-stm32.7-2018-q2-update.win32_1.5.0.202011040924/tools/bin/../lib/gcc/arm-none-eabi/7.3.1/thumb/v7e-m/fpv4-sp/hard\libgcc.a(_udivmoddi4.o)
 .ARM.attributes
                0x0000000000000bff       0x22 c:/st/stm32cubeide_1.3.0/stm32cubeide/plugins/com.st.stm32cube.ide.mcu.externaltools.gnu-tools-for-stm32.7-2018-q2-update.win32_1.5.0.202011040924/tools/bin/../lib/gcc/arm-none-eabi/7.3.1/thumb/v7e-m/fpv4-sp/hard\libgcc.a(_dvmd_tls.o)
 .ARM.attributes
                0x0000000000000c21       0x22 c:/st/stm32cubeide_1.3.0/stm32cubeide/plugins/com.st.stm32cube.ide.mcu.externaltools.gnu-tools-for-stm32.7-2018-q2-update.win32_1.5.0.202011040924/tools/bin/../lib/gcc/arm-none-eabi/7.3.1/thumb/v7e-m/fpv4-sp/hard/crtn.o
OUTPUT(OPAMP_DSP.elf elf32-littlearm)

.comment        0x0000000000000000       0xeb
 .comment       0x0000000000000000       0x7b Core/Src/main.o
                                         0x7c (size before relaxing)
 .comment       0x000000000000007b       0x7c Core/Src/stm32l4xx_hal_msp.o
 .comment       0x000000000000007b       0x7c Core/Src/stm32l4xx_it.o
 .comment       0x000000000000007b       0x7c Core/Src/sysmem.o
 .comment       0x000000000000007b       0x7c Core/Src/system_stm32l4xx.o
 .comment       0x000000000000007b       0x7c Drivers/STM32L4xx_HAL_Driver/Src/stm32l4xx_hal.o
 .comment       0x000000000000007b       0x7c Drivers/STM32L4xx_HAL_Driver/Src/stm32l4xx_hal_adc.o
 .comment       0x000000000000007b       0x7c Drivers/STM32L4xx_HAL_Driver/Src/stm32l4xx_hal_adc_ex.o
 .comment       0x000000000000007b       0x7c Drivers/STM32L4xx_HAL_Driver/Src/stm32l4xx_hal_cortex.o
 .comment       0x000000000000007b       0x7c Drivers/STM32L4xx_HAL_Driver/Src/stm32l4xx_hal_dac.o
 .comment       0x000000000000007b       0x7c Drivers/STM32L4xx_HAL_Driver/Src/stm32l4xx_hal_dma.o
 .comment       0x000000000000007b       0x7c Drivers/STM32L4xx_HAL_Driver/Src/stm32l4xx_hal_gpio.o
 .comment       0x000000000000007b       0x7c Drivers/STM32L4xx_HAL_Driver/Src/stm32l4xx_hal_opamp.o
 .comment       0x000000000000007b       0x7c Drivers/STM32L4xx_HAL_Driver/Src/stm32l4xx_hal_pwr_ex.o
 .comment       0x000000000000007b       0x7c Drivers/STM32L4xx_HAL_Driver/Src/stm32l4xx_hal_rcc.o
 .comment       0x000000000000007b       0x7c Drivers/STM32L4xx_HAL_Driver/Src/stm32l4xx_hal_rcc_ex.o
 .comment       0x000000000000007b       0x7c Drivers/STM32L4xx_HAL_Driver/Src/stm32l4xx_hal_tim.o
 .comment       0x000000000000007b       0x7c Drivers/STM32L4xx_HAL_Driver/Src/stm32l4xx_hal_tim_ex.o
 .comment       0x000000000000007b       0x7c Drivers/STM32L4xx_HAL_Driver/Src/stm32l4xx_hal_uart.o
 .comment       0x000000000000007b       0x70 C:\Users\abdou\Documents\M2 SEM\PFE\Analyse vibratoire\Programmes_mcu\OPAMP_DSP\DSP_Lib\Source\libarm_cortexM4lf_math.a(arm_rfft_fast_init_f32.o)
                                         0x71 (size before relaxing)
 .comment       0x00000000000000eb       0x71 C:\Users\abdou\Documents\M2 SEM\PFE\Analyse vibratoire\Programmes_mcu\OPAMP_DSP\DSP_Lib\Source\libarm_cortexM4lf_math.a(arm_rfft_fast_f32.o)
 .comment       0x00000000000000eb       0x71 C:\Users\abdou\Documents\M2 SEM\PFE\Analyse vibratoire\Programmes_mcu\OPAMP_DSP\DSP_Lib\Source\libarm_cortexM4lf_math.a(arm_cfft_f32.o)
 .comment       0x00000000000000eb       0x71 C:\Users\abdou\Documents\M2 SEM\PFE\Analyse vibratoire\Programmes_mcu\OPAMP_DSP\DSP_Lib\Source\libarm_cortexM4lf_math.a(arm_common_tables.o)
 .comment       0x00000000000000eb       0x71 C:\Users\abdou\Documents\M2 SEM\PFE\Analyse vibratoire\Programmes_mcu\OPAMP_DSP\DSP_Lib\Source\libarm_cortexM4lf_math.a(arm_cfft_radix8_f32.o)

.debug_info     0x0000000000000000     0x20e4
 .debug_info    0x0000000000000000      0x4c3 C:\Users\abdou\Documents\M2 SEM\PFE\Analyse vibratoire\Programmes_mcu\OPAMP_DSP\DSP_Lib\Source\libarm_cortexM4lf_math.a(arm_rfft_fast_init_f32.o)
 .debug_info    0x00000000000004c3      0x72d C:\Users\abdou\Documents\M2 SEM\PFE\Analyse vibratoire\Programmes_mcu\OPAMP_DSP\DSP_Lib\Source\libarm_cortexM4lf_math.a(arm_rfft_fast_f32.o)
 .debug_info    0x0000000000000bf0      0x6b9 C:\Users\abdou\Documents\M2 SEM\PFE\Analyse vibratoire\Programmes_mcu\OPAMP_DSP\DSP_Lib\Source\libarm_cortexM4lf_math.a(arm_cfft_f32.o)
 .debug_info    0x00000000000012a9      0x99d C:\Users\abdou\Documents\M2 SEM\PFE\Analyse vibratoire\Programmes_mcu\OPAMP_DSP\DSP_Lib\Source\libarm_cortexM4lf_math.a(arm_common_tables.o)
 .debug_info    0x0000000000001c46       0x85 C:\Users\abdou\Documents\M2 SEM\PFE\Analyse vibratoire\Programmes_mcu\OPAMP_DSP\DSP_Lib\Source\libarm_cortexM4lf_math.a(arm_bitreversal2.o)
 .debug_info    0x0000000000001ccb      0x419 C:\Users\abdou\Documents\M2 SEM\PFE\Analyse vibratoire\Programmes_mcu\OPAMP_DSP\DSP_Lib\Source\libarm_cortexM4lf_math.a(arm_cfft_radix8_f32.o)

.debug_abbrev   0x0000000000000000      0x550
 .debug_abbrev  0x0000000000000000       0xfd C:\Users\abdou\Documents\M2 SEM\PFE\Analyse vibratoire\Programmes_mcu\OPAMP_DSP\DSP_Lib\Source\libarm_cortexM4lf_math.a(arm_rfft_fast_init_f32.o)
 .debug_abbrev  0x00000000000000fd      0x188 C:\Users\abdou\Documents\M2 SEM\PFE\Analyse vibratoire\Programmes_mcu\OPAMP_DSP\DSP_Lib\Source\libarm_cortexM4lf_math.a(arm_rfft_fast_f32.o)
 .debug_abbrev  0x0000000000000285      0x18b C:\Users\abdou\Documents\M2 SEM\PFE\Analyse vibratoire\Programmes_mcu\OPAMP_DSP\DSP_Lib\Source\libarm_cortexM4lf_math.a(arm_cfft_f32.o)
 .debug_abbrev  0x0000000000000410       0x84 C:\Users\abdou\Documents\M2 SEM\PFE\Analyse vibratoire\Programmes_mcu\OPAMP_DSP\DSP_Lib\Source\libarm_cortexM4lf_math.a(arm_common_tables.o)
 .debug_abbrev  0x0000000000000494       0x14 C:\Users\abdou\Documents\M2 SEM\PFE\Analyse vibratoire\Programmes_mcu\OPAMP_DSP\DSP_Lib\Source\libarm_cortexM4lf_math.a(arm_bitreversal2.o)
 .debug_abbrev  0x00000000000004a8       0xa8 C:\Users\abdou\Documents\M2 SEM\PFE\Analyse vibratoire\Programmes_mcu\OPAMP_DSP\DSP_Lib\Source\libarm_cortexM4lf_math.a(arm_cfft_radix8_f32.o)

.debug_loc      0x0000000000000000     0x2a79
 .debug_loc     0x0000000000000000      0x1a6 C:\Users\abdou\Documents\M2 SEM\PFE\Analyse vibratoire\Programmes_mcu\OPAMP_DSP\DSP_Lib\Source\libarm_cortexM4lf_math.a(arm_rfft_fast_init_f32.o)
 .debug_loc     0x00000000000001a6      0xf1a C:\Users\abdou\Documents\M2 SEM\PFE\Analyse vibratoire\Programmes_mcu\OPAMP_DSP\DSP_Lib\Source\libarm_cortexM4lf_math.a(arm_rfft_fast_f32.o)
 .debug_loc     0x00000000000010c0     0x1053 C:\Users\abdou\Documents\M2 SEM\PFE\Analyse vibratoire\Programmes_mcu\OPAMP_DSP\DSP_Lib\Source\libarm_cortexM4lf_math.a(arm_cfft_f32.o)
 .debug_loc     0x0000000000002113      0x966 C:\Users\abdou\Documents\M2 SEM\PFE\Analyse vibratoire\Programmes_mcu\OPAMP_DSP\DSP_Lib\Source\libarm_cortexM4lf_math.a(arm_cfft_radix8_f32.o)

.debug_aranges  0x0000000000000000       0xd8
 .debug_aranges
                0x0000000000000000       0x20 C:\Users\abdou\Documents\M2 SEM\PFE\Analyse vibratoire\Programmes_mcu\OPAMP_DSP\DSP_Lib\Source\libarm_cortexM4lf_math.a(arm_rfft_fast_init_f32.o)
 .debug_aranges
                0x0000000000000020       0x30 C:\Users\abdou\Documents\M2 SEM\PFE\Analyse vibratoire\Programmes_mcu\OPAMP_DSP\DSP_Lib\Source\libarm_cortexM4lf_math.a(arm_rfft_fast_f32.o)
 .debug_aranges
                0x0000000000000050       0x30 C:\Users\abdou\Documents\M2 SEM\PFE\Analyse vibratoire\Programmes_mcu\OPAMP_DSP\DSP_Lib\Source\libarm_cortexM4lf_math.a(arm_cfft_f32.o)
 .debug_aranges
                0x0000000000000080       0x18 C:\Users\abdou\Documents\M2 SEM\PFE\Analyse vibratoire\Programmes_mcu\OPAMP_DSP\DSP_Lib\Source\libarm_cortexM4lf_math.a(arm_common_tables.o)
 .debug_aranges
                0x0000000000000098       0x20 C:\Users\abdou\Documents\M2 SEM\PFE\Analyse vibratoire\Programmes_mcu\OPAMP_DSP\DSP_Lib\Source\libarm_cortexM4lf_math.a(arm_bitreversal2.o)
 .debug_aranges
                0x00000000000000b8       0x20 C:\Users\abdou\Documents\M2 SEM\PFE\Analyse vibratoire\Programmes_mcu\OPAMP_DSP\DSP_Lib\Source\libarm_cortexM4lf_math.a(arm_cfft_radix8_f32.o)

.debug_ranges   0x0000000000000000       0x60
 .debug_ranges  0x0000000000000000       0x10 C:\Users\abdou\Documents\M2 SEM\PFE\Analyse vibratoire\Programmes_mcu\OPAMP_DSP\DSP_Lib\Source\libarm_cortexM4lf_math.a(arm_rfft_fast_init_f32.o)
 .debug_ranges  0x0000000000000010       0x20 C:\Users\abdou\Documents\M2 SEM\PFE\Analyse vibratoire\Programmes_mcu\OPAMP_DSP\DSP_Lib\Source\libarm_cortexM4lf_math.a(arm_rfft_fast_f32.o)
 .debug_ranges  0x0000000000000030       0x20 C:\Users\abdou\Documents\M2 SEM\PFE\Analyse vibratoire\Programmes_mcu\OPAMP_DSP\DSP_Lib\Source\libarm_cortexM4lf_math.a(arm_cfft_f32.o)
 .debug_ranges  0x0000000000000050       0x10 C:\Users\abdou\Documents\M2 SEM\PFE\Analyse vibratoire\Programmes_mcu\OPAMP_DSP\DSP_Lib\Source\libarm_cortexM4lf_math.a(arm_cfft_radix8_f32.o)

.debug_line     0x0000000000000000     0x142b
 .debug_line    0x0000000000000000      0x1ab C:\Users\abdou\Documents\M2 SEM\PFE\Analyse vibratoire\Programmes_mcu\OPAMP_DSP\DSP_Lib\Source\libarm_cortexM4lf_math.a(arm_rfft_fast_init_f32.o)
 .debug_line    0x00000000000001ab      0x2c2 C:\Users\abdou\Documents\M2 SEM\PFE\Analyse vibratoire\Programmes_mcu\OPAMP_DSP\DSP_Lib\Source\libarm_cortexM4lf_math.a(arm_rfft_fast_f32.o)
 .debug_line    0x000000000000046d      0x77e C:\Users\abdou\Documents\M2 SEM\PFE\Analyse vibratoire\Programmes_mcu\OPAMP_DSP\DSP_Lib\Source\libarm_cortexM4lf_math.a(arm_cfft_f32.o)
 .debug_line    0x0000000000000beb      0x12e C:\Users\abdou\Documents\M2 SEM\PFE\Analyse vibratoire\Programmes_mcu\OPAMP_DSP\DSP_Lib\Source\libarm_cortexM4lf_math.a(arm_common_tables.o)
 .debug_line    0x0000000000000d19       0x98 C:\Users\abdou\Documents\M2 SEM\PFE\Analyse vibratoire\Programmes_mcu\OPAMP_DSP\DSP_Lib\Source\libarm_cortexM4lf_math.a(arm_bitreversal2.o)
 .debug_line    0x0000000000000db1      0x67a C:\Users\abdou\Documents\M2 SEM\PFE\Analyse vibratoire\Programmes_mcu\OPAMP_DSP\DSP_Lib\Source\libarm_cortexM4lf_math.a(arm_cfft_radix8_f32.o)

.debug_str      0x0000000000000000      0x9df
 .debug_str     0x0000000000000000      0x4c7 C:\Users\abdou\Documents\M2 SEM\PFE\Analyse vibratoire\Programmes_mcu\OPAMP_DSP\DSP_Lib\Source\libarm_cortexM4lf_math.a(arm_rfft_fast_init_f32.o)
                                        0x517 (size before relaxing)
 .debug_str     0x00000000000004c7       0x91 C:\Users\abdou\Documents\M2 SEM\PFE\Analyse vibratoire\Programmes_mcu\OPAMP_DSP\DSP_Lib\Source\libarm_cortexM4lf_math.a(arm_rfft_fast_f32.o)
                                        0x2f4 (size before relaxing)
 .debug_str     0x0000000000000558      0x109 C:\Users\abdou\Documents\M2 SEM\PFE\Analyse vibratoire\Programmes_mcu\OPAMP_DSP\DSP_Lib\Source\libarm_cortexM4lf_math.a(arm_cfft_f32.o)
                                        0x35f (size before relaxing)
 .debug_str     0x0000000000000661      0x33b C:\Users\abdou\Documents\M2 SEM\PFE\Analyse vibratoire\Programmes_mcu\OPAMP_DSP\DSP_Lib\Source\libarm_cortexM4lf_math.a(arm_common_tables.o)
                                        0x704 (size before relaxing)
 .debug_str     0x000000000000099c       0x43 C:\Users\abdou\Documents\M2 SEM\PFE\Analyse vibratoire\Programmes_mcu\OPAMP_DSP\DSP_Lib\Source\libarm_cortexM4lf_math.a(arm_cfft_radix8_f32.o)
                                        0x256 (size before relaxing)

.debug_frame    0x0000000000000000      0x8a4
 .debug_frame   0x0000000000000000       0x34 C:\Users\abdou\Documents\M2 SEM\PFE\Analyse vibratoire\Programmes_mcu\OPAMP_DSP\DSP_Lib\Source\libarm_cortexM4lf_math.a(arm_rfft_fast_init_f32.o)
 .debug_frame   0x0000000000000034       0x74 C:\Users\abdou\Documents\M2 SEM\PFE\Analyse vibratoire\Programmes_mcu\OPAMP_DSP\DSP_Lib\Source\libarm_cortexM4lf_math.a(arm_rfft_fast_f32.o)
 .debug_frame   0x00000000000000a8       0xfc C:\Users\abdou\Documents\M2 SEM\PFE\Analyse vibratoire\Programmes_mcu\OPAMP_DSP\DSP_Lib\Source\libarm_cortexM4lf_math.a(arm_cfft_f32.o)
 .debug_frame   0x00000000000001a4       0x94 C:\Users\abdou\Documents\M2 SEM\PFE\Analyse vibratoire\Programmes_mcu\OPAMP_DSP\DSP_Lib\Source\libarm_cortexM4lf_math.a(arm_cfft_radix8_f32.o)
 .debug_frame   0x0000000000000238       0x20 c:/st/stm32cubeide_1.3.0/stm32cubeide/plugins/com.st.stm32cube.ide.mcu.externaltools.gnu-tools-for-stm32.7-2018-q2-update.win32_1.5.0.202011040924/tools/bin/../lib/gcc/arm-none-eabi/7.3.1/../../../../arm-none-eabi/lib/thumb/v7e-m/fpv4-sp/hard\libc_nano.a(lib_a-errno.o)
 .debug_frame   0x0000000000000258       0x2c c:/st/stm32cubeide_1.3.0/stm32cubeide/plugins/com.st.stm32cube.ide.mcu.externaltools.gnu-tools-for-stm32.7-2018-q2-update.win32_1.5.0.202011040924/tools/bin/../lib/gcc/arm-none-eabi/7.3.1/../../../../arm-none-eabi/lib/thumb/v7e-m/fpv4-sp/hard\libc_nano.a(lib_a-init.o)
 .debug_frame   0x0000000000000284       0x20 c:/st/stm32cubeide_1.3.0/stm32cubeide/plugins/com.st.stm32cube.ide.mcu.externaltools.gnu-tools-for-stm32.7-2018-q2-update.win32_1.5.0.202011040924/tools/bin/../lib/gcc/arm-none-eabi/7.3.1/../../../../arm-none-eabi/lib/thumb/v7e-m/fpv4-sp/hard\libc_nano.a(lib_a-memset.o)
 .debug_frame   0x00000000000002a4       0x6c c:/st/stm32cubeide_1.3.0/stm32cubeide/plugins/com.st.stm32cube.ide.mcu.externaltools.gnu-tools-for-stm32.7-2018-q2-update.win32_1.5.0.202011040924/tools/bin/../lib/gcc/arm-none-eabi/7.3.1/../../../../arm-none-eabi/lib/thumb/v7e-m/fpv4-sp/hard\libc_nano.a(lib_a-sprintf.o)
 .debug_frame   0x0000000000000310       0x20 c:/st/stm32cubeide_1.3.0/stm32cubeide/plugins/com.st.stm32cube.ide.mcu.externaltools.gnu-tools-for-stm32.7-2018-q2-update.win32_1.5.0.202011040924/tools/bin/../lib/gcc/arm-none-eabi/7.3.1/../../../../arm-none-eabi/lib/thumb/v7e-m/fpv4-sp/hard\libc_nano.a(lib_a-strcpy.o)
 .debug_frame   0x0000000000000330       0x90 c:/st/stm32cubeide_1.3.0/stm32cubeide/plugins/com.st.stm32cube.ide.mcu.externaltools.gnu-tools-for-stm32.7-2018-q2-update.win32_1.5.0.202011040924/tools/bin/../lib/gcc/arm-none-eabi/7.3.1/../../../../arm-none-eabi/lib/thumb/v7e-m/fpv4-sp/hard\libc_nano.a(lib_a-nano-svfprintf.o)
 .debug_frame   0x00000000000003c0       0x60 c:/st/stm32cubeide_1.3.0/stm32cubeide/plugins/com.st.stm32cube.ide.mcu.externaltools.gnu-tools-for-stm32.7-2018-q2-update.win32_1.5.0.202011040924/tools/bin/../lib/gcc/arm-none-eabi/7.3.1/../../../../arm-none-eabi/lib/thumb/v7e-m/fpv4-sp/hard\libc_nano.a(lib_a-nano-vfprintf_i.o)
 .debug_frame   0x0000000000000420       0x28 c:/st/stm32cubeide_1.3.0/stm32cubeide/plugins/com.st.stm32cube.ide.mcu.externaltools.gnu-tools-for-stm32.7-2018-q2-update.win32_1.5.0.202011040924/tools/bin/../lib/gcc/arm-none-eabi/7.3.1/../../../../arm-none-eabi/lib/thumb/v7e-m/fpv4-sp/hard\libc_nano.a(lib_a-memcpy-stub.o)
 .debug_frame   0x0000000000000448       0x28 c:/st/stm32cubeide_1.3.0/stm32cubeide/plugins/com.st.stm32cube.ide.mcu.externaltools.gnu-tools-for-stm32.7-2018-q2-update.win32_1.5.0.202011040924/tools/bin/../lib/gcc/arm-none-eabi/7.3.1/../../../../arm-none-eabi/lib/thumb/v7e-m/fpv4-sp/hard\libc_nano.a(lib_a-memmove.o)
 .debug_frame   0x0000000000000470       0x38 c:/st/stm32cubeide_1.3.0/stm32cubeide/plugins/com.st.stm32cube.ide.mcu.externaltools.gnu-tools-for-stm32.7-2018-q2-update.win32_1.5.0.202011040924/tools/bin/../lib/gcc/arm-none-eabi/7.3.1/../../../../arm-none-eabi/lib/thumb/v7e-m/fpv4-sp/hard\libc_nano.a(lib_a-nano-freer.o)
 .debug_frame   0x00000000000004a8       0x2c c:/st/stm32cubeide_1.3.0/stm32cubeide/plugins/com.st.stm32cube.ide.mcu.externaltools.gnu-tools-for-stm32.7-2018-q2-update.win32_1.5.0.202011040924/tools/bin/../lib/gcc/arm-none-eabi/7.3.1/../../../../arm-none-eabi/lib/thumb/v7e-m/fpv4-sp/hard\libc_nano.a(lib_a-nano-mallocr.o)
 .debug_frame   0x00000000000004d4       0x3c c:/st/stm32cubeide_1.3.0/stm32cubeide/plugins/com.st.stm32cube.ide.mcu.externaltools.gnu-tools-for-stm32.7-2018-q2-update.win32_1.5.0.202011040924/tools/bin/../lib/gcc/arm-none-eabi/7.3.1/../../../../arm-none-eabi/lib/thumb/v7e-m/fpv4-sp/hard\libc_nano.a(lib_a-nano-reallocr.o)
 .debug_frame   0x0000000000000510       0x2c c:/st/stm32cubeide_1.3.0/stm32cubeide/plugins/com.st.stm32cube.ide.mcu.externaltools.gnu-tools-for-stm32.7-2018-q2-update.win32_1.5.0.202011040924/tools/bin/../lib/gcc/arm-none-eabi/7.3.1/../../../../arm-none-eabi/lib/thumb/v7e-m/fpv4-sp/hard\libc_nano.a(lib_a-sbrkr.o)
 .debug_frame   0x000000000000053c       0x30 c:/st/stm32cubeide_1.3.0/stm32cubeide/plugins/com.st.stm32cube.ide.mcu.externaltools.gnu-tools-for-stm32.7-2018-q2-update.win32_1.5.0.202011040924/tools/bin/../lib/gcc/arm-none-eabi/7.3.1/../../../../arm-none-eabi/lib/thumb/v7e-m/fpv4-sp/hard\libc_nano.a(lib_a-mlock.o)