Archive member included to satisfy reference by file (symbol)

C:\Users\abdou\Documents\M2 SEM\PFE\Analyse vibratoire\Programmes_mcu\OPAMP_DSP\DSP_Lib\Source\libarm_cortexM4lf_math.a(arm_rfft_fast_init_f32.o)
                              Core/Src/main.o (arm_rfft_fast_init_f32)
C:\Users\abdou\Documents\M2 SEM\PFE\Analyse vibratoire\Programmes_mcu\OPAMP_DSP\DSP_Lib\Source\libarm_cortexM4lf_math.a(arm_rfft_fast_f32.o)
                              Core/Src/main.o (arm_rfft_fast_f32)
C:\Users\abdou\Documents\M2 SEM\PFE\Analyse vibratoire\Programmes_mcu\OPAMP_DSP\DSP_Lib\Source\libarm_cortexM4lf_math.a(arm_cfft_f32.o)
                              C:\Users\abdou\Documents\M2 SEM\PFE\Analyse vibratoire\Programmes_mcu\OPAMP_DSP\DSP_Lib\Source\libarm_cortexM4lf_math.a(arm_rfft_fast_f32.o) (arm_cfft_f32)
C:\Users\abdou\Documents\M2 SEM\PFE\Analyse vibratoire\Programmes_mcu\OPAMP_DSP\DSP_Lib\Source\libarm_cortexM4lf_math.a(arm_common_tables.o)
                              C:\Users\abdou\Documents\M2 SEM\PFE\Analyse vibratoire\Programmes_mcu\OPAMP_DSP\DSP_Lib\Source\libarm_cortexM4lf_math.a(arm_rfft_fast_init_f32.o) (twiddleCoef_rfft_4096)
C:\Users\abdou\Documents\M2 SEM\PFE\Analyse vibratoire\Programmes_mcu\OPAMP_DSP\DSP_Lib\Source\libarm_cortexM4lf_math.a(arm_bitreversal2.o)
                              C:\Users\abdou\Documents\M2 SEM\PFE\Analyse vibratoire\Programmes_mcu\OPAMP_DSP\DSP_Lib\Source\libarm_cortexM4lf_math.a(arm_cfft_f32.o) (arm_bitreversal_32)
C:\Users\abdou\Documents\M2 SEM\PFE\Analyse vibratoire\Programmes_mcu\OPAMP_DSP\DSP_Lib\Source\libarm_cortexM4lf_math.a(arm_cfft_radix8_f32.o)
                              C:\Users\abdou\Documents\M2 SEM\PFE\Analyse vibratoire\Programmes_mcu\OPAMP_DSP\DSP_Lib\Source\libarm_cortexM4lf_math.a(arm_cfft_f32.o) (arm_radix8_butterfly_f32)
c:/st/stm32cubeide_1.3.0/stm32cubeide/plugins/com.st.stm32cube.ide.mcu.externaltools.gnu-tools-for-stm32.7-2018-q2-update.win32_1.5.0.202011040924/tools/bin/../lib/gcc/arm-none-eabi/7.3.1/../../../../arm-none-eabi/lib/thumb/v7e-m/fpv4-sp/hard\libc_nano.a(lib_a-errno.o)
                              Core/Src/syscalls.o (__errno)
c:/st/stm32cubeide_1.3.0/stm32cubeide/plugins/com.st.stm32cube.ide.mcu.externaltools.gnu-tools-for-stm32.7-2018-q2-update.win32_1.5.0.202011040924/tools/bin/../lib/gcc/arm-none-eabi/7.3.1/../../../../arm-none-eabi/lib/thumb/v7e-m/fpv4-sp/hard\libc_nano.a(lib_a-exit.o)
                              c:/st/stm32cubeide_1.3.0/stm32cubeide/plugins/com.st.stm32cube.ide.mcu.externaltools.gnu-tools-for-stm32.7-2018-q2-update.win32_1.5.0.202011040924/tools/bin/../lib/gcc/arm-none-eabi/7.3.1/../../../../arm-none-eabi/lib/thumb/v7e-m/fpv4-sp/hard/crt0.o (exit)
c:/st/stm32cubeide_1.3.0/stm32cubeide/plugins/com.st.stm32cube.ide.mcu.externaltools.gnu-tools-for-stm32.7-2018-q2-update.win32_1.5.0.202011040924/tools/bin/../lib/gcc/arm-none-eabi/7.3.1/../../../../arm-none-eabi/lib/thumb/v7e-m/fpv4-sp/hard\libc_nano.a(lib_a-impure.o)
                              c:/st/stm32cubeide_1.3.0/stm32cubeide/plugins/com.st.stm32cube.ide.mcu.externaltools.gnu-tools-for-stm32.7-2018-q2-update.win32_1.5.0.202011040924/tools/bin/../lib/gcc/arm-none-eabi/7.3.1/../../../../arm-none-eabi/lib/thumb/v7e-m/fpv4-sp/hard\libc_nano.a(lib_a-exit.o) (_global_impure_ptr)
c:/st/stm32cubeide_1.3.0/stm32cubeide/plugins/com.st.stm32cube.ide.mcu.externaltools.gnu-tools-for-stm32.7-2018-q2-update.win32_1.5.0.202011040924/tools/bin/../lib/gcc/arm-none-eabi/7.3.1/../../../../arm-none-eabi/lib/thumb/v7e-m/fpv4-sp/hard\libc_nano.a(lib_a-init.o)
                              c:/st/stm32cubeide_1.3.0/stm32cubeide/plugins/com.st.stm32cube.ide.mcu.externaltools.gnu-tools-for-stm32.7-2018-q2-update.win32_1.5.0.202011040924/tools/bin/../lib/gcc/arm-none-eabi/7.3.1/../../../../arm-none-eabi/lib/thumb/v7e-m/fpv4-sp/hard/crt0.o (__libc_init_array)
c:/st/stm32cubeide_1.3.0/stm32cubeide/plugins/com.st.stm32cube.ide.mcu.externaltools.gnu-tools-for-stm32.7-2018-q2-update.win32_1.5.0.202011040924/tools/bin/../lib/gcc/arm-none-eabi/7.3.1/../../../../arm-none-eabi/lib/thumb/v7e-m/fpv4-sp/hard\libc_nano.a(lib_a-memset.o)
                              c:/st/stm32cubeide_1.3.0/stm32cubeide/plugins/com.st.stm32cube.ide.mcu.externaltools.gnu-tools-for-stm32.7-2018-q2-update.win32_1.5.0.202011040924/tools/bin/../lib/gcc/arm-none-eabi/7.3.1/../../../../arm-none-eabi/lib/thumb/v7e-m/fpv4-sp/hard/crt0.o (memset)
c:/st/stm32cubeide_1.3.0/stm32cubeide/plugins/com.st.stm32cube.ide.mcu.externaltools.gnu-tools-for-stm32.7-2018-q2-update.win32_1.5.0.202011040924/tools/bin/../lib/gcc/arm-none-eabi/7.3.1/../../../../arm-none-eabi/lib/thumb/v7e-m/fpv4-sp/hard\libc_nano.a(lib_a-sprintf.o)
                              Core/Src/main.o (sprintf)
[...]
Memory Configuration

Name             Origin             Length             Attributes
RAM              0x0000000020000000 0x0000000000010000 xrw
FLASH            0x0000000008000000 0x0000000000040000 xr
*default*        0x0000000000000000 0xffffffffffffffff

Linker script and memory map

LOAD c:/st/stm32cubeide_1.3.0/stm32cubeide/plugins/com.st.stm32cube.ide.mcu.externaltools.gnu-tools-for-stm32.7-2018-q2-update.win32_1.5.0.202011040924/tools/bin/../lib/gcc/arm-none-eabi/7.3.1/thumb/v7e-m/fpv4-sp/hard/crti.o
LOAD c:/st/stm32cubeide_1.3.0/stm32cubeide/plugins/com.st.stm32cube.ide.mcu.externaltools.gnu-tools-for-stm32.7-2018-q2-update.win32_1.5.0.202011040924/tools/bin/../lib/gcc/arm-none-eabi/7.3.1/thumb/v7e-m/fpv4-sp/hard/crtbegin.o
LOAD c:/st/stm32cubeide_1.3.0/stm32cubeide/plugins/com.st.stm32cube.ide.mcu.externaltools.gnu-tools-for-stm32.7-2018-q2-update.win32_1.5.0.202011040924/tools/bin/../lib/gcc/arm-none-eabi/7.3.1/../../../../arm-none-eabi/lib/thumb/v7e-m/fpv4-sp/hard/crt0.o
LOAD Core/Src/main.o
LOAD Core/Src/stm32l4xx_hal_msp.o
LOAD Core/Src/stm32l4xx_it.o
LOAD Core/Src/syscalls.o
LOAD Core/Src/sysmem.o
LOAD Core/Src/system_stm32l4xx.o
LOAD Core/Startup/startup_stm32l433cctx.o
LOAD Drivers/STM32L4xx_HAL_Driver/Src/stm32l4xx_hal.o
LOAD Drivers/STM32L4xx_HAL_Driver/Src/stm32l4xx_hal_adc.o
LOAD Drivers/STM32L4xx_HAL_Driver/Src/stm32l4xx_hal_adc_ex.o
LOAD Drivers/STM32L4xx_HAL_Driver/Src/stm32l4xx_hal_cortex.o
LOAD Drivers/STM32L4xx_HAL_Driver/Src/stm32l4xx_hal_dac.o
LOAD Drivers/STM32L4xx_HAL_Driver/Src/stm32l4xx_hal_dac_ex.o
LOAD Drivers/STM32L4xx_HAL_Driver/Src/stm32l4xx_hal_dma.o
LOAD Drivers/STM32L4xx_HAL_Driver/Src/stm32l4xx_hal_dma_ex.o
LOAD Drivers/STM32L4xx_HAL_Driver/Src/stm32l4xx_hal_exti.o
LOAD Drivers/STM32L4xx_HAL_Driver/Src/stm32l4xx_hal_flash.o
LOAD Drivers/STM32L4xx_HAL_Driver/Src/stm32l4xx_hal_flash_ex.o
LOAD Drivers/STM32L4xx_HAL_Driver/Src/stm32l4xx_hal_flash_ramfunc.o
LOAD Drivers/STM32L4xx_HAL_Driver/Src/stm32l4xx_hal_gpio.o
LOAD Drivers/STM32L4xx_HAL_Driver/Src/stm32l4xx_hal_i2c.o
LOAD Drivers/STM32L4xx_HAL_Driver/Src/stm32l4xx_hal_i2c_ex.o
LOAD Drivers/STM32L4xx_HAL_Driver/Src/stm32l4xx_hal_opamp.o
LOAD Drivers/STM32L4xx_HAL_Driver/Src/stm32l4xx_hal_opamp_ex.o
LOAD Drivers/STM32L4xx_HAL_Driver/Src/stm32l4xx_hal_pwr.o
LOAD Drivers/STM32L4xx_HAL_Driver/Src/stm32l4xx_hal_pwr_ex.o
LOAD Drivers/STM32L4xx_HAL_Driver/Src/stm32l4xx_hal_rcc.o
LOAD Drivers/STM32L4xx_HAL_Driver/Src/stm32l4xx_hal_rcc_ex.o
LOAD Drivers/STM32L4xx_HAL_Driver/Src/stm32l4xx_hal_tim.o
LOAD Drivers/STM32L4xx_HAL_Driver/Src/stm32l4xx_hal_tim_ex.o
LOAD Drivers/STM32L4xx_HAL_Driver/Src/stm32l4xx_hal_uart.o
LOAD Drivers/STM32L4xx_HAL_Driver/Src/stm32l4xx_hal_uart_ex.o
LOAD C:\Users\abdou\Documents\M2 SEM\PFE\Analyse vibratoire\Programmes_mcu\OPAMP_DSP\DSP_Lib\Source\libarm_cortexM4lf_math.a
START GROUP
LOAD c:/st/stm32cubeide_1.3.0/stm32cubeide/plugins/com.st.stm32cube.ide.mcu.externaltools.gnu-tools-for-stm32.7-2018-q2-update.win32_1.5.0.202011040924/tools/bin/../lib/gcc/arm-none-eabi/7.3.1/../../../../arm-none-eabi/lib/thumb/v7e-m/fpv4-sp/hard\libc_nano.a
LOAD c:/st/stm32cubeide_1.3.0/stm32cubeide/plugins/com.st.stm32cube.ide.mcu.externaltools.gnu-tools-for-stm32.7-2018-q2-update.win32_1.5.0.202011040924/tools/bin/../lib/gcc/arm-none-eabi/7.3.1/../../../../arm-none-eabi/lib/thumb/v7e-m/fpv4-sp/hard\libm.a
END GROUP
START GROUP
LOAD c:/st/stm32cubeide_1.3.0/stm32cubeide/plugins/com.st.stm32cube.ide.mcu.externaltools.gnu-tools-for-stm32.7-2018-q2-update.win32_1.5.0.202011040924/tools/bin/../lib/gcc/arm-none-eabi/7.3.1/thumb/v7e-m/fpv4-sp/hard\libgcc.a
LOAD c:/st/stm32cubeide_1.3.0/stm32cubeide/plugins/com.st.stm32cube.ide.mcu.externaltools.gnu-tools-for-stm32.7-2018-q2-update.win32_1.5.0.202011040924/tools/bin/../lib/gcc/arm-none-eabi/7.3.1/../../../../arm-none-eabi/lib/thumb/v7e-m/fpv4-sp/hard\libc_nano.a
END GROUP
START GROUP
LOAD c:/st/stm32cubeide_1.3.0/stm32cubeide/plugins/com.st.stm32cube.ide.mcu.externaltools.gnu-tools-for-stm32.7-2018-q2-update.win32_1.5.0.202011040924/tools/bin/../lib/gcc/arm-none-eabi/7.3.1/thumb/v7e-m/fpv4-sp/hard\libgcc.a
LOAD c:/st/stm32cubeide_1.3.0/stm32cubeide/plugins/com.st.stm32cube.ide.mcu.externaltools.gnu-tools-for-stm32.7-2018-q2-update.win32_1.5.0.202011040924/tools/bin/../lib/gcc/arm-none-eabi/7.3.1/../../../../arm-none-eabi/lib/thumb/v7e-m/fpv4-sp/hard\libc_nano.a
LOAD c:/st/stm32cubeide_1.3.0/stm32cubeide/plugins/com.st.stm32cube.ide.mcu.externaltools.gnu-tools-for-stm32.7-2018-q2-update.win32_1.5.0.202011040924/tools/bin/../lib/gcc/arm-none-eabi/7.3.1/../../../../arm-none-eabi/lib/thumb/v7e-m/fpv4-sp/hard\libnosys.a
END GROUP
START GROUP
LOAD c:/st/stm32cubeide_1.3.0/stm32cubeide/plugins/com.st.stm32cube.ide.mcu.externaltools.gnu-tools-for-stm32.7-2018-q2-update.win32_1.5.0.202011040924/tools/bin/../lib/gcc/arm-none-eabi/7.3.1/thumb/v7e-m/fpv4-sp/hard\libgcc.a
LOAD c:/st/stm32cubeide_1.3.0/stm32cubeide/plugins/com.st.stm32cube.ide.mcu.externaltools.gnu-tools-for-stm32.7-2018-q2-update.win32_1.5.0.202011040924/tools/bin/../lib/gcc/arm-none-eabi/7.3.1/../../../../arm-none-eabi/lib/thumb/v7e-m/fpv4-sp/hard\libc_nano.a
LOAD c:/st/stm32cubeide_1.3.0/stm32cubeide/plugins/com.st.stm32cube.ide.mcu.externaltools.gnu-tools-for-stm32.7-2018-q2-update.win32_1.5.0.202011040924/tools/bin/../lib/gcc/arm-none-eabi/7.3.1/../../../../arm-none-eabi/lib/thumb/v7e-m/fpv4-sp/hard\libnosys.a
END GROUP
LOAD c:/st/stm32cubeide_1.3.0/stm32cubeide/plugins/com.st.stm32cube.ide.mcu.externaltools.gnu-tools-for-stm32.7-2018-q2-update.win32_1.5.0.202011040924/tools/bin/../lib/gcc/arm-none-eabi/7.3.1/thumb/v7e-m/fpv4-sp/hard/crtend.o
LOAD c:/st/stm32cubeide_1.3.0/stm32cubeide/plugins/com.st.stm32cube.ide.mcu.externaltools.gnu-tools-for-stm32.7-2018-q2-update.win32_1.5.0.202011040924/tools/bin/../lib/gcc/arm-none-eabi/7.3.1/thumb/v7e-m/fpv4-sp/hard/crtn.o
                0x0000000020010000                _estack = (ORIGIN (RAM) + LENGTH (RAM))
                0x0000000000000200                _Min_Heap_Size = 0x200
                0x0000000000000400                _Min_Stack_Size = 0x400

.isr_vector     0x0000000008000000      0x18c
                0x0000000008000000                . = ALIGN (0x4)
 *(.isr_vector)
 .isr_vector    0x0000000008000000      0x18c Core/Startup/startup_stm32l433cctx.o
                0x0000000008000000                g_pfnVectors
                0x000000000800018c                . = ALIGN (0x4)

.text           0x0000000008000190     0x7904
                0x0000000008000190                . = ALIGN (0x4)
 *(.text)
 .text          0x0000000008000190       0x40 c:/st/stm32cubeide_1.3.0/stm32cubeide/plugins/com.st.stm32cube.ide.mcu.externaltools.gnu-tools-for-stm32.7-2018-q2-update.win32_1.5.0.202011040924/tools/bin/../lib/gcc/arm-none-eabi/7.3.1/thumb/v7e-m/fpv4-sp/hard/crtbegin.o
 .text          0x00000000080001d0       0xc0 C:\Users\abdou\Documents\M2 SEM\PFE\Analyse vibratoire\Programmes_mcu\OPAMP_DSP\DSP_Lib\Source\libarm_cortexM4lf_math.a(arm_bitreversal2.o)
                0x00000000080001d0                arm_bitreversal_32
                0x000000000800023a                arm_bitreversal_16
 .text          0x0000000008000290       0x10 c:/st/stm32cubeide_1.3.0/stm32cubeide/plugins/com.st.stm32cube.ide.mcu.externaltools.gnu-tools-for-stm32.7-2018-q2-update.win32_1.5.0.202011040924/tools/bin/../lib/gcc/arm-none-eabi/7.3.1/../../../../arm-none-eabi/lib/thumb/v7e-m/fpv4-sp/hard\libc_nano.a(lib_a-strlen.o)
                0x0000000008000290                strlen
 .text          0x00000000080002a0       0xa0 c:/st/stm32cubeide_1.3.0/stm32cubeide/plugins/com.st.stm32cube.ide.mcu.externaltools.gnu-tools-for-stm32.7-2018-q2-update.win32_1.5.0.202011040924/tools/bin/../lib/gcc/arm-none-eabi/7.3.1/../../../../arm-none-eabi/lib/thumb/v7e-m/fpv4-sp/hard\libc_nano.a(lib_a-memchr.o)
                0x00000000080002a0                memchr
 .text          0x0000000008000340      0x378 c:/st/stm32cubeide_1.3.0/stm32cubeide/plugins/com.st.stm32cube.ide.mcu.externaltools.gnu-tools-for-stm32.7-2018-q2-update.win32_1.5.0.202011040924/tools/bin/../lib/gcc/arm-none-eabi/7.3.1/thumb/v7e-m/fpv4-sp/hard\libgcc.a(_arm_addsubdf3.o)
                0x0000000008000340                __aeabi_drsub
                0x0000000008000348                __aeabi_dsub
                0x0000000008000348                __subdf3
                0x000000000800034c                __aeabi_dadd
                0x000000000800034c                __adddf3
                0x00000000080005c4                __floatunsidf
                0x00000000080005c4                __aeabi_ui2d
                0x00000000080005e4                __floatsidf
                0x00000000080005e4                __aeabi_i2d
                0x0000000008000608                __aeabi_f2d
                0x0000000008000608                __extendsfdf2
                0x000000000800064c                __floatundidf
                0x000000000800064c                __aeabi_ul2d
                0x000000000800065c                __floatdidf
                0x000000000800065c                __aeabi_l2d
 .text          0x00000000080006b8      0x424 c:/st/stm32cubeide_1.3.0/stm32cubeide/plugins/com.st.stm32cube.ide.mcu.externaltools.gnu-tools-for-stm32.7-2018-q2-update.win32_1.5.0.202011040924/tools/bin/../lib/gcc/arm-none-eabi/7.3.1/thumb/v7e-m/fpv4-sp/hard\libgcc.a(_arm_muldivdf3.o)
                0x00000000080006b8                __aeabi_dmul
                0x00000000080006b8                __muldf3
                0x000000000800090c                __divdf3
                0x000000000800090c                __aeabi_ddiv
 .text          0x0000000008000adc       0xa0 c:/st/stm32cubeide_1.3.0/stm32cubeide/plugins/com.st.stm32cube.ide.mcu.externaltools.gnu-tools-for-stm32.7-2018-q2-update.win32_1.5.0.202011040924/tools/bin/../lib/gcc/arm-none-eabi/7.3.1/thumb/v7e-m/fpv4-sp/hard\libgcc.a(_arm_truncdfsf2.o)
                0x0000000008000adc                __truncdfsf2
                0x0000000008000adc                __aeabi_d2f
 .text          0x0000000008000b7c       0x30 c:/st/stm32cubeide_1.3.0/stm32cubeide/plugins/com.st.stm32cube.ide.mcu.externaltools.gnu-tools-for-stm32.7-2018-q2-update.win32_1.5.0.202011040924/tools/bin/../lib/gcc/arm-none-eabi/7.3.1/thumb/v7e-m/fpv4-sp/hard\libgcc.a(_aeabi_uldivmod.o)
                0x0000000008000b7c                __aeabi_uldivmod
 .text          0x0000000008000bac      0x2cc c:/st/stm32cubeide_1.3.0/stm32cubeide/plugins/com.st.stm32cube.ide.mcu.externaltools.gnu-tools-for-stm32.7-2018-q2-update.win32_1.5.0.202011040924/tools/bin/../lib/gcc/arm-none-eabi/7.3.1/thumb/v7e-m/fpv4-sp/hard\libgcc.a(_udivmoddi4.o)
                0x0000000008000bac                __udivmoddi4
 .text          0x0000000008000e78        0x4 c:/st/stm32cubeide_1.3.0/stm32cubeide/plugins/com.st.stm32cube.ide.mcu.externaltools.gnu-tools-for-stm32.7-2018-q2-update.win32_1.5.0.202011040924/tools/bin/../lib/gcc/arm-none-eabi/7.3.1/thumb/v7e-m/fpv4-sp/hard\libgcc.a(_dvmd_tls.o)
                0x0000000008000e78                __aeabi_idiv0
                0x0000000008000e78                __aeabi_ldiv0
 *(.text*)
 *fill*         0x0000000008000e7c        0x4 
 .text.main     0x0000000008000e80      0x1d0 Core/Src/main.o
                0x0000000008000e80                main
 .text.SystemClock_Config
                0x0000000008001050       0xfc Core/Src/main.o
                0x0000000008001050                SystemClock_Config
 .text.MX_ADC1_Init
                0x000000000800114c       0xcc Core/Src/main.o
 .text.MX_DAC1_Init
                0x0000000008001218       0x64 Core/Src/main.o
 .text.MX_OPAMP1_Init
                0x000000000800127c       0x4c Core/Src/main.o
 .text.MX_TIM1_Init
                0x00000000080012c8       0xa4 Core/Src/main.o
 .text.MX_USART1_UART_Init
                0x000000000800136c       0x60 Core/Src/main.o
 .text.MX_DMA_Init
                0x00000000080013cc       0x3c Core/Src/main.o
 .text.MX_GPIO_Init
                0x0000000008001408       0x48 Core/Src/main.o
 .text.complexABS
                0x0000000008001450       0x40 Core/Src/main.o
                0x0000000008001450                complexABS
 .text.DoFFT    0x0000000008001490       0xb8 Core/Src/main.o
                0x0000000008001490                DoFFT
 .text.HAL_ADC_ConvCpltCallback
                0x0000000008001548       0x20 Core/Src/main.o
                0x0000000008001548                HAL_ADC_ConvCpltCallback
 .text.Error_Handler
                0x0000000008001568        0x8 Core/Src/main.o
                0x0000000008001568                Error_Handler
 .text.HAL_MspInit
                0x0000000008001570       0x48 Core/Src/stm32l4xx_hal_msp.o
                0x0000000008001570                HAL_MspInit
 .text.HAL_ADC_MspInit
                0x00000000080015b8       0x98 Core/Src/stm32l4xx_hal_msp.o
                0x00000000080015b8                HAL_ADC_MspInit
 .text.HAL_DAC_MspInit
                0x0000000008001650       0x7c Core/Src/stm32l4xx_hal_msp.o
                0x0000000008001650                HAL_DAC_MspInit
 .text.HAL_OPAMP_MspInit
                0x00000000080016cc       0x7c Core/Src/stm32l4xx_hal_msp.o
                0x00000000080016cc                HAL_OPAMP_MspInit
 .text.HAL_TIM_Base_MspInit
                0x0000000008001748       0x40 Core/Src/stm32l4xx_hal_msp.o
                0x0000000008001748                HAL_TIM_Base_MspInit
 .text.HAL_UART_MspInit
                0x0000000008001788       0x88 Core/Src/stm32l4xx_hal_msp.o
                0x0000000008001788                HAL_UART_MspInit
 .text.NMI_Handler
                0x0000000008001810        0x6 Core/Src/stm32l4xx_it.o
                0x0000000008001810                NMI_Handler
 .text.HardFault_Handler
                0x0000000008001816        0x6 Core/Src/stm32l4xx_it.o
                0x0000000008001816                HardFault_Handler
 .text.MemManage_Handler
                0x000000000800181c        0x6 Core/Src/stm32l4xx_it.o
                0x000000000800181c                MemManage_Handler
 .text.BusFault_Handler
                0x0000000008001822        0x6 Core/Src/stm32l4xx_it.o
                0x0000000008001822                BusFault_Handler
 .text.UsageFault_Handler
                0x0000000008001828        0x6 Core/Src/stm32l4xx_it.o
                0x0000000008001828                UsageFault_Handler
 .text.SVC_Handler
                0x000000000800182e        0xe Core/Src/stm32l4xx_it.o
                0x000000000800182e                SVC_Handler
 .text.DebugMon_Handler
                0x000000000800183c        0xe Core/Src/stm32l4xx_it.o
                0x000000000800183c                DebugMon_Handler
 .text.PendSV_Handler
                0x000000000800184a        0xe Core/Src/stm32l4xx_it.o
                0x000000000800184a                PendSV_Handler
 .text.SysTick_Handler
                0x0000000008001858        0xc Core/Src/stm32l4xx_it.o
                0x0000000008001858                SysTick_Handler
 .text.DMA1_Channel1_IRQHandler
                0x0000000008001864       0x14 Core/Src/stm32l4xx_it.o
                0x0000000008001864                DMA1_Channel1_IRQHandler
 .text._sbrk    0x0000000008001878       0x6c Core/Src/sysmem.o
                0x0000000008001878                _sbrk
 .text.SystemInit
                0x00000000080018e4       0x6c Core/Src/system_stm32l4xx.o
                0x00000000080018e4                SystemInit
 .text.Reset_Handler
                0x0000000008001950       0x50 Core/Startup/startup_stm32l433cctx.o
                0x0000000008001950                Reset_Handler
 .text.Default_Handler
                0x00000000080019a0        0x2 Core/Startup/startup_stm32l433cctx.o
                0x00000000080019a0                RTC_Alarm_IRQHandler
                0x00000000080019a0                EXTI2_IRQHandler
                0x00000000080019a0                TIM1_CC_IRQHandler
                0x00000000080019a0                TSC_IRQHandler
                0x00000000080019a0                TAMP_STAMP_IRQHandler
                0x00000000080019a0                EXTI3_IRQHandler
                0x00000000080019a0                LPTIM2_IRQHandler
                0x00000000080019a0                I2C3_ER_IRQHandler
                0x00000000080019a0                EXTI0_IRQHandler
                0x00000000080019a0                I2C2_EV_IRQHandler
                0x00000000080019a0                CAN1_RX0_IRQHandler
                0x00000000080019a0                FPU_IRQHandler
                0x00000000080019a0                TIM1_UP_TIM16_IRQHandler
                0x00000000080019a0                SPI1_IRQHandler
                0x00000000080019a0                TIM6_DAC_IRQHandler
                0x00000000080019a0                DMA2_Channel2_IRQHandler
                0x00000000080019a0                DMA1_Channel4_IRQHandler
                0x00000000080019a0                ADC1_IRQHandler
                0x00000000080019a0                USART3_IRQHandler
                0x00000000080019a0                DMA1_Channel7_IRQHandler
                0x00000000080019a0                CAN1_RX1_IRQHandler
                0x00000000080019a0                LCD_IRQHandler
                0x00000000080019a0                DMA2_Channel1_IRQHandler
                0x00000000080019a0                QUADSPI_IRQHandler
                0x00000000080019a0                I2C1_EV_IRQHandler
                0x00000000080019a0                DMA1_Channel6_IRQHandler
                0x00000000080019a0                DMA2_Channel4_IRQHandler
                0x00000000080019a0                RCC_IRQHandler
                0x00000000080019a0                TIM1_TRG_COM_IRQHandler
                0x00000000080019a0                Default_Handler
                0x00000000080019a0                DMA2_Channel7_IRQHandler
                0x00000000080019a0                EXTI15_10_IRQHandler
                0x00000000080019a0                TIM7_IRQHandler
                0x00000000080019a0                SDMMC1_IRQHandler
                0x00000000080019a0                I2C3_EV_IRQHandler
                0x00000000080019a0                USB_IRQHandler
                0x00000000080019a0                EXTI9_5_IRQHandler
                0x00000000080019a0                RTC_WKUP_IRQHandler
                0x00000000080019a0                PVD_PVM_IRQHandler
                0x00000000080019a0                SPI2_IRQHandler
                0x00000000080019a0                CAN1_TX_IRQHandler
                0x00000000080019a0                DMA2_Channel5_IRQHandler
                0x00000000080019a0                CRS_IRQHandler
                0x00000000080019a0                DMA1_Channel5_IRQHandler
                0x00000000080019a0                EXTI4_IRQHandler
                0x00000000080019a0                RNG_IRQHandler
                0x00000000080019a0                DMA1_Channel3_IRQHandler
                0x00000000080019a0                COMP_IRQHandler
                0x00000000080019a0                WWDG_IRQHandler
                0x00000000080019a0                LPUART1_IRQHandler
                0x00000000080019a0                DMA2_Channel6_IRQHandler
                0x00000000080019a0                TIM2_IRQHandler
                0x00000000080019a0                EXTI1_IRQHandler
                0x00000000080019a0                USART2_IRQHandler
                0x00000000080019a0                I2C2_ER_IRQHandler
                0x00000000080019a0                DMA1_Channel2_IRQHandler
                0x00000000080019a0                CAN1_SCE_IRQHandler
                0x00000000080019a0                FLASH_IRQHandler
                0x00000000080019a0                USART1_IRQHandler
                0x00000000080019a0                SPI3_IRQHandler
                0x00000000080019a0                I2C1_ER_IRQHandler
                0x00000000080019a0                SWPMI1_IRQHandler
                0x00000000080019a0                LPTIM1_IRQHandler
                0x00000000080019a0                SAI1_IRQHandler
                0x00000000080019a0                DMA2_Channel3_IRQHandler
                0x00000000080019a0                TIM1_BRK_TIM15_IRQHandler
 .text.HAL_Init
                0x00000000080019a2       0x30 Drivers/STM32L4xx_HAL_Driver/Src/stm32l4xx_hal.o
                0x00000000080019a2                HAL_Init
 *fill*         0x00000000080019d2        0x2 
 .text.HAL_InitTick
                0x00000000080019d4       0x78 Drivers/STM32L4xx_HAL_Driver/Src/stm32l4xx_hal.o
                0x00000000080019d4                HAL_InitTick
 .text.HAL_IncTick
                0x0000000008001a4c       0x28 Drivers/STM32L4xx_HAL_Driver/Src/stm32l4xx_hal.o
                0x0000000008001a4c                HAL_IncTick
 .text.HAL_GetTick
                0x0000000008001a74       0x18 Drivers/STM32L4xx_HAL_Driver/Src/stm32l4xx_hal.o
                0x0000000008001a74                HAL_GetTick
 .text.HAL_Delay
                0x0000000008001a8c       0x44 Drivers/STM32L4xx_HAL_Driver/Src/stm32l4xx_hal.o
                0x0000000008001a8c                HAL_Delay
 .text.LL_ADC_SetCommonClock
                0x0000000008001ad0       0x26 Drivers/STM32L4xx_HAL_Driver/Src/stm32l4xx_hal_adc.o
 .text.LL_ADC_SetCommonPathInternalCh
                0x0000000008001af6       0x26 Drivers/STM32L4xx_HAL_Driver/Src/stm32l4xx_hal_adc.o
 .text.LL_ADC_GetCommonPathInternalCh
                0x0000000008001b1c       0x1c Drivers/STM32L4xx_HAL_Driver/Src/stm32l4xx_hal_adc.o
 .text.LL_ADC_SetOffset
                0x0000000008001b38       0x48 Drivers/STM32L4xx_HAL_Driver/Src/stm32l4xx_hal_adc.o
 .text.LL_ADC_GetOffsetChannel
                0x0000000008001b80       0x2c Drivers/STM32L4xx_HAL_Driver/Src/stm32l4xx_hal_adc.o
 .text.LL_ADC_SetOffsetState
                0x0000000008001bac       0x36 Drivers/STM32L4xx_HAL_Driver/Src/stm32l4xx_hal_adc.o
 .text.LL_ADC_REG_IsTriggerSourceSWStart
                0x0000000008001be2       0x26 Drivers/STM32L4xx_HAL_Driver/Src/stm32l4xx_hal_adc.o
 .text.LL_ADC_REG_SetSequencerRanks
                0x0000000008001c08       0x58 Drivers/STM32L4xx_HAL_Driver/Src/stm32l4xx_hal_adc.o
 .text.LL_ADC_SetChannelSamplingTime
                0x0000000008001c60       0x56 Drivers/STM32L4xx_HAL_Driver/Src/stm32l4xx_hal_adc.o
 *fill*         0x0000000008001cb6        0x2 
 .text.LL_ADC_SetChannelSingleDiff
                0x0000000008001cb8       0x48 Drivers/STM32L4xx_HAL_Driver/Src/stm32l4xx_hal_adc.o
 .text.LL_ADC_DisableDeepPowerDown
                0x0000000008001d00       0x24 Drivers/STM32L4xx_HAL_Driver/Src/stm32l4xx_hal_adc.o
 .text.LL_ADC_IsDeepPowerDownEnabled
                0x0000000008001d24       0x28 Drivers/STM32L4xx_HAL_Driver/Src/stm32l4xx_hal_adc.o
 .text.LL_ADC_EnableInternalRegulator
                0x0000000008001d4c       0x28 Drivers/STM32L4xx_HAL_Driver/Src/stm32l4xx_hal_adc.o
 .text.LL_ADC_IsInternalRegulatorEnabled
                0x0000000008001d74       0x28 Drivers/STM32L4xx_HAL_Driver/Src/stm32l4xx_hal_adc.o
 .text.LL_ADC_Enable
                0x0000000008001d9c       0x28 Drivers/STM32L4xx_HAL_Driver/Src/stm32l4xx_hal_adc.o
 .text.LL_ADC_Disable
                0x0000000008001dc4       0x28 Drivers/STM32L4xx_HAL_Driver/Src/stm32l4xx_hal_adc.o
 .text.LL_ADC_IsEnabled
                0x0000000008001dec       0x26 Drivers/STM32L4xx_HAL_Driver/Src/stm32l4xx_hal_adc.o
 .text.LL_ADC_IsDisableOngoing
                0x0000000008001e12       0x26 Drivers/STM32L4xx_HAL_Driver/Src/stm32l4xx_hal_adc.o
 .text.LL_ADC_REG_StartConversion
                0x0000000008001e38       0x28 Drivers/STM32L4xx_HAL_Driver/Src/stm32l4xx_hal_adc.o
 .text.LL_ADC_REG_IsConversionOngoing
                0x0000000008001e60       0x26 Drivers/STM32L4xx_HAL_Driver/Src/stm32l4xx_hal_adc.o
 .text.LL_ADC_INJ_IsConversionOngoing
                0x0000000008001e86       0x26 Drivers/STM32L4xx_HAL_Driver/Src/stm32l4xx_hal_adc.o
 .text.HAL_ADC_Init
                0x0000000008001eac      0x28c Drivers/STM32L4xx_HAL_Driver/Src/stm32l4xx_hal_adc.o
                0x0000000008001eac                HAL_ADC_Init
 .text.HAL_ADC_Start_DMA
                0x0000000008002138      0x108 Drivers/STM32L4xx_HAL_Driver/Src/stm32l4xx_hal_adc.o
                0x0000000008002138                HAL_ADC_Start_DMA
 .text.HAL_ADC_ConvHalfCpltCallback
                0x0000000008002240       0x14 Drivers/STM32L4xx_HAL_Driver/Src/stm32l4xx_hal_adc.o
                0x0000000008002240                HAL_ADC_ConvHalfCpltCallback
 .text.HAL_ADC_ErrorCallback
                0x0000000008002254       0x14 Drivers/STM32L4xx_HAL_Driver/Src/stm32l4xx_hal_adc.o
                0x0000000008002254                HAL_ADC_ErrorCallback
 .text.HAL_ADC_ConfigChannel
                0x0000000008002268      0x7bc Drivers/STM32L4xx_HAL_Driver/Src/stm32l4xx_hal_adc.o
                0x0000000008002268                HAL_ADC_ConfigChannel
 .text.ADC_Enable
                0x0000000008002a24       0xb4 Drivers/STM32L4xx_HAL_Driver/Src/stm32l4xx_hal_adc.o
                0x0000000008002a24                ADC_Enable
 .text.ADC_Disable
                0x0000000008002ad8       0xb0 Drivers/STM32L4xx_HAL_Driver/Src/stm32l4xx_hal_adc.o
                0x0000000008002ad8                ADC_Disable
 .text.ADC_DMAConvCplt
                0x0000000008002b88       0xd8 Drivers/STM32L4xx_HAL_Driver/Src/stm32l4xx_hal_adc.o
                0x0000000008002b88                ADC_DMAConvCplt
 .text.ADC_DMAHalfConvCplt
                0x0000000008002c60       0x1c Drivers/STM32L4xx_HAL_Driver/Src/stm32l4xx_hal_adc.o
                0x0000000008002c60                ADC_DMAHalfConvCplt
 .text.ADC_DMAError
                0x0000000008002c7c       0x34 Drivers/STM32L4xx_HAL_Driver/Src/stm32l4xx_hal_adc.o
                0x0000000008002c7c                ADC_DMAError
 .text.LL_ADC_StartCalibration
                0x0000000008002cb0       0x32 Drivers/STM32L4xx_HAL_Driver/Src/stm32l4xx_hal_adc_ex.o
 .text.LL_ADC_IsCalibrationOnGoing
                0x0000000008002ce2       0x28 Drivers/STM32L4xx_HAL_Driver/Src/stm32l4xx_hal_adc_ex.o
 .text.HAL_ADCEx_Calibration_Start
                0x0000000008002d0a       0xc0 Drivers/STM32L4xx_HAL_Driver/Src/stm32l4xx_hal_adc_ex.o
                0x0000000008002d0a                HAL_ADCEx_Calibration_Start
 *fill*         0x0000000008002dca        0x2 
 .text.__NVIC_SetPriorityGrouping
                0x0000000008002dcc       0x48 Drivers/STM32L4xx_HAL_Driver/Src/stm32l4xx_hal_cortex.o
 .text.__NVIC_GetPriorityGrouping
                0x0000000008002e14       0x1c Drivers/STM32L4xx_HAL_Driver/Src/stm32l4xx_hal_cortex.o
 .text.__NVIC_EnableIRQ
                0x0000000008002e30       0x3c Drivers/STM32L4xx_HAL_Driver/Src/stm32l4xx_hal_cortex.o
 .text.__NVIC_SetPriority
                0x0000000008002e6c       0x54 Drivers/STM32L4xx_HAL_Driver/Src/stm32l4xx_hal_cortex.o
 .text.NVIC_EncodePriority
                0x0000000008002ec0       0x66 Drivers/STM32L4xx_HAL_Driver/Src/stm32l4xx_hal_cortex.o
 *fill*         0x0000000008002f26        0x2 
 .text.SysTick_Config
                0x0000000008002f28       0x44 Drivers/STM32L4xx_HAL_Driver/Src/stm32l4xx_hal_cortex.o
 .text.HAL_NVIC_SetPriorityGrouping
                0x0000000008002f6c       0x16 Drivers/STM32L4xx_HAL_Driver/Src/stm32l4xx_hal_cortex.o
                0x0000000008002f6c                HAL_NVIC_SetPriorityGrouping
 .text.HAL_NVIC_SetPriority
                0x0000000008002f82       0x38 Drivers/STM32L4xx_HAL_Driver/Src/stm32l4xx_hal_cortex.o
                0x0000000008002f82                HAL_NVIC_SetPriority
 .text.HAL_NVIC_EnableIRQ
                0x0000000008002fba       0x1c Drivers/STM32L4xx_HAL_Driver/Src/stm32l4xx_hal_cortex.o
                0x0000000008002fba                HAL_NVIC_EnableIRQ
 .text.HAL_SYSTICK_Config
                0x0000000008002fd6       0x18 Drivers/STM32L4xx_HAL_Driver/Src/stm32l4xx_hal_cortex.o
                0x0000000008002fd6                HAL_SYSTICK_Config
 .text.HAL_DAC_Init
                0x0000000008002fee       0x44 Drivers/STM32L4xx_HAL_Driver/Src/stm32l4xx_hal_dac.o
                0x0000000008002fee                HAL_DAC_Init
 .text.HAL_DAC_Start
                0x0000000008003032       0x9a Drivers/STM32L4xx_HAL_Driver/Src/stm32l4xx_hal_dac.o
                0x0000000008003032                HAL_DAC_Start
 .text.HAL_DAC_SetValue
                0x00000000080030cc       0x4a Drivers/STM32L4xx_HAL_Driver/Src/stm32l4xx_hal_dac.o
                0x00000000080030cc                HAL_DAC_SetValue
 .text.HAL_DAC_ConfigChannel
                0x0000000008003116      0x234 Drivers/STM32L4xx_HAL_Driver/Src/stm32l4xx_hal_dac.o
                0x0000000008003116                HAL_DAC_ConfigChannel
 *fill*         0x000000000800334a        0x2 
 .text.HAL_DMA_Init
                0x000000000800334c      0x170 Drivers/STM32L4xx_HAL_Driver/Src/stm32l4xx_hal_dma.o
                0x000000000800334c                HAL_DMA_Init
 .text.HAL_DMA_Start_IT
                0x00000000080034bc       0xc0 Drivers/STM32L4xx_HAL_Driver/Src/stm32l4xx_hal_dma.o
                0x00000000080034bc                HAL_DMA_Start_IT
 .text.HAL_DMA_IRQHandler
                0x000000000800357c      0x15e Drivers/STM32L4xx_HAL_Driver/Src/stm32l4xx_hal_dma.o
                0x000000000800357c                HAL_DMA_IRQHandler
 .text.DMA_SetConfig
                0x00000000080036da       0x60 Drivers/STM32L4xx_HAL_Driver/Src/stm32l4xx_hal_dma.o
 *fill*         0x000000000800373a        0x2 
 .text.HAL_GPIO_Init
                0x000000000800373c      0x2f4 Drivers/STM32L4xx_HAL_Driver/Src/stm32l4xx_hal_gpio.o
                0x000000000800373c                HAL_GPIO_Init
 .text.HAL_OPAMP_Init
                0x0000000008003a30      0x1ac Drivers/STM32L4xx_HAL_Driver/Src/stm32l4xx_hal_opamp.o
                0x0000000008003a30                HAL_OPAMP_Init
 .text.HAL_OPAMP_Start
                0x0000000008003bdc       0x62 Drivers/STM32L4xx_HAL_Driver/Src/stm32l4xx_hal_opamp.o
                0x0000000008003bdc                HAL_OPAMP_Start
 *fill*         0x0000000008003c3e        0x2 
 .text.HAL_PWREx_GetVoltageRange
                0x0000000008003c40       0x1c Drivers/STM32L4xx_HAL_Driver/Src/stm32l4xx_hal_pwr_ex.o
                0x0000000008003c40                HAL_PWREx_GetVoltageRange
 .text.HAL_PWREx_ControlVoltageScaling
                0x0000000008003c5c       0xac Drivers/STM32L4xx_HAL_Driver/Src/stm32l4xx_hal_pwr_ex.o
                0x0000000008003c5c                HAL_PWREx_ControlVoltageScaling
 .text.HAL_RCC_OscConfig
                0x0000000008003d08      0x840 Drivers/STM32L4xx_HAL_Driver/Src/stm32l4xx_hal_rcc.o
                0x0000000008003d08                HAL_RCC_OscConfig
 .text.HAL_RCC_ClockConfig
                0x0000000008004548      0x1c4 Drivers/STM32L4xx_HAL_Driver/Src/stm32l4xx_hal_rcc.o
                0x0000000008004548                HAL_RCC_ClockConfig
 .text.HAL_RCC_GetSysClockFreq
                0x000000000800470c      0x114 Drivers/STM32L4xx_HAL_Driver/Src/stm32l4xx_hal_rcc.o
                0x000000000800470c                HAL_RCC_GetSysClockFreq
 .text.HAL_RCC_GetHCLKFreq
                0x0000000008004820       0x18 Drivers/STM32L4xx_HAL_Driver/Src/stm32l4xx_hal_rcc.o
                0x0000000008004820                HAL_RCC_GetHCLKFreq
 .text.HAL_RCC_GetPCLK1Freq
                0x0000000008004838       0x2c Drivers/STM32L4xx_HAL_Driver/Src/stm32l4xx_hal_rcc.o
                0x0000000008004838                HAL_RCC_GetPCLK1Freq
 .text.HAL_RCC_GetPCLK2Freq
                0x0000000008004864       0x2c Drivers/STM32L4xx_HAL_Driver/Src/stm32l4xx_hal_rcc.o
                0x0000000008004864                HAL_RCC_GetPCLK2Freq
 .text.RCC_SetFlashLatencyFromMSIRange
                0x0000000008004890       0xc0 Drivers/STM32L4xx_HAL_Driver/Src/stm32l4xx_hal_rcc.o
 .text.HAL_RCCEx_PeriphCLKConfig
                0x0000000008004950      0x488 Drivers/STM32L4xx_HAL_Driver/Src/stm32l4xx_hal_rcc_ex.o
                0x0000000008004950                HAL_RCCEx_PeriphCLKConfig
 .text.RCCEx_PLLSAI1_Config
                0x0000000008004dd8      0x1e0 Drivers/STM32L4xx_HAL_Driver/Src/stm32l4xx_hal_rcc_ex.o
 .text.HAL_TIM_Base_Init
                0x0000000008004fb8       0xae Drivers/STM32L4xx_HAL_Driver/Src/stm32l4xx_hal_tim.o
                0x0000000008004fb8                HAL_TIM_Base_Init
 *fill*         0x0000000008005066        0x2 
 .text.HAL_TIM_Base_Start
                0x0000000008005068       0x98 Drivers/STM32L4xx_HAL_Driver/Src/stm32l4xx_hal_tim.o
                0x0000000008005068                HAL_TIM_Base_Start
 .text.HAL_TIM_ConfigClockSource
                0x0000000008005100      0x172 Drivers/STM32L4xx_HAL_Driver/Src/stm32l4xx_hal_tim.o
                0x0000000008005100                HAL_TIM_ConfigClockSource
 *fill*         0x0000000008005272        0x2 
 .text.TIM_Base_SetConfig
                0x0000000008005274       0xc8 Drivers/STM32L4xx_HAL_Driver/Src/stm32l4xx_hal_tim.o
                0x0000000008005274                TIM_Base_SetConfig
 .text.TIM_TI1_ConfigInputStage
                0x000000000800533c       0x5e Drivers/STM32L4xx_HAL_Driver/Src/stm32l4xx_hal_tim.o
 .text.TIM_TI2_ConfigInputStage
                0x000000000800539a       0x60 Drivers/STM32L4xx_HAL_Driver/Src/stm32l4xx_hal_tim.o
 .text.TIM_ITRx_SetConfig
                0x00000000080053fa       0x36 Drivers/STM32L4xx_HAL_Driver/Src/stm32l4xx_hal_tim.o
 .text.TIM_ETR_SetConfig
                0x0000000008005430       0x40 Drivers/STM32L4xx_HAL_Driver/Src/stm32l4xx_hal_tim.o
                0x0000000008005430                TIM_ETR_SetConfig
 .text.HAL_TIMEx_MasterConfigSynchronization
                0x0000000008005470       0xcc Drivers/STM32L4xx_HAL_Driver/Src/stm32l4xx_hal_tim_ex.o
                0x0000000008005470                HAL_TIMEx_MasterConfigSynchronization
 .text.HAL_UART_Init
                0x000000000800553c       0x9c Drivers/STM32L4xx_HAL_Driver/Src/stm32l4xx_hal_uart.o
                0x000000000800553c                HAL_UART_Init
 .text.HAL_UART_Transmit
                0x00000000080055d8      0x126 Drivers/STM32L4xx_HAL_Driver/Src/stm32l4xx_hal_uart.o
                0x00000000080055d8                HAL_UART_Transmit
 *fill*         0x00000000080056fe        0x2 
 .text.UART_SetConfig
                0x0000000008005700      0x46c Drivers/STM32L4xx_HAL_Driver/Src/stm32l4xx_hal_uart.o
                0x0000000008005700                UART_SetConfig
 .text.UART_AdvFeatureConfig
                0x0000000008005b6c      0x144 Drivers/STM32L4xx_HAL_Driver/Src/stm32l4xx_hal_uart.o
                0x0000000008005b6c                UART_AdvFeatureConfig
 .text.UART_CheckIdleState
                0x0000000008005cb0       0x8a Drivers/STM32L4xx_HAL_Driver/Src/stm32l4xx_hal_uart.o
                0x0000000008005cb0                UART_CheckIdleState
 .text.UART_WaitOnFlagUntilTimeout
                0x0000000008005d3a       0xf6 Drivers/STM32L4xx_HAL_Driver/Src/stm32l4xx_hal_uart.o
                0x0000000008005d3a                UART_WaitOnFlagUntilTimeout
 .text.arm_rfft_fast_init_f32
                0x0000000008005e30      0x108 C:\Users\abdou\Documents\M2 SEM\PFE\Analyse vibratoire\Programmes_mcu\OPAMP_DSP\DSP_Lib\Source\libarm_cortexM4lf_math.a(arm_rfft_fast_init_f32.o)
                0x0000000008005e30                arm_rfft_fast_init_f32
 .text.arm_rfft_fast_f32
                0x0000000008005f38      0x188 C:\Users\abdou\Documents\M2 SEM\PFE\Analyse vibratoire\Programmes_mcu\OPAMP_DSP\DSP_Lib\Source\libarm_cortexM4lf_math.a(arm_rfft_fast_f32.o)
                0x0000000008005f38                arm_rfft_fast_f32
 .text.arm_cfft_radix8by2_f32
                0x00000000080060c0      0x1a4 C:\Users\abdou\Documents\M2 SEM\PFE\Analyse vibratoire\Programmes_mcu\OPAMP_DSP\DSP_Lib\Source\libarm_cortexM4lf_math.a(arm_cfft_f32.o)
                0x00000000080060c0                arm_cfft_radix8by2_f32
 .text.arm_cfft_radix8by4_f32
                0x0000000008006264      0x4bc C:\Users\abdou\Documents\M2 SEM\PFE\Analyse vibratoire\Programmes_mcu\OPAMP_DSP\DSP_Lib\Source\libarm_cortexM4lf_math.a(arm_cfft_f32.o)
                0x0000000008006264                arm_cfft_radix8by4_f32
 .text.arm_cfft_f32
                0x0000000008006720       0xf4 C:\Users\abdou\Documents\M2 SEM\PFE\Analyse vibratoire\Programmes_mcu\OPAMP_DSP\DSP_Lib\Source\libarm_cortexM4lf_math.a(arm_cfft_f32.o)
                0x0000000008006720                arm_cfft_f32
 .text.arm_radix8_butterfly_f32
                0x0000000008006814      0x5c4 C:\Users\abdou\Documents\M2 SEM\PFE\Analyse vibratoire\Programmes_mcu\OPAMP_DSP\DSP_Lib\Source\libarm_cortexM4lf_math.a(arm_cfft_radix8_f32.o)
                0x0000000008006814                arm_radix8_butterfly_f32
 .text.__errno  0x0000000008006dd8        0xc c:/st/stm32cubeide_1.3.0/stm32cubeide/plugins/com.st.stm32cube.ide.mcu.externaltools.gnu-tools-for-stm32.7-2018-q2-update.win32_1.5.0.202011040924/tools/bin/../lib/gcc/arm-none-eabi/7.3.1/../../../../arm-none-eabi/lib/thumb/v7e-m/fpv4-sp/hard\libc_nano.a(lib_a-errno.o)
                0x0000000008006dd8                __errno
 .text.__libc_init_array
                0x0000000008006de4       0x48 c:/st/stm32cubeide_1.3.0/stm32cubeide/plugins/com.st.stm32cube.ide.mcu.externaltools.gnu-tools-for-stm32.7-2018-q2-update.win32_1.5.0.202011040924/tools/bin/../lib/gcc/arm-none-eabi/7.3.1/../../../../arm-none-eabi/lib/thumb/v7e-m/fpv4-sp/hard\libc_nano.a(lib_a-init.o)
                0x0000000008006de4                __libc_init_array
 .text.memset   0x0000000008006e2c       0x10 c:/st/stm32cubeide_1.3.0/stm32cubeide/plugins/com.st.stm32cube.ide.mcu.externaltools.gnu-tools-for-stm32.7-2018-q2-update.win32_1.5.0.202011040924/tools/bin/../lib/gcc/arm-none-eabi/7.3.1/../../../../arm-none-eabi/lib/thumb/v7e-m/fpv4-sp/hard\libc_nano.a(lib_a-memset.o)
                0x0000000008006e2c                memset
 .text.sprintf  0x0000000008006e3c       0x40 c:/st/stm32cubeide_1.3.0/stm32cubeide/plugins/com.st.stm32cube.ide.mcu.externaltools.gnu-tools-for-stm32.7-2018-q2-update.win32_1.5.0.202011040924/tools/bin/../lib/gcc/arm-none-eabi/7.3.1/../../../../arm-none-eabi/lib/thumb/v7e-m/fpv4-sp/hard\libc_nano.a(lib_a-sprintf.o)
                0x0000000008006e3c                siprintf
                0x0000000008006e3c                sprintf
 .text.__ssputs_r
                0x0000000008006e7c       0xb4 c:/st/stm32cubeide_1.3.0/stm32cubeide/plugins/com.st.stm32cube.ide.mcu.externaltools.gnu-tools-for-stm32.7-2018-q2-update.win32_1.5.0.202011040924/tools/bin/../lib/gcc/arm-none-eabi/7.3.1/../../../../arm-none-eabi/lib/thumb/v7e-m/fpv4-sp/hard\libc_nano.a(lib_a-nano-svfprintf.o)
                0x0000000008006e7c                __ssputs_r
 .text._svfprintf_r
                0x0000000008006f30      0x1f0 c:/st/stm32cubeide_1.3.0/stm32cubeide/plugins/com.st.stm32cube.ide.mcu.externaltools.gnu-tools-for-stm32.7-2018-q2-update.win32_1.5.0.202011040924/tools/bin/../lib/gcc/arm-none-eabi/7.3.1/../../../../arm-none-eabi/lib/thumb/v7e-m/fpv4-sp/hard\libc_nano.a(lib_a-nano-svfprintf.o)
                0x0000000008006f30                _svfiprintf_r
                0x0000000008006f30                _svfprintf_r
 .text._printf_common
                0x0000000008007120       0xea c:/st/stm32cubeide_1.3.0/stm32cubeide/plugins/com.st.stm32cube.ide.mcu.externaltools.gnu-tools-for-stm32.7-2018-q2-update.win32_1.5.0.202011040924/tools/bin/../lib/gcc/arm-none-eabi/7.3.1/../../../../arm-none-eabi/lib/thumb/v7e-m/fpv4-sp/hard\libc_nano.a(lib_a-nano-vfprintf_i.o)
                0x0000000008007120                _printf_common
 *fill*         0x000000000800720a        0x2 
 .text._printf_i
                0x000000000800720c      0x224 c:/st/stm32cubeide_1.3.0/stm32cubeide/plugins/com.st.stm32cube.ide.mcu.externaltools.gnu-tools-for-stm32.7-2018-q2-update.win32_1.5.0.202011040924/tools/bin/../lib/gcc/arm-none-eabi/7.3.1/../../../../arm-none-eabi/lib/thumb/v7e-m/fpv4-sp/hard\libc_nano.a(lib_a-nano-vfprintf_i.o)
                0x000000000800720c                _printf_i
 .text.memcpy   0x0000000008007430       0x16 c:/st/stm32cubeide_1.3.0/stm32cubeide/plugins/com.st.stm32cube.ide.mcu.externaltools.gnu-tools-for-stm32.7-2018-q2-update.win32_1.5.0.202011040924/tools/bin/../lib/gcc/arm-none-eabi/7.3.1/../../../../arm-none-eabi/lib/thumb/v7e-m/fpv4-sp/hard\libc_nano.a(lib_a-memcpy-stub.o)
                0x0000000008007430                memcpy
 .text.memmove  0x0000000008007446       0x32 c:/st/stm32cubeide_1.3.0/stm32cubeide/plugins/com.st.stm32cube.ide.mcu.externaltools.gnu-tools-for-stm32.7-2018-q2-update.win32_1.5.0.202011040924/tools/bin/../lib/gcc/arm-none-eabi/7.3.1/../../../../arm-none-eabi/lib/thumb/v7e-m/fpv4-sp/hard\libc_nano.a(lib_a-memmove.o)
                0x0000000008007446                memmove
 .text._free_r  0x0000000008007478       0x9c c:/st/stm32cubeide_1.3.0/stm32cubeide/plugins/com.st.stm32cube.ide.mcu.externaltools.gnu-tools-for-stm32.7-2018-q2-update.win32_1.5.0.202011040924/tools/bin/../lib/gcc/arm-none-eabi/7.3.1/../../../../arm-none-eabi/lib/thumb/v7e-m/fpv4-sp/hard\libc_nano.a(lib_a-nano-freer.o)
                0x0000000008007478                _free_r
 .text._malloc_r
                0x0000000008007514       0xb4 c:/st/stm32cubeide_1.3.0/stm32cubeide/plugins/com.st.stm32cube.ide.mcu.externaltools.gnu-tools-for-stm32.7-2018-q2-update.win32_1.5.0.202011040924/tools/bin/../lib/gcc/arm-none-eabi/7.3.1/../../../../arm-none-eabi/lib/thumb/v7e-m/fpv4-sp/hard\libc_nano.a(lib_a-nano-mallocr.o)
                0x0000000008007514                _malloc_r
 .text._realloc_r
                0x00000000080075c8       0x4c c:/st/stm32cubeide_1.3.0/stm32cubeide/plugins/com.st.stm32cube.ide.mcu.externaltools.gnu-tools-for-stm32.7-2018-q2-update.win32_1.5.0.202011040924/tools/bin/../lib/gcc/arm-none-eabi/7.3.1/../../../../arm-none-eabi/lib/thumb/v7e-m/fpv4-sp/hard\libc_nano.a(lib_a-nano-reallocr.o)
                0x00000000080075c8                _realloc_r
 .text._sbrk_r  0x0000000008007614       0x20 c:/st/stm32cubeide_1.3.0/stm32cubeide/plugins/com.st.stm32cube.ide.mcu.externaltools.gnu-tools-for-stm32.7-2018-q2-update.win32_1.5.0.202011040924/tools/bin/../lib/gcc/arm-none-eabi/7.3.1/../../../../arm-none-eabi/lib/thumb/v7e-m/fpv4-sp/hard\libc_nano.a(lib_a-sbrkr.o)
                0x0000000008007614                _sbrk_r
 .text.__malloc_lock
                0x0000000008007634        0x2 c:/st/stm32cubeide_1.3.0/stm32cubeide/plugins/com.st.stm32cube.ide.mcu.externaltools.gnu-tools-for-stm32.7-2018-q2-update.win32_1.5.0.202011040924/tools/bin/../lib/gcc/arm-none-eabi/7.3.1/../../../../arm-none-eabi/lib/thumb/v7e-m/fpv4-sp/hard\libc_nano.a(lib_a-mlock.o)
                0x0000000008007634                __malloc_lock
 .text.__malloc_unlock
                0x0000000008007636        0x2 c:/st/stm32cubeide_1.3.0/stm32cubeide/plugins/com.st.stm32cube.ide.mcu.externaltools.gnu-tools-for-stm32.7-2018-q2-update.win32_1.5.0.202011040924/tools/bin/../lib/gcc/arm-none-eabi/7.3.1/../../../../arm-none-eabi/lib/thumb/v7e-m/fpv4-sp/hard\libc_nano.a(lib_a-mlock.o)
                0x0000000008007636                __malloc_unlock
 .text._malloc_usable_size_r
                0x0000000008007638       0x10 c:/st/stm32cubeide_1.3.0/stm32cubeide/plugins/com.st.stm32cube.ide.mcu.externaltools.gnu-tools-for-stm32.7-2018-q2-update.win32_1.5.0.202011040924/tools/bin/../lib/gcc/arm-none-eabi/7.3.1/../../../../arm-none-eabi/lib/thumb/v7e-m/fpv4-sp/hard\libc_nano.a(lib_a-nano-msizer.o)
                0x0000000008007638                _malloc_usable_size_r
 .text.log10f   0x0000000008007648       0xec c:/st/stm32cubeide_1.3.0/stm32cubeide/plugins/com.st.stm32cube.ide.mcu.externaltools.gnu-tools-for-stm32.7-2018-q2-update.win32_1.5.0.202011040924/tools/bin/../lib/gcc/arm-none-eabi/7.3.1/../../../../arm-none-eabi/lib/thumb/v7e-m/fpv4-sp/hard\libm.a(lib_a-wf_log10.o)
                0x0000000008007648                log10f
 .text.sqrtf    0x0000000008007734       0xa0 c:/st/stm32cubeide_1.3.0/stm32cubeide/plugins/com.st.stm32cube.ide.mcu.externaltools.gnu-tools-for-stm32.7-2018-q2-update.win32_1.5.0.202011040924/tools/bin/../lib/gcc/arm-none-eabi/7.3.1/../../../../arm-none-eabi/lib/thumb/v7e-m/fpv4-sp/hard\libm.a(lib_a-wf_sqrt.o)
                0x0000000008007734                sqrtf
 .text.__ieee754_log10f
                0x00000000080077d4       0xac c:/st/stm32cubeide_1.3.0/stm32cubeide/plugins/com.st.stm32cube.ide.mcu.externaltools.gnu-tools-for-stm32.7-2018-q2-update.win32_1.5.0.202011040924/tools/bin/../lib/gcc/arm-none-eabi/7.3.1/../../../../arm-none-eabi/lib/thumb/v7e-m/fpv4-sp/hard\libm.a(lib_a-ef_log10.o)
                0x00000000080077d4                __ieee754_log10f
 .text.__ieee754_sqrtf
                0x0000000008007880        0x6 c:/st/stm32cubeide_1.3.0/stm32cubeide/plugins/com.st.stm32cube.ide.mcu.externaltools.gnu-tools-for-stm32.7-2018-q2-update.win32_1.5.0.202011040924/tools/bin/../lib/gcc/arm-none-eabi/7.3.1/../../../../arm-none-eabi/lib/thumb/v7e-m/fpv4-sp/hard\libm.a(lib_a-ef_sqrt.o)
                0x0000000008007880                __ieee754_sqrtf
 .text.matherr  0x0000000008007886        0x4 c:/st/stm32cubeide_1.3.0/stm32cubeide/plugins/com.st.stm32cube.ide.mcu.externaltools.gnu-tools-for-stm32.7-2018-q2-update.win32_1.5.0.202011040924/tools/bin/../lib/gcc/arm-none-eabi/7.3.1/../../../../arm-none-eabi/lib/thumb/v7e-m/fpv4-sp/hard\libm.a(lib_a-s_matherr.o)
                0x0000000008007886                matherr
 *fill*         0x000000000800788a        0x6 
 .text.nan      0x0000000008007890       0x10 c:/st/stm32cubeide_1.3.0/stm32cubeide/plugins/com.st.stm32cube.ide.mcu.externaltools.gnu-tools-for-stm32.7-2018-q2-update.win32_1.5.0.202011040924/tools/bin/../lib/gcc/arm-none-eabi/7.3.1/../../../../arm-none-eabi/lib/thumb/v7e-m/fpv4-sp/hard\libm.a(lib_a-s_nan.o)
                0x0000000008007890                nan
 .text.__ieee754_logf
                0x00000000080078a0      0x1dc c:/st/stm32cubeide_1.3.0/stm32cubeide/plugins/com.st.stm32cube.ide.mcu.externaltools.gnu-tools-for-stm32.7-2018-q2-update.win32_1.5.0.202011040924/tools/bin/../lib/gcc/arm-none-eabi/7.3.1/../../../../arm-none-eabi/lib/thumb/v7e-m/fpv4-sp/hard\libm.a(lib_a-ef_log.o)
                0x00000000080078a0                __ieee754_logf
 *(.glue_7)
 .glue_7        0x0000000008007a7c        0x0 linker stubs
 *(.glue_7t)
 .glue_7t       0x0000000008007a7c        0x0 linker stubs
 *(.eh_frame)
 .eh_frame      0x0000000008007a7c        0x0 c:/st/stm32cubeide_1.3.0/stm32cubeide/plugins/com.st.stm32cube.ide.mcu.externaltools.gnu-tools-for-stm32.7-2018-q2-update.win32_1.5.0.202011040924/tools/bin/../lib/gcc/arm-none-eabi/7.3.1/thumb/v7e-m/fpv4-sp/hard/crtbegin.o
 *(.init)
 .init          0x0000000008007a7c        0x4 c:/st/stm32cubeide_1.3.0/stm32cubeide/plugins/com.st.stm32cube.ide.mcu.externaltools.gnu-tools-for-stm32.7-2018-q2-update.win32_1.5.0.202011040924/tools/bin/../lib/gcc/arm-none-eabi/7.3.1/thumb/v7e-m/fpv4-sp/hard/crti.o
                0x0000000008007a7c                _init
 .init          0x0000000008007a80        0x8 c:/st/stm32cubeide_1.3.0/stm32cubeide/plugins/com.st.stm32cube.ide.mcu.externaltools.gnu-tools-for-stm32.7-2018-q2-update.win32_1.5.0.202011040924/tools/bin/../lib/gcc/arm-none-eabi/7.3.1/thumb/v7e-m/fpv4-sp/hard/crtn.o
 *(.fini)
 .fini          0x0000000008007a88        0x4 c:/st/stm32cubeide_1.3.0/stm32cubeide/plugins/com.st.stm32cube.ide.mcu.externaltools.gnu-tools-for-stm32.7-2018-q2-update.win32_1.5.0.202011040924/tools/bin/../lib/gcc/arm-none-eabi/7.3.1/thumb/v7e-m/fpv4-sp/hard/crti.o
                0x0000000008007a88                _fini
 .fini          0x0000000008007a8c        0x8 c:/st/stm32cubeide_1.3.0/stm32cubeide/plugins/com.st.stm32cube.ide.mcu.externaltools.gnu-tools-for-stm32.7-2018-q2-update.win32_1.5.0.202011040924/tools/bin/../lib/gcc/arm-none-eabi/7.3.1/thumb/v7e-m/fpv4-sp/hard/crtn.o
                0x0000000008007a94                . = ALIGN (0x4)
                0x0000000008007a94                _etext = .

.vfp11_veneer   0x0000000008007a94        0x0
 .vfp11_veneer  0x0000000008007a94        0x0 linker stubs

.v4_bx          0x0000000008007a94        0x0
 .v4_bx         0x0000000008007a94        0x0 linker stubs

.iplt           0x0000000008007a94        0x0
 .iplt          0x0000000008007a94        0x0 c:/st/stm32cubeide_1.3.0/stm32cubeide/plugins/com.st.stm32cube.ide.mcu.externaltools.gnu-tools-for-stm32.7-2018-q2-update.win32_1.5.0.202011040924/tools/bin/../lib/gcc/arm-none-eabi/7.3.1/thumb/v7e-m/fpv4-sp/hard/crtbegin.o

.rodata         0x0000000008007a94    0x134fc
                0x0000000008007a94                . = ALIGN (0x4)
 *(.rodata)
 .rodata        0x0000000008007a94       0x1b Core/Src/main.o
 *(.rodata*)
 *fill*         0x0000000008007aaf        0x1 
 .rodata.AHBPrescTable
                0x0000000008007ab0       0x10 Core/Src/system_stm32l4xx.o
                0x0000000008007ab0                AHBPrescTable
 .rodata.APBPrescTable
                0x0000000008007ac0        0x8 Core/Src/system_stm32l4xx.o
                0x0000000008007ac0                APBPrescTable
 .rodata.MSIRangeTable
                0x0000000008007ac8       0x30 Core/Src/system_stm32l4xx.o
                0x0000000008007ac8                MSIRangeTable
 .rodata.twiddleCoef_2048
                0x0000000008007af8     0x4000 C:\Users\abdou\Documents\M2 SEM\PFE\Analyse vibratoire\Programmes_mcu\OPAMP_DSP\DSP_Lib\Source\libarm_cortexM4lf_math.a(arm_common_tables.o)
                0x0000000008007af8                twiddleCoef_2048
 .rodata.twiddleCoef_rfft_64
                0x000000000800baf8      0x100 C:\Users\abdou\Documents\M2 SEM\PFE\Analyse vibratoire\Programmes_mcu\OPAMP_DSP\DSP_Lib\Source\libarm_cortexM4lf_math.a(arm_common_tables.o)
                0x000000000800baf8                twiddleCoef_rfft_64
 .rodata.armBitRevIndexTable64
                0x000000000800bbf8       0x70 C:\Users\abdou\Documents\M2 SEM\PFE\Analyse vibratoire\Programmes_mcu\OPAMP_DSP\DSP_Lib\Source\libarm_cortexM4lf_math.a(arm_common_tables.o)
                0x000000000800bbf8                armBitRevIndexTable64
 .rodata.twiddleCoef_rfft_2048
                0x000000000800bc68     0x2000 C:\Users\abdou\Documents\M2 SEM\PFE\Analyse vibratoire\Programmes_mcu\OPAMP_DSP\DSP_Lib\Source\libarm_cortexM4lf_math.a(arm_common_tables.o)
                0x000000000800bc68                twiddleCoef_rfft_2048
 .rodata.twiddleCoef_rfft_4096
                0x000000000800dc68     0x4000 C:\Users\abdou\Documents\M2 SEM\PFE\Analyse vibratoire\Programmes_mcu\OPAMP_DSP\DSP_Lib\Source\libarm_cortexM4lf_math.a(arm_common_tables.o)
                0x000000000800dc68                twiddleCoef_rfft_4096
 .rodata.twiddleCoef_256
                0x0000000008011c68      0x800 C:\Users\abdou\Documents\M2 SEM\PFE\Analyse vibratoire\Programmes_mcu\OPAMP_DSP\DSP_Lib\Source\libarm_cortexM4lf_math.a(arm_common_tables.o)
                0x0000000008011c68                twiddleCoef_256
 .rodata.twiddleCoef_16
                0x0000000008012468       0x80 C:\Users\abdou\Documents\M2 SEM\PFE\Analyse vibratoire\Programmes_mcu\OPAMP_DSP\DSP_Lib\Source\libarm_cortexM4lf_math.a(arm_common_tables.o)
                0x0000000008012468                twiddleCoef_16
 .rodata.twiddleCoef_1024
                0x00000000080124e8     0x2000 C:\Users\abdou\Documents\M2 SEM\PFE\Analyse vibratoire\Programmes_mcu\OPAMP_DSP\DSP_Lib\Source\libarm_cortexM4lf_math.a(arm_common_tables.o)
                0x00000000080124e8                twiddleCoef_1024
 .rodata.twiddleCoef_32
                0x00000000080144e8      0x100 C:\Users\abdou\Documents\M2 SEM\PFE\Analyse vibratoire\Programmes_mcu\OPAMP_DSP\DSP_Lib\Source\libarm_cortexM4lf_math.a(arm_common_tables.o)
                0x00000000080144e8                twiddleCoef_32
 .rodata.armBitRevIndexTable1024
                0x00000000080145e8      0xe10 C:\Users\abdou\Documents\M2 SEM\PFE\Analyse vibratoire\Programmes_mcu\OPAMP_DSP\DSP_Lib\Source\libarm_cortexM4lf_math.a(arm_common_tables.o)
                0x00000000080145e8                armBitRevIndexTable1024
 .rodata.armBitRevIndexTable16
                0x00000000080153f8       0x28 C:\Users\abdou\Documents\M2 SEM\PFE\Analyse vibratoire\Programmes_mcu\OPAMP_DSP\DSP_Lib\Source\libarm_cortexM4lf_math.a(arm_common_tables.o)
                0x00000000080153f8                armBitRevIndexTable16
 .rodata.twiddleCoef_rfft_32
                0x0000000008015420       0x80 C:\Users\abdou\Documents\M2 SEM\PFE\Analyse vibratoire\Programmes_mcu\OPAMP_DSP\DSP_Lib\Source\libarm_cortexM4lf_math.a(arm_common_tables.o)
                0x0000000008015420                twiddleCoef_rfft_32
 .rodata.armBitRevIndexTable32
                0x00000000080154a0       0x60 C:\Users\abdou\Documents\M2 SEM\PFE\Analyse vibratoire\Programmes_mcu\OPAMP_DSP\DSP_Lib\Source\libarm_cortexM4lf_math.a(arm_common_tables.o)
                0x00000000080154a0                armBitRevIndexTable32
 .rodata.twiddleCoef_128
                0x0000000008015500      0x400 C:\Users\abdou\Documents\M2 SEM\PFE\Analyse vibratoire\Programmes_mcu\OPAMP_DSP\DSP_Lib\Source\libarm_cortexM4lf_math.a(arm_common_tables.o)
                0x0000000008015500                twiddleCoef_128
 .rodata.twiddleCoef_512
                0x0000000008015900     0x1000 C:\Users\abdou\Documents\M2 SEM\PFE\Analyse vibratoire\Programmes_mcu\OPAMP_DSP\DSP_Lib\Source\libarm_cortexM4lf_math.a(arm_common_tables.o)
                0x0000000008015900                twiddleCoef_512
 .rodata.armBitRevIndexTable2048
                0x0000000008016900     0x1dc0 C:\Users\abdou\Documents\M2 SEM\PFE\Analyse vibratoire\Programmes_mcu\OPAMP_DSP\DSP_Lib\Source\libarm_cortexM4lf_math.a(arm_common_tables.o)
                0x0000000008016900                armBitRevIndexTable2048
 .rodata.twiddleCoef_64
                0x00000000080186c0      0x200 C:\Users\abdou\Documents\M2 SEM\PFE\Analyse vibratoire\Programmes_mcu\OPAMP_DSP\DSP_Lib\Source\libarm_cortexM4lf_math.a(arm_common_tables.o)
                0x00000000080186c0                twiddleCoef_64
 .rodata.twiddleCoef_rfft_512
                0x00000000080188c0      0x800 C:\Users\abdou\Documents\M2 SEM\PFE\Analyse vibratoire\Programmes_mcu\OPAMP_DSP\DSP_Lib\Source\libarm_cortexM4lf_math.a(arm_common_tables.o)
                0x00000000080188c0                twiddleCoef_rfft_512
 .rodata.armBitRevIndexTable512
                0x00000000080190c0      0x380 C:\Users\abdou\Documents\M2 SEM\PFE\Analyse vibratoire\Programmes_mcu\OPAMP_DSP\DSP_Lib\Source\libarm_cortexM4lf_math.a(arm_common_tables.o)
                0x00000000080190c0                armBitRevIndexTable512
 .rodata.twiddleCoef_rfft_1024
                0x0000000008019440     0x1000 C:\Users\abdou\Documents\M2 SEM\PFE\Analyse vibratoire\Programmes_mcu\OPAMP_DSP\DSP_Lib\Source\libarm_cortexM4lf_math.a(arm_common_tables.o)
                0x0000000008019440                twiddleCoef_rfft_1024
 .rodata.twiddleCoef_rfft_256
                0x000000000801a440      0x400 C:\Users\abdou\Documents\M2 SEM\PFE\Analyse vibratoire\Programmes_mcu\OPAMP_DSP\DSP_Lib\Source\libarm_cortexM4lf_math.a(arm_common_tables.o)
                0x000000000801a440                twiddleCoef_rfft_256
 .rodata.armBitRevIndexTable256
                0x000000000801a840      0x370 C:\Users\abdou\Documents\M2 SEM\PFE\Analyse vibratoire\Programmes_mcu\OPAMP_DSP\DSP_Lib\Source\libarm_cortexM4lf_math.a(arm_common_tables.o)
                0x000000000801a840                armBitRevIndexTable256
 .rodata.twiddleCoef_rfft_128
                0x000000000801abb0      0x200 C:\Users\abdou\Documents\M2 SEM\PFE\Analyse vibratoire\Programmes_mcu\OPAMP_DSP\DSP_Lib\Source\libarm_cortexM4lf_math.a(arm_common_tables.o)
                0x000000000801abb0                twiddleCoef_rfft_128
 .rodata.armBitRevIndexTable128
                0x000000000801adb0      0x1a0 C:\Users\abdou\Documents\M2 SEM\PFE\Analyse vibratoire\Programmes_mcu\OPAMP_DSP\DSP_Lib\Source\libarm_cortexM4lf_math.a(arm_common_tables.o)
                0x000000000801adb0                armBitRevIndexTable128
 .rodata._svfprintf_r.str1.1
                0x000000000801af50       0x11 c:/st/stm32cubeide_1.3.0/stm32cubeide/plugins/com.st.stm32cube.ide.mcu.externaltools.gnu-tools-for-stm32.7-2018-q2-update.win32_1.5.0.202011040924/tools/bin/../lib/gcc/arm-none-eabi/7.3.1/../../../../arm-none-eabi/lib/thumb/v7e-m/fpv4-sp/hard\libc_nano.a(lib_a-nano-svfprintf.o)
 .rodata._printf_i.str1.1
                0x000000000801af61       0x22 c:/st/stm32cubeide_1.3.0/stm32cubeide/plugins/com.st.stm32cube.ide.mcu.externaltools.gnu-tools-for-stm32.7-2018-q2-update.win32_1.5.0.202011040924/tools/bin/../lib/gcc/arm-none-eabi/7.3.1/../../../../arm-none-eabi/lib/thumb/v7e-m/fpv4-sp/hard\libc_nano.a(lib_a-nano-vfprintf_i.o)
 .rodata.log10f.str1.1
                0x000000000801af83        0x7 c:/st/stm32cubeide_1.3.0/stm32cubeide/plugins/com.st.stm32cube.ide.mcu.externaltools.gnu-tools-for-stm32.7-2018-q2-update.win32_1.5.0.202011040924/tools/bin/../lib/gcc/arm-none-eabi/7.3.1/../../../../arm-none-eabi/lib/thumb/v7e-m/fpv4-sp/hard\libm.a(lib_a-wf_log10.o)
                                          0x8 (size before relaxing)
 .rodata.sqrtf.str1.1
                0x000000000801af8a        0x6 c:/st/stm32cubeide_1.3.0/stm32cubeide/plugins/com.st.stm32cube.ide.mcu.externaltools.gnu-tools-for-stm32.7-2018-q2-update.win32_1.5.0.202011040924/tools/bin/../lib/gcc/arm-none-eabi/7.3.1/../../../../arm-none-eabi/lib/thumb/v7e-m/fpv4-sp/hard\libm.a(lib_a-wf_sqrt.o)
                0x000000000801af90                . = ALIGN (0x4)

.ARM.extab      0x000000000801af90        0x0
                0x000000000801af90                . = ALIGN (0x4)
 *(.ARM.extab* .gnu.linkonce.armextab.*)
                0x000000000801af90                . = ALIGN (0x4)

.ARM            0x000000000801af90        0x8
                0x000000000801af90                . = ALIGN (0x4)
                0x000000000801af90                __exidx_start = .
 *(.ARM.exidx*)
 .ARM.exidx     0x000000000801af90        0x8 c:/st/stm32cubeide_1.3.0/stm32cubeide/plugins/com.st.stm32cube.ide.mcu.externaltools.gnu-tools-for-stm32.7-2018-q2-update.win32_1.5.0.202011040924/tools/bin/../lib/gcc/arm-none-eabi/7.3.1/thumb/v7e-m/fpv4-sp/hard\libgcc.a(_udivmoddi4.o)
                0x000000000801af98                __exidx_end = .
                0x000000000801af98                . = ALIGN (0x4)

.rel.dyn        0x000000000801af98        0x0
 .rel.iplt      0x000000000801af98        0x0 c:/st/stm32cubeide_1.3.0/stm32cubeide/plugins/com.st.stm32cube.ide.mcu.externaltools.gnu-tools-for-stm32.7-2018-q2-update.win32_1.5.0.202011040924/tools/bin/../lib/gcc/arm-none-eabi/7.3.1/thumb/v7e-m/fpv4-sp/hard/crtbegin.o

.preinit_array  0x000000000801af98        0x0
                0x000000000801af98                . = ALIGN (0x4)
                0x000000000801af98                PROVIDE (__preinit_array_start = .)
 *(.preinit_array*)
                0x000000000801af98                PROVIDE (__preinit_array_end = .)
                0x000000000801af98                . = ALIGN (0x4)

.init_array     0x000000000801af98        0x4
                0x000000000801af98                . = ALIGN (0x4)
                0x000000000801af98                PROVIDE (__init_array_start = .)
 *(SORT_BY_NAME(.init_array.*))
 *(.init_array*)
 .init_array    0x000000000801af98        0x4 c:/st/stm32cubeide_1.3.0/stm32cubeide/plugins/com.st.stm32cube.ide.mcu.externaltools.gnu-tools-for-stm32.7-2018-q2-update.win32_1.5.0.202011040924/tools/bin/../lib/gcc/arm-none-eabi/7.3.1/thumb/v7e-m/fpv4-sp/hard/crtbegin.o
                0x000000000801af9c                PROVIDE (__init_array_end = .)
                0x000000000801af9c                . = ALIGN (0x4)

.fini_array     0x000000000801af9c        0x4
                0x000000000801af9c                . = ALIGN (0x4)
                [!provide]                        PROVIDE (__fini_array_start = .)
 *(SORT_BY_NAME(.fini_array.*))
 *(.fini_array*)
 .fini_array    0x000000000801af9c        0x4 c:/st/stm32cubeide_1.3.0/stm32cubeide/plugins/com.st.stm32cube.ide.mcu.externaltools.gnu-tools-for-stm32.7-2018-q2-update.win32_1.5.0.202011040924/tools/bin/../lib/gcc/arm-none-eabi/7.3.1/thumb/v7e-m/fpv4-sp/hard/crtbegin.o
                [!provide]                        PROVIDE (__fini_array_end = .)
                0x000000000801afa0                . = ALIGN (0x4)
                0x000000000801afa0                _sidata = LOADADDR (.data)

.data           0x0000000020000000       0x74 load address 0x000000000801afa0
                0x0000000020000000                . = ALIGN (0x4)
                0x0000000020000000                _sdata = .
 *(.data)
 *(.data*)
 .data.SystemCoreClock
                0x0000000020000000        0x4 Core/Src/system_stm32l4xx.o
                0x0000000020000000                SystemCoreClock
 .data.uwTickPrio
                0x0000000020000004        0x4 Drivers/STM32L4xx_HAL_Driver/Src/stm32l4xx_hal.o
                0x0000000020000004                uwTickPrio
 .data.uwTickFreq
                0x0000000020000008        0x1 Drivers/STM32L4xx_HAL_Driver/Src/stm32l4xx_hal.o
                0x0000000020000008                uwTickFreq
 *fill*         0x0000000020000009        0x3 
 .data._impure_ptr
                0x000000002000000c        0x4 c:/st/stm32cubeide_1.3.0/stm32cubeide/plugins/com.st.stm32cube.ide.mcu.externaltools.gnu-tools-for-stm32.7-2018-q2-update.win32_1.5.0.202011040924/tools/bin/../lib/gcc/arm-none-eabi/7.3.1/../../../../arm-none-eabi/lib/thumb/v7e-m/fpv4-sp/hard\libc_nano.a(lib_a-impure.o)
                0x000000002000000c                _impure_ptr
 .data.impure_data
                0x0000000020000010       0x60 c:/st/stm32cubeide_1.3.0/stm32cubeide/plugins/com.st.stm32cube.ide.mcu.externaltools.gnu-tools-for-stm32.7-2018-q2-update.win32_1.5.0.202011040924/tools/bin/../lib/gcc/arm-none-eabi/7.3.1/../../../../arm-none-eabi/lib/thumb/v7e-m/fpv4-sp/hard\libc_nano.a(lib_a-impure.o)
 .data.__fdlib_version
                0x0000000020000070        0x1 c:/st/stm32cubeide_1.3.0/stm32cubeide/plugins/com.st.stm32cube.ide.mcu.externaltools.gnu-tools-for-stm32.7-2018-q2-update.win32_1.5.0.202011040924/tools/bin/../lib/gcc/arm-none-eabi/7.3.1/../../../../arm-none-eabi/lib/thumb/v7e-m/fpv4-sp/hard\libm.a(lib_a-s_lib_ver.o)
                0x0000000020000070                __fdlib_version
 *(.RamFunc)
 *(.RamFunc*)
                0x0000000020000074                . = ALIGN (0x4)
 *fill*         0x0000000020000071        0x3 
                0x0000000020000074                _edata = .

.igot.plt       0x0000000020000074        0x0 load address 0x000000000801b014
 .igot.plt      0x0000000020000074        0x0 c:/st/stm32cubeide_1.3.0/stm32cubeide/plugins/com.st.stm32cube.ide.mcu.externaltools.gnu-tools-for-stm32.7-2018-q2-update.win32_1.5.0.202011040924/tools/bin/../lib/gcc/arm-none-eabi/7.3.1/thumb/v7e-m/fpv4-sp/hard/crtbegin.o
                0x0000000020000074                . = ALIGN (0x4)

.bss            0x0000000020000074     0x924c load address 0x000000000801b014
                0x0000000020000074                _sbss = .
                0x0000000020000074                __bss_start__ = _sbss
 *(.bss)
 .bss           0x0000000020000074       0x1c c:/st/stm32cubeide_1.3.0/stm32cubeide/plugins/com.st.stm32cube.ide.mcu.externaltools.gnu-tools-for-stm32.7-2018-q2-update.win32_1.5.0.202011040924/tools/bin/../lib/gcc/arm-none-eabi/7.3.1/thumb/v7e-m/fpv4-sp/hard/crtbegin.o
 *(.bss*)
 .bss.adc_complete
                0x0000000020000090        0x1 Core/Src/main.o
                0x0000000020000090                adc_complete
 *fill*         0x0000000020000091        0x3 
 .bss.__sbrk_heap_end
                0x0000000020000094        0x4 Core/Src/sysmem.o
 .bss.__malloc_free_list
                0x0000000020000098        0x4 c:/st/stm32cubeide_1.3.0/stm32cubeide/plugins/com.st.stm32cube.ide.mcu.externaltools.gnu-tools-for-stm32.7-2018-q2-update.win32_1.5.0.202011040924/tools/bin/../lib/gcc/arm-none-eabi/7.3.1/../../../../arm-none-eabi/lib/thumb/v7e-m/fpv4-sp/hard\libc_nano.a(lib_a-nano-mallocr.o)
                0x0000000020000098                __malloc_free_list
 .bss.__malloc_sbrk_start
                0x000000002000009c        0x4 c:/st/stm32cubeide_1.3.0/stm32cubeide/plugins/com.st.stm32cube.ide.mcu.externaltools.gnu-tools-for-stm32.7-2018-q2-update.win32_1.5.0.202011040924/tools/bin/../lib/gcc/arm-none-eabi/7.3.1/../../../../arm-none-eabi/lib/thumb/v7e-m/fpv4-sp/hard\libc_nano.a(lib_a-nano-mallocr.o)
                0x000000002000009c                __malloc_sbrk_start
 *(COMMON)
 COMMON         0x00000000200000a0     0x9218 Core/Src/main.o
                0x00000000200000a0                hdac1
                0x00000000200000b4                adc_buffer_float
                0x00000000200020b4                message
                0x00000000200020f4                hopamp1
                0x0000000020002128                hadc1
                0x000000002000218c                huart1
                0x000000002000220c                hdma_adc1
                0x0000000020002254                adc_buffer
                0x0000000020003254                fft_inst
                0x000000002000326c                htim1
                0x00000000200032b8                fft_out_buf
                0x00000000200072b8                freqs
 COMMON         0x00000000200092b8        0x4 Drivers/STM32L4xx_HAL_Driver/Src/stm32l4xx_hal.o
                0x00000000200092b8                uwTick
 COMMON         0x00000000200092bc        0x4 c:/st/stm32cubeide_1.3.0/stm32cubeide/plugins/com.st.stm32cube.ide.mcu.externaltools.gnu-tools-for-stm32.7-2018-q2-update.win32_1.5.0.202011040924/tools/bin/../lib/gcc/arm-none-eabi/7.3.1/../../../../arm-none-eabi/lib/thumb/v7e-m/fpv4-sp/hard\libc_nano.a(lib_a-reent.o)
                0x00000000200092bc                errno
                0x00000000200092c0                . = ALIGN (0x4)
                0x00000000200092c0                _ebss = .
                0x00000000200092c0                __bss_end__ = _ebss

._user_heap_stack
                0x00000000200092c0      0x600 load address 0x000000000801b014
                0x00000000200092c0                . = ALIGN (0x8)
                [!provide]                        PROVIDE (end = .)
                0x00000000200092c0                PROVIDE (_end = .)
                0x00000000200094c0                . = (. + _Min_Heap_Size)
 *fill*         0x00000000200092c0      0x200 
                0x00000000200098c0                . = (. + _Min_Stack_Size)
 *fill*         0x00000000200094c0      0x400 
                0x00000000200098c0                . = ALIGN (0x8)

/DISCARD/
 libc.a(*)
 libm.a(*)
 libgcc.a(*)

.ARM.attributes
                0x0000000000000000       0x30
 *(.ARM.attributes)
 .ARM.attributes
                0x0000000000000000       0x22 c:/st/stm32cubeide_1.3.0/stm32cubeide/plugins/com.st.stm32cube.ide.mcu.externaltools.gnu-tools-for-stm32.7-2018-q2-update.win32_1.5.0.202011040924/tools/bin/../lib/gcc/arm-none-eabi/7.3.1/thumb/v7e-m/fpv4-sp/hard/crti.o
 .ARM.attributes
                0x0000000000000022       0x34 c:/st/stm32cubeide_1.3.0/stm32cubeide/plugins/com.st.stm32cube.ide.mcu.externaltools.gnu-tools-for-stm32.7-2018-q2-update.win32_1.5.0.202011040924/tools/bin/../lib/gcc/arm-none-eabi/7.3.1/thumb/v7e-m/fpv4-sp/hard/crtbegin.o
 .ARM.attributes
                0x0000000000000056       0x39 Core/Src/main.o
 .ARM.attributes
                0x000000000000008f       0x39 Core/Src/stm32l4xx_hal_msp.o
 .ARM.attributes
                0x00000000000000c8       0x39 Core/Src/stm32l4xx_it.o
 .ARM.attributes
                0x0000000000000101       0x39 Core/Src/sysmem.o
 .ARM.attributes
                0x000000000000013a       0x39 Core/Src/system_stm32l4xx.o
 .ARM.attributes
                0x0000000000000173       0x21 Core/Startup/startup_stm32l433cctx.o
 .ARM.attributes
                0x0000000000000194       0x39 Drivers/STM32L4xx_HAL_Driver/Src/stm32l4xx_hal.o
 .ARM.attributes
                0x00000000000001cd       0x39 Drivers/STM32L4xx_HAL_Driver/Src/stm32l4xx_hal_adc.o
 .ARM.attributes
                0x0000000000000206       0x39 Drivers/STM32L4xx_HAL_Driver/Src/stm32l4xx_hal_adc_ex.o
 .ARM.attributes
                0x000000000000023f       0x39 Drivers/STM32L4xx_HAL_Driver/Src/stm32l4xx_hal_cortex.o
 .ARM.attributes
                0x0000000000000278       0x39 Drivers/STM32L4xx_HAL_Driver/Src/stm32l4xx_hal_dac.o
 .ARM.attributes
                0x00000000000002b1       0x39 Drivers/STM32L4xx_HAL_Driver/Src/stm32l4xx_hal_dma.o
 .ARM.attributes
                0x00000000000002ea       0x39 Drivers/STM32L4xx_HAL_Driver/Src/stm32l4xx_hal_gpio.o
 .ARM.attributes
                0x0000000000000323       0x39 Drivers/STM32L4xx_HAL_Driver/Src/stm32l4xx_hal_opamp.o
 .ARM.attributes
                0x000000000000035c       0x39 Drivers/STM32L4xx_HAL_Driver/Src/stm32l4xx_hal_pwr_ex.o
 .ARM.attributes
                0x0000000000000395       0x39 Drivers/STM32L4xx_HAL_Driver/Src/stm32l4xx_hal_rcc.o
 .ARM.attributes
                0x00000000000003ce       0x39 Drivers/STM32L4xx_HAL_Driver/Src/stm32l4xx_hal_rcc_ex.o
 .ARM.attributes
                0x0000000000000407       0x39 Drivers/STM32L4xx_HAL_Driver/Src/stm32l4xx_hal_tim.o
 .ARM.attributes
                0x0000000000000440       0x39 Drivers/STM32L4xx_HAL_Driver/Src/stm32l4xx_hal_tim_ex.o
 .ARM.attributes
                0x0000000000000479       0x39 Drivers/STM32L4xx_HAL_Driver/Src/stm32l4xx_hal_uart.o
 .ARM.attributes
                0x00000000000004b2       0x39 C:\Users\abdou\Documents\M2 SEM\PFE\Analyse vibratoire\Programmes_mcu\OPAMP_DSP\DSP_Lib\Source\libarm_cortexM4lf_math.a(arm_rfft_fast_init_f32.o)
 .ARM.attributes
                0x00000000000004eb       0x39 C:\Users\abdou\Documents\M2 SEM\PFE\Analyse vibratoire\Programmes_mcu\OPAMP_DSP\DSP_Lib\Source\libarm_cortexM4lf_math.a(arm_rfft_fast_f32.o)
 .ARM.attributes
                0x0000000000000524       0x39 C:\Users\abdou\Documents\M2 SEM\PFE\Analyse vibratoire\Programmes_mcu\OPAMP_DSP\DSP_Lib\Source\libarm_cortexM4lf_math.a(arm_cfft_f32.o)
 .ARM.attributes
                0x000000000000055d       0x39 C:\Users\abdou\Documents\M2 SEM\PFE\Analyse vibratoire\Programmes_mcu\OPAMP_DSP\DSP_Lib\Source\libarm_cortexM4lf_math.a(arm_common_tables.o)
 .ARM.attributes
                0x0000000000000596       0x25 C:\Users\abdou\Documents\M2 SEM\PFE\Analyse vibratoire\Programmes_mcu\OPAMP_DSP\DSP_Lib\Source\libarm_cortexM4lf_math.a(arm_bitreversal2.o)
 .ARM.attributes
                0x00000000000005bb       0x39 C:\Users\abdou\Documents\M2 SEM\PFE\Analyse vibratoire\Programmes_mcu\OPAMP_DSP\DSP_Lib\Source\libarm_cortexM4lf_math.a(arm_cfft_radix8_f32.o)
 .ARM.attributes
                0x00000000000005f4       0x34 c:/st/stm32cubeide_1.3.0/stm32cubeide/plugins/com.st.stm32cube.ide.mcu.externaltools.gnu-tools-for-stm32.7-2018-q2-update.win32_1.5.0.202011040924/tools/bin/../lib/gcc/arm-none-eabi/7.3.1/../../../../arm-none-eabi/lib/thumb/v7e-m/fpv4-sp/hard\libc_nano.a(lib_a-errno.o)
 .ARM.attributes
                0x0000000000000628       0x34 c:/st/stm32cubeide_1.3.0/stm32cubeide/plugins/com.st.stm32cube.ide.mcu.externaltools.gnu-tools-for-stm32.7-2018-q2-update.win32_1.5.0.202011040924/tools/bin/../lib/gcc/arm-none-eabi/7.3.1/../../../../arm-none-eabi/lib/thumb/v7e-m/fpv4-sp/hard\libc_nano.a(lib_a-impure.o)
 .ARM.attributes
                0x000000000000065c       0x34 c:/st/stm32cubeide_1.3.0/stm32cubeide/plugins/com.st.stm32cube.ide.mcu.externaltools.gnu-tools-for-stm32.7-2018-q2-update.win32_1.5.0.202011040924/tools/bin/../lib/gcc/arm-none-eabi/7.3.1/../../../../arm-none-eabi/lib/thumb/v7e-m/fpv4-sp/hard\libc_nano.a(lib_a-init.o)
 .ARM.attributes
                0x0000000000000690       0x34 c:/st/stm32cubeide_1.3.0/stm32cubeide/plugins/com.st.stm32cube.ide.mcu.externaltools.gnu-tools-for-stm32.7-2018-q2-update.win32_1.5.0.202011040924/tools/bin/../lib/gcc/arm-none-eabi/7.3.1/../../../../arm-none-eabi/lib/thumb/v7e-m/fpv4-sp/hard\libc_nano.a(lib_a-memset.o)
 .ARM.attributes
                0x00000000000006c4       0x34 c:/st/stm32cubeide_1.3.0/stm32cubeide/plugins/com.st.stm32cube.ide.mcu.externaltools.gnu-tools-for-stm32.7-2018-q2-update.win32_1.5.0.202011040924/tools/bin/../lib/gcc/arm-none-eabi/7.3.1/../../../../arm-none-eabi/lib/thumb/v7e-m/fpv4-sp/hard\libc_nano.a(lib_a-sprintf.o)
 .ARM.attributes
                0x00000000000006f8       0x1b c:/st/stm32cubeide_1.3.0/stm32cubeide/plugins/com.st.stm32cube.ide.mcu.externaltools.gnu-tools-for-stm32.7-2018-q2-update.win32_1.5.0.202011040924/tools/bin/../lib/gcc/arm-none-eabi/7.3.1/../../../../arm-none-eabi/lib/thumb/v7e-m/fpv4-sp/hard\libc_nano.a(lib_a-strlen.o)
 .ARM.attributes
                0x0000000000000713       0x34 c:/st/stm32cubeide_1.3.0/stm32cubeide/plugins/com.st.stm32cube.ide.mcu.externaltools.gnu-tools-for-stm32.7-2018-q2-update.win32_1.5.0.202011040924/tools/bin/../lib/gcc/arm-none-eabi/7.3.1/../../../../arm-none-eabi/lib/thumb/v7e-m/fpv4-sp/hard\libc_nano.a(lib_a-nano-svfprintf.o)
 .ARM.attributes
                0x0000000000000747       0x34 c:/st/stm32cubeide_1.3.0/stm32cubeide/plugins/com.st.stm32cube.ide.mcu.externaltools.gnu-tools-for-stm32.7-2018-q2-update.win32_1.5.0.202011040924/tools/bin/../lib/gcc/arm-none-eabi/7.3.1/../../../../arm-none-eabi/lib/thumb/v7e-m/fpv4-sp/hard\libc_nano.a(lib_a-nano-vfprintf_i.o)
 .ARM.attributes
                0x000000000000077b       0x20 c:/st/stm32cubeide_1.3.0/stm32cubeide/plugins/com.st.stm32cube.ide.mcu.externaltools.gnu-tools-for-stm32.7-2018-q2-update.win32_1.5.0.202011040924/tools/bin/../lib/gcc/arm-none-eabi/7.3.1/../../../../arm-none-eabi/lib/thumb/v7e-m/fpv4-sp/hard\libc_nano.a(lib_a-memchr.o)
 .ARM.attributes
                0x000000000000079b       0x34 c:/st/stm32cubeide_1.3.0/stm32cubeide/plugins/com.st.stm32cube.ide.mcu.externaltools.gnu-tools-for-stm32.7-2018-q2-update.win32_1.5.0.202011040924/tools/bin/../lib/gcc/arm-none-eabi/7.3.1/../../../../arm-none-eabi/lib/thumb/v7e-m/fpv4-sp/hard\libc_nano.a(lib_a-memcpy-stub.o)
 .ARM.attributes
                0x00000000000007cf       0x34 c:/st/stm32cubeide_1.3.0/stm32cubeide/plugins/com.st.stm32cube.ide.mcu.externaltools.gnu-tools-for-stm32.7-2018-q2-update.win32_1.5.0.202011040924/tools/bin/../lib/gcc/arm-none-eabi/7.3.1/../../../../arm-none-eabi/lib/thumb/v7e-m/fpv4-sp/hard\libc_nano.a(lib_a-memmove.o)
 .ARM.attributes
                0x0000000000000803       0x34 c:/st/stm32cubeide_1.3.0/stm32cubeide/plugins/com.st.stm32cube.ide.mcu.externaltools.gnu-tools-for-stm32.7-2018-q2-update.win32_1.5.0.202011040924/tools/bin/../lib/gcc/arm-none-eabi/7.3.1/../../../../arm-none-eabi/lib/thumb/v7e-m/fpv4-sp/hard\libc_nano.a(lib_a-nano-freer.o)
 .ARM.attributes
                0x0000000000000837       0x34 c:/st/stm32cubeide_1.3.0/stm32cubeide/plugins/com.st.stm32cube.ide.mcu.externaltools.gnu-tools-for-stm32.7-2018-q2-update.win32_1.5.0.202011040924/tools/bin/../lib/gcc/arm-none-eabi/7.3.1/../../../../arm-none-eabi/lib/thumb/v7e-m/fpv4-sp/hard\libc_nano.a(lib_a-nano-mallocr.o)
 .ARM.attributes
                0x000000000000086b       0x34 c:/st/stm32cubeide_1.3.0/stm32cubeide/plugins/com.st.stm32cube.ide.mcu.externaltools.gnu-tools-for-stm32.7-2018-q2-update.win32_1.5.0.202011040924/tools/bin/../lib/gcc/arm-none-eabi/7.3.1/../../../../arm-none-eabi/lib/thumb/v7e-m/fpv4-sp/hard\libc_nano.a(lib_a-nano-reallocr.o)
 .ARM.attributes
                0x000000000000089f       0x34 c:/st/stm32cubeide_1.3.0/stm32cubeide/plugins/com.st.stm32cube.ide.mcu.externaltools.gnu-tools-for-stm32.7-2018-q2-update.win32_1.5.0.202011040924/tools/bin/../lib/gcc/arm-none-eabi/7.3.1/../../../../arm-none-eabi/lib/thumb/v7e-m/fpv4-sp/hard\libc_nano.a(lib_a-sbrkr.o)
 .ARM.attributes
                0x00000000000008d3       0x34 c:/st/stm32cubeide_1.3.0/stm32cubeide/plugins/com.st.stm32cube.ide.mcu.externaltools.gnu-tools-for-stm32.7-2018-q2-update.win32_1.5.0.202011040924/tools/bin/../lib/gcc/arm-none-eabi/7.3.1/../../../../arm-none-eabi/lib/thumb/v7e-m/fpv4-sp/hard\libc_nano.a(lib_a-mlock.o)
 .ARM.attributes
                0x0000000000000907       0x34 c:/st/stm32cubeide_1.3.0/stm32cubeide/plugins/com.st.stm32cube.ide.mcu.externaltools.gnu-tools-for-stm32.7-2018-q2-update.win32_1.5.0.202011040924/tools/bin/../lib/gcc/arm-none-eabi/7.3.1/../../../../arm-none-eabi/lib/thumb/v7e-m/fpv4-sp/hard\libc_nano.a(lib_a-nano-msizer.o)
 .ARM.attributes
                0x000000000000093b       0x34 c:/st/stm32cubeide_1.3.0/stm32cubeide/plugins/com.st.stm32cube.ide.mcu.externaltools.gnu-tools-for-stm32.7-2018-q2-update.win32_1.5.0.202011040924/tools/bin/../lib/gcc/arm-none-eabi/7.3.1/../../../../arm-none-eabi/lib/thumb/v7e-m/fpv4-sp/hard\libc_nano.a(lib_a-reent.o)
 .ARM.attributes
                0x000000000000096f       0x34 c:/st/stm32cubeide_1.3.0/stm32cubeide/plugins/com.st.stm32cube.ide.mcu.externaltools.gnu-tools-for-stm32.7-2018-q2-update.win32_1.5.0.202011040924/tools/bin/../lib/gcc/arm-none-eabi/7.3.1/../../../../arm-none-eabi/lib/thumb/v7e-m/fpv4-sp/hard\libm.a(lib_a-wf_log10.o)
 .ARM.attributes
                0x00000000000009a3       0x34 c:/st/stm32cubeide_1.3.0/stm32cubeide/plugins/com.st.stm32cube.ide.mcu.externaltools.gnu-tools-for-stm32.7-2018-q2-update.win32_1.5.0.202011040924/tools/bin/../lib/gcc/arm-none-eabi/7.3.1/../../../../arm-none-eabi/lib/thumb/v7e-m/fpv4-sp/hard\libm.a(lib_a-wf_sqrt.o)
 .ARM.attributes
                0x00000000000009d7       0x34 c:/st/stm32cubeide_1.3.0/stm32cubeide/plugins/com.st.stm32cube.ide.mcu.externaltools.gnu-tools-for-stm32.7-2018-q2-update.win32_1.5.0.202011040924/tools/bin/../lib/gcc/arm-none-eabi/7.3.1/../../../../arm-none-eabi/lib/thumb/v7e-m/fpv4-sp/hard\libm.a(lib_a-ef_log10.o)
 .ARM.attributes
                0x0000000000000a0b       0x34 c:/st/stm32cubeide_1.3.0/stm32cubeide/plugins/com.st.stm32cube.ide.mcu.externaltools.gnu-tools-for-stm32.7-2018-q2-update.win32_1.5.0.202011040924/tools/bin/../lib/gcc/arm-none-eabi/7.3.1/../../../../arm-none-eabi/lib/thumb/v7e-m/fpv4-sp/hard\libm.a(lib_a-ef_sqrt.o)
 .ARM.attributes
                0x0000000000000a3f       0x34 c:/st/stm32cubeide_1.3.0/stm32cubeide/plugins/com.st.stm32cube.ide.mcu.externaltools.gnu-tools-for-stm32.7-2018-q2-update.win32_1.5.0.202011040924/tools/bin/../lib/gcc/arm-none-eabi/7.3.1/../../../../arm-none-eabi/lib/thumb/v7e-m/fpv4-sp/hard\libm.a(lib_a-s_lib_ver.o)
 .ARM.attributes
                0x0000000000000a73       0x34 c:/st/stm32cubeide_1.3.0/stm32cubeide/plugins/com.st.stm32cube.ide.mcu.externaltools.gnu-tools-for-stm32.7-2018-q2-update.win32_1.5.0.202011040924/tools/bin/../lib/gcc/arm-none-eabi/7.3.1/../../../../arm-none-eabi/lib/thumb/v7e-m/fpv4-sp/hard\libm.a(lib_a-s_matherr.o)
 .ARM.attributes
                0x0000000000000aa7       0x34 c:/st/stm32cubeide_1.3.0/stm32cubeide/plugins/com.st.stm32cube.ide.mcu.externaltools.gnu-tools-for-stm32.7-2018-q2-update.win32_1.5.0.202011040924/tools/bin/../lib/gcc/arm-none-eabi/7.3.1/../../../../arm-none-eabi/lib/thumb/v7e-m/fpv4-sp/hard\libm.a(lib_a-s_nan.o)
 .ARM.attributes
                0x0000000000000adb       0x34 c:/st/stm32cubeide_1.3.0/stm32cubeide/plugins/com.st.stm32cube.ide.mcu.externaltools.gnu-tools-for-stm32.7-2018-q2-update.win32_1.5.0.202011040924/tools/bin/../lib/gcc/arm-none-eabi/7.3.1/../../../../arm-none-eabi/lib/thumb/v7e-m/fpv4-sp/hard\libm.a(lib_a-ef_log.o)
 .ARM.attributes
                0x0000000000000b0f       0x22 c:/st/stm32cubeide_1.3.0/stm32cubeide/plugins/com.st.stm32cube.ide.mcu.externaltools.gnu-tools-for-stm32.7-2018-q2-update.win32_1.5.0.202011040924/tools/bin/../lib/gcc/arm-none-eabi/7.3.1/thumb/v7e-m/fpv4-sp/hard\libgcc.a(_arm_addsubdf3.o)
 .ARM.attributes
                0x0000000000000b31       0x22 c:/st/stm32cubeide_1.3.0/stm32cubeide/plugins/com.st.stm32cube.ide.mcu.externaltools.gnu-tools-for-stm32.7-2018-q2-update.win32_1.5.0.202011040924/tools/bin/../lib/gcc/arm-none-eabi/7.3.1/thumb/v7e-m/fpv4-sp/hard\libgcc.a(_arm_muldivdf3.o)
 .ARM.attributes
                0x0000000000000b53       0x22 c:/st/stm32cubeide_1.3.0/stm32cubeide/plugins/com.st.stm32cube.ide.mcu.externaltools.gnu-tools-for-stm32.7-2018-q2-update.win32_1.5.0.202011040924/tools/bin/../lib/gcc/arm-none-eabi/7.3.1/thumb/v7e-m/fpv4-sp/hard\libgcc.a(_arm_truncdfsf2.o)
 .ARM.attributes
                0x0000000000000b75       0x22 c:/st/stm32cubeide_1.3.0/stm32cubeide/plugins/com.st.stm32cube.ide.mcu.externaltools.gnu-tools-for-stm32.7-2018-q2-update.win32_1.5.0.202011040924/tools/bin/../lib/gcc/arm-none-eabi/7.3.1/thumb/v7e-m/fpv4-sp/hard\libgcc.a(_aeabi_uldivmod.o)
 .ARM.attributes
                0x0000000000000b97       0x34 c:/st/stm32cubeide_1.3.0/stm32cubeide/plugins/com.st.stm32cube.ide.mcu.externaltools.gnu-tools-for-stm32.7-2018-q2-update.win32_1.5.0.202011040924/tools/bin/../lib/gcc/arm-none-eabi/7.3.1/thumb/v7e-m/fpv4-sp/hard\libgcc.a(_udivmoddi4.o)
 .ARM.attributes
                0x0000000000000bcb       0x22 c:/st/stm32cubeide_1.3.0/stm32cubeide/plugins/com.st.stm32cube.ide.mcu.externaltools.gnu-tools-for-stm32.7-2018-q2-update.win32_1.5.0.202011040924/tools/bin/../lib/gcc/arm-none-eabi/7.3.1/thumb/v7e-m/fpv4-sp/hard\libgcc.a(_dvmd_tls.o)
 .ARM.attributes
                0x0000000000000bed       0x22 c:/st/stm32cubeide_1.3.0/stm32cubeide/plugins/com.st.stm32cube.ide.mcu.externaltools.gnu-tools-for-stm32.7-2018-q2-update.win32_1.5.0.202011040924/tools/bin/../lib/gcc/arm-none-eabi/7.3.1/thumb/v7e-m/fpv4-sp/hard/crtn.o
OUTPUT(OPAMP_DSP.elf elf32-littlearm)

.debug_info     0x0000000000000000    0x16e93
 .debug_info    0x0000000000000000     0x273f Core/Src/main.o
 .debug_info    0x000000000000273f     0x182a Core/Src/stm32l4xx_hal_msp.o
 .debug_info    0x0000000000003f69      0x556 Core/Src/stm32l4xx_it.o
 .debug_info    0x00000000000044bf      0x985 Core/Src/sysmem.o
 .debug_info    0x0000000000004e44      0x734 Core/Src/system_stm32l4xx.o
 .debug_info    0x0000000000005578       0x22 Core/Startup/startup_stm32l433cctx.o
 .debug_info    0x000000000000559a      0xbd3 Drivers/STM32L4xx_HAL_Driver/Src/stm32l4xx_hal.o
 .debug_info    0x000000000000616d     0x1db5 Drivers/STM32L4xx_HAL_Driver/Src/stm32l4xx_hal_adc.o
 .debug_info    0x0000000000007f22     0x1926 Drivers/STM32L4xx_HAL_Driver/Src/stm32l4xx_hal_adc_ex.o
 .debug_info    0x0000000000009848      0xf13 Drivers/STM32L4xx_HAL_Driver/Src/stm32l4xx_hal_cortex.o
 .debug_info    0x000000000000a75b      0xbd0 Drivers/STM32L4xx_HAL_Driver/Src/stm32l4xx_hal_dac.o
 .debug_info    0x000000000000b32b      0x8f2 Drivers/STM32L4xx_HAL_Driver/Src/stm32l4xx_hal_dma.o
 .debug_info    0x000000000000bc1d      0x9c2 Drivers/STM32L4xx_HAL_Driver/Src/stm32l4xx_hal_gpio.o
 .debug_info    0x000000000000c5df      0x6d8 Drivers/STM32L4xx_HAL_Driver/Src/stm32l4xx_hal_opamp.o
 .debug_info    0x000000000000ccb7      0xadb Drivers/STM32L4xx_HAL_Driver/Src/stm32l4xx_hal_pwr_ex.o
 .debug_info    0x000000000000d792      0xcde Drivers/STM32L4xx_HAL_Driver/Src/stm32l4xx_hal_rcc.o
 .debug_info    0x000000000000e470     0x1023 Drivers/STM32L4xx_HAL_Driver/Src/stm32l4xx_hal_rcc_ex.o
 .debug_info    0x000000000000f493     0x2a61 Drivers/STM32L4xx_HAL_Driver/Src/stm32l4xx_hal_tim.o
 .debug_info    0x0000000000011ef4     0x167e Drivers/STM32L4xx_HAL_Driver/Src/stm32l4xx_hal_tim_ex.o
 .debug_info    0x0000000000013572     0x183d Drivers/STM32L4xx_HAL_Driver/Src/stm32l4xx_hal_uart.o
 .debug_info    0x0000000000014daf      0x4c3 C:\Users\abdou\Documents\M2 SEM\PFE\Analyse vibratoire\Programmes_mcu\OPAMP_DSP\DSP_Lib\Source\libarm_cortexM4lf_math.a(arm_rfft_fast_init_f32.o)
 .debug_info    0x0000000000015272      0x72d C:\Users\abdou\Documents\M2 SEM\PFE\Analyse vibratoire\Programmes_mcu\OPAMP_DSP\DSP_Lib\Source\libarm_cortexM4lf_math.a(arm_rfft_fast_f32.o)
 .debug_info    0x000000000001599f      0x6b9 C:\Users\abdou\Documents\M2 SEM\PFE\Analyse vibratoire\Programmes_mcu\OPAMP_DSP\DSP_Lib\Source\libarm_cortexM4lf_math.a(arm_cfft_f32.o)
 .debug_info    0x0000000000016058      0x99d C:\Users\abdou\Documents\M2 SEM\PFE\Analyse vibratoire\Programmes_mcu\OPAMP_DSP\DSP_Lib\Source\libarm_cortexM4lf_math.a(arm_common_tables.o)
 .debug_info    0x00000000000169f5       0x85 C:\Users\abdou\Documents\M2 SEM\PFE\Analyse vibratoire\Programmes_mcu\OPAMP_DSP\DSP_Lib\Source\libarm_cortexM4lf_math.a(arm_bitreversal2.o)
 .debug_info    0x0000000000016a7a      0x419 C:\Users\abdou\Documents\M2 SEM\PFE\Analyse vibratoire\Programmes_mcu\OPAMP_DSP\DSP_Lib\Source\libarm_cortexM4lf_math.a(arm_cfft_radix8_f32.o)

.debug_abbrev   0x0000000000000000     0x2c1b
 .debug_abbrev  0x0000000000000000      0x332 Core/Src/main.o
 .debug_abbrev  0x0000000000000332      0x1ef Core/Src/stm32l4xx_hal_msp.o
 .debug_abbrev  0x0000000000000521      0x149 Core/Src/stm32l4xx_it.o
 .debug_abbrev  0x000000000000066a      0x19b Core/Src/sysmem.o
 .debug_abbrev  0x0000000000000805      0x150 Core/Src/system_stm32l4xx.o
 .debug_abbrev  0x0000000000000955       0x12 Core/Startup/startup_stm32l433cctx.o
 .debug_abbrev  0x0000000000000967      0x1fb Drivers/STM32L4xx_HAL_Driver/Src/stm32l4xx_hal.o
 .debug_abbrev  0x0000000000000b62      0x25d Drivers/STM32L4xx_HAL_Driver/Src/stm32l4xx_hal_adc.o
 .debug_abbrev  0x0000000000000dbf      0x27d Drivers/STM32L4xx_HAL_Driver/Src/stm32l4xx_hal_adc_ex.o
 .debug_abbrev  0x000000000000103c      0x2fa Drivers/STM32L4xx_HAL_Driver/Src/stm32l4xx_hal_cortex.o
 .debug_abbrev  0x0000000000001336      0x1cc Drivers/STM32L4xx_HAL_Driver/Src/stm32l4xx_hal_dac.o
 .debug_abbrev  0x0000000000001502      0x1d9 Drivers/STM32L4xx_HAL_Driver/Src/stm32l4xx_hal_dma.o
 .debug_abbrev  0x00000000000016db      0x1c0 Drivers/STM32L4xx_HAL_Driver/Src/stm32l4xx_hal_gpio.o
 .debug_abbrev  0x000000000000189b      0x17d Drivers/STM32L4xx_HAL_Driver/Src/stm32l4xx_hal_opamp.o
 .debug_abbrev  0x0000000000001a18      0x1cb Drivers/STM32L4xx_HAL_Driver/Src/stm32l4xx_hal_pwr_ex.o
 .debug_abbrev  0x0000000000001be3      0x245 Drivers/STM32L4xx_HAL_Driver/Src/stm32l4xx_hal_rcc.o
 .debug_abbrev  0x0000000000001e28      0x238 Drivers/STM32L4xx_HAL_Driver/Src/stm32l4xx_hal_rcc_ex.o
 .debug_abbrev  0x0000000000002060      0x230 Drivers/STM32L4xx_HAL_Driver/Src/stm32l4xx_hal_tim.o
 .debug_abbrev  0x0000000000002290      0x236 Drivers/STM32L4xx_HAL_Driver/Src/stm32l4xx_hal_tim_ex.o
 .debug_abbrev  0x00000000000024c6      0x205 Drivers/STM32L4xx_HAL_Driver/Src/stm32l4xx_hal_uart.o
 .debug_abbrev  0x00000000000026cb       0xfd C:\Users\abdou\Documents\M2 SEM\PFE\Analyse vibratoire\Programmes_mcu\OPAMP_DSP\DSP_Lib\Source\libarm_cortexM4lf_math.a(arm_rfft_fast_init_f32.o)
 .debug_abbrev  0x00000000000027c8      0x188 C:\Users\abdou\Documents\M2 SEM\PFE\Analyse vibratoire\Programmes_mcu\OPAMP_DSP\DSP_Lib\Source\libarm_cortexM4lf_math.a(arm_rfft_fast_f32.o)
 .debug_abbrev  0x0000000000002950      0x18b C:\Users\abdou\Documents\M2 SEM\PFE\Analyse vibratoire\Programmes_mcu\OPAMP_DSP\DSP_Lib\Source\libarm_cortexM4lf_math.a(arm_cfft_f32.o)
 .debug_abbrev  0x0000000000002adb       0x84 C:\Users\abdou\Documents\M2 SEM\PFE\Analyse vibratoire\Programmes_mcu\OPAMP_DSP\DSP_Lib\Source\libarm_cortexM4lf_math.a(arm_common_tables.o)
 .debug_abbrev  0x0000000000002b5f       0x14 C:\Users\abdou\Documents\M2 SEM\PFE\Analyse vibratoire\Programmes_mcu\OPAMP_DSP\DSP_Lib\Source\libarm_cortexM4lf_math.a(arm_bitreversal2.o)
 .debug_abbrev  0x0000000000002b73       0xa8 C:\Users\abdou\Documents\M2 SEM\PFE\Analyse vibratoire\Programmes_mcu\OPAMP_DSP\DSP_Lib\Source\libarm_cortexM4lf_math.a(arm_cfft_radix8_f32.o)

.debug_aranges  0x0000000000000000     0x1478
 .debug_aranges
                0x0000000000000000       0x80 Core/Src/main.o
 .debug_aranges
                0x0000000000000080       0x70 Core/Src/stm32l4xx_hal_msp.o
 .debug_aranges
                0x00000000000000f0       0x68 Core/Src/stm32l4xx_it.o
 .debug_aranges
                0x0000000000000158       0x20 Core/Src/sysmem.o
 .debug_aranges
                0x0000000000000178       0x28 Core/Src/system_stm32l4xx.o
 .debug_aranges
                0x00000000000001a0       0x28 Core/Startup/startup_stm32l433cctx.o
 .debug_aranges
                0x00000000000001c8      0x130 Drivers/STM32L4xx_HAL_Driver/Src/stm32l4xx_hal.o
 .debug_aranges
                0x00000000000002f8      0x210 Drivers/STM32L4xx_HAL_Driver/Src/stm32l4xx_hal_adc.o
 .debug_aranges
                0x0000000000000508      0x170 Drivers/STM32L4xx_HAL_Driver/Src/stm32l4xx_hal_adc_ex.o
 .debug_aranges
                0x0000000000000678      0x118 Drivers/STM32L4xx_HAL_Driver/Src/stm32l4xx_hal_cortex.o
 .debug_aranges
                0x0000000000000790       0xc0 Drivers/STM32L4xx_HAL_Driver/Src/stm32l4xx_hal_dac.o
 .debug_aranges
                0x0000000000000850       0x80 Drivers/STM32L4xx_HAL_Driver/Src/stm32l4xx_hal_dma.o
 .debug_aranges
                0x00000000000008d0       0x58 Drivers/STM32L4xx_HAL_Driver/Src/stm32l4xx_hal_gpio.o
 .debug_aranges
                0x0000000000000928       0x68 Drivers/STM32L4xx_HAL_Driver/Src/stm32l4xx_hal_opamp.o
 .debug_aranges
                0x0000000000000990      0x128 Drivers/STM32L4xx_HAL_Driver/Src/stm32l4xx_hal_pwr_ex.o
 .debug_aranges
                0x0000000000000ab8       0x88 Drivers/STM32L4xx_HAL_Driver/Src/stm32l4xx_hal_rcc.o
 .debug_aranges
                0x0000000000000b40       0xf0 Drivers/STM32L4xx_HAL_Driver/Src/stm32l4xx_hal_rcc_ex.o
 .debug_aranges
                0x0000000000000c30      0x3e0 Drivers/STM32L4xx_HAL_Driver/Src/stm32l4xx_hal_tim.o
 .debug_aranges
                0x0000000000001010      0x180 Drivers/STM32L4xx_HAL_Driver/Src/stm32l4xx_hal_tim_ex.o
 .debug_aranges
                0x0000000000001190      0x210 Drivers/STM32L4xx_HAL_Driver/Src/stm32l4xx_hal_uart.o
 .debug_aranges
                0x00000000000013a0       0x20 C:\Users\abdou\Documents\M2 SEM\PFE\Analyse vibratoire\Programmes_mcu\OPAMP_DSP\DSP_Lib\Source\libarm_cortexM4lf_math.a(arm_rfft_fast_init_f32.o)
 .debug_aranges
                0x00000000000013c0       0x30 C:\Users\abdou\Documents\M2 SEM\PFE\Analyse vibratoire\Programmes_mcu\OPAMP_DSP\DSP_Lib\Source\libarm_cortexM4lf_math.a(arm_rfft_fast_f32.o)
 .debug_aranges
                0x00000000000013f0       0x30 C:\Users\abdou\Documents\M2 SEM\PFE\Analyse vibratoire\Programmes_mcu\OPAMP_DSP\DSP_Lib\Source\libarm_cortexM4lf_math.a(arm_cfft_f32.o)
 .debug_aranges
                0x0000000000001420       0x18 C:\Users\abdou\Documents\M2 SEM\PFE\Analyse vibratoire\Programmes_mcu\OPAMP_DSP\DSP_Lib\Source\libarm_cortexM4lf_math.a(arm_common_tables.o)
 .debug_aranges
                0x0000000000001438       0x20 C:\Users\abdou\Documents\M2 SEM\PFE\Analyse vibratoire\Programmes_mcu\OPAMP_DSP\DSP_Lib\Source\libarm_cortexM4lf_math.a(arm_bitreversal2.o)
 .debug_aranges
                0x0000000000001458       0x20 C:\Users\abdou\Documents\M2 SEM\PFE\Analyse vibratoire\Programmes_mcu\OPAMP_DSP\DSP_Lib\Source\libarm_cortexM4lf_math.a(arm_cfft_radix8_f32.o)

.debug_ranges   0x0000000000000000     0x12c8
 .debug_ranges  0x0000000000000000       0x70 Core/Src/main.o
 .debug_ranges  0x0000000000000070       0x60 Core/Src/stm32l4xx_hal_msp.o
 .debug_ranges  0x00000000000000d0       0x58 Core/Src/stm32l4xx_it.o
 .debug_ranges  0x0000000000000128       0x10 Core/Src/sysmem.o
 .debug_ranges  0x0000000000000138       0x18 Core/Src/system_stm32l4xx.o
 .debug_ranges  0x0000000000000150       0x20 Core/Startup/startup_stm32l433cctx.o
 .debug_ranges  0x0000000000000170      0x120 Drivers/STM32L4xx_HAL_Driver/Src/stm32l4xx_hal.o
 .debug_ranges  0x0000000000000290      0x200 Drivers/STM32L4xx_HAL_Driver/Src/stm32l4xx_hal_adc.o
 .debug_ranges  0x0000000000000490      0x160 Drivers/STM32L4xx_HAL_Driver/Src/stm32l4xx_hal_adc_ex.o
 .debug_ranges  0x00000000000005f0      0x108 Drivers/STM32L4xx_HAL_Driver/Src/stm32l4xx_hal_cortex.o
 .debug_ranges  0x00000000000006f8       0xb0 Drivers/STM32L4xx_HAL_Driver/Src/stm32l4xx_hal_dac.o
 .debug_ranges  0x00000000000007a8       0x70 Drivers/STM32L4xx_HAL_Driver/Src/stm32l4xx_hal_dma.o
 .debug_ranges  0x0000000000000818       0x48 Drivers/STM32L4xx_HAL_Driver/Src/stm32l4xx_hal_gpio.o
 .debug_ranges  0x0000000000000860       0x58 Drivers/STM32L4xx_HAL_Driver/Src/stm32l4xx_hal_opamp.o
 .debug_ranges  0x00000000000008b8      0x118 Drivers/STM32L4xx_HAL_Driver/Src/stm32l4xx_hal_pwr_ex.o
 .debug_ranges  0x00000000000009d0       0x78 Drivers/STM32L4xx_HAL_Driver/Src/stm32l4xx_hal_rcc.o
 .debug_ranges  0x0000000000000a48       0xe0 Drivers/STM32L4xx_HAL_Driver/Src/stm32l4xx_hal_rcc_ex.o
 .debug_ranges  0x0000000000000b28      0x3d0 Drivers/STM32L4xx_HAL_Driver/Src/stm32l4xx_hal_tim.o
 .debug_ranges  0x0000000000000ef8      0x170 Drivers/STM32L4xx_HAL_Driver/Src/stm32l4xx_hal_tim_ex.o
 .debug_ranges  0x0000000000001068      0x200 Drivers/STM32L4xx_HAL_Driver/Src/stm32l4xx_hal_uart.o
 .debug_ranges  0x0000000000001268       0x10 C:\Users\abdou\Documents\M2 SEM\PFE\Analyse vibratoire\Programmes_mcu\OPAMP_DSP\DSP_Lib\Source\libarm_cortexM4lf_math.a(arm_rfft_fast_init_f32.o)
 .debug_ranges  0x0000000000001278       0x20 C:\Users\abdou\Documents\M2 SEM\PFE\Analyse vibratoire\Programmes_mcu\OPAMP_DSP\DSP_Lib\Source\libarm_cortexM4lf_math.a(arm_rfft_fast_f32.o)