main.c:92:5:main	24	static
main.c:175:6:SystemClock_Config	192	static
main.c:237:13:MX_ADC1_Init	32	static
main.c:293:13:MX_DAC1_Init	48	static
main.c:334:13:MX_OPAMP1_Init	8	static
main.c:366:13:MX_TIM1_Init	40	static
main.c:413:13:MX_USART1_UART_Init	8	static
main.c:446:13:MX_DMA_Init	16	static
main.c:464:13:MX_GPIO_Init	16	static
main.c:481:7:complexABS	16	static
main.c:490:6:DoFFT	24	static
main.c:509:6:HAL_ADC_ConvCpltCallback	16	static
main.c:519:6:Error_Handler	4	static,ignoring_inline_asm
